Archive member included to satisfy reference by file (symbol)

C:/ST/STM32CubeIDE_1.19.0/STM32CubeIDE/plugins/com.st.stm32cube.ide.mcu.externaltools.gnu-tools-for-stm32.13.3.rel1.win32_1.0.0.202411081344/tools/bin/../lib/gcc/arm-none-eabi/13.3.1/../../../../arm-none-eabi/lib/thumb/v6-m/nofp\libc_nano.a(libc_a-exit.o)
                              C:/ST/STM32CubeIDE_1.19.0/STM32CubeIDE/plugins/com.st.stm32cube.ide.mcu.externaltools.gnu-tools-for-stm32.13.3.rel1.win32_1.0.0.202411081344/tools/bin/../lib/gcc/arm-none-eabi/13.3.1/../../../../arm-none-eabi/lib/thumb/v6-m/nofp/crt0.o (exit)
C:/ST/STM32CubeIDE_1.19.0/STM32CubeIDE/plugins/com.st.stm32cube.ide.mcu.externaltools.gnu-tools-for-stm32.13.3.rel1.win32_1.0.0.202411081344/tools/bin/../lib/gcc/arm-none-eabi/13.3.1/../../../../arm-none-eabi/lib/thumb/v6-m/nofp\libc_nano.a(libc_a-nano-vfprintf_float.o)
                              (_printf_float)
C:/ST/STM32CubeIDE_1.19.0/STM32CubeIDE/plugins/com.st.stm32cube.ide.mcu.externaltools.gnu-tools-for-stm32.13.3.rel1.win32_1.0.0.202411081344/tools/bin/../lib/gcc/arm-none-eabi/13.3.1/../../../../arm-none-eabi/lib/thumb/v6-m/nofp\libc_nano.a(libc_a-nano-vfprintf_i.o)
                              C:/ST/STM32CubeIDE_1.19.0/STM32CubeIDE/plugins/com.st.stm32cube.ide.mcu.externaltools.gnu-tools-for-stm32.13.3.rel1.win32_1.0.0.202411081344/tools/bin/../lib/gcc/arm-none-eabi/13.3.1/../../../../arm-none-eabi/lib/thumb/v6-m/nofp\libc_nano.a(libc_a-nano-vfprintf_float.o) (_printf_common)
C:/ST/STM32CubeIDE_1.19.0/STM32CubeIDE/plugins/com.st.stm32cube.ide.mcu.externaltools.gnu-tools-for-stm32.13.3.rel1.win32_1.0.0.202411081344/tools/bin/../lib/gcc/arm-none-eabi/13.3.1/../../../../arm-none-eabi/lib/thumb/v6-m/nofp\libc_nano.a(libc_a-nano-vfscanf_float.o)
                              (_scanf_float)
C:/ST/STM32CubeIDE_1.19.0/STM32CubeIDE/plugins/com.st.stm32cube.ide.mcu.externaltools.gnu-tools-for-stm32.13.3.rel1.win32_1.0.0.202411081344/tools/bin/../lib/gcc/arm-none-eabi/13.3.1/../../../../arm-none-eabi/lib/thumb/v6-m/nofp\libc_nano.a(libc_a-findfp.o)
                              C:/ST/STM32CubeIDE_1.19.0/STM32CubeIDE/plugins/com.st.stm32cube.ide.mcu.externaltools.gnu-tools-for-stm32.13.3.rel1.win32_1.0.0.202411081344/tools/bin/../lib/gcc/arm-none-eabi/13.3.1/../../../../arm-none-eabi/lib/thumb/v6-m/nofp\libc_nano.a(libc_a-exit.o) (__stdio_exit_handler)
C:/ST/STM32CubeIDE_1.19.0/STM32CubeIDE/plugins/com.st.stm32cube.ide.mcu.externaltools.gnu-tools-for-stm32.13.3.rel1.win32_1.0.0.202411081344/tools/bin/../lib/gcc/arm-none-eabi/13.3.1/../../../../arm-none-eabi/lib/thumb/v6-m/nofp\libc_nano.a(libc_a-fwalk.o)
                              C:/ST/STM32CubeIDE_1.19.0/STM32CubeIDE/plugins/com.st.stm32cube.ide.mcu.externaltools.gnu-tools-for-stm32.13.3.rel1.win32_1.0.0.202411081344/tools/bin/../lib/gcc/arm-none-eabi/13.3.1/../../../../arm-none-eabi/lib/thumb/v6-m/nofp\libc_nano.a(libc_a-findfp.o) (_fwalk_sglue)
C:/ST/STM32CubeIDE_1.19.0/STM32CubeIDE/plugins/com.st.stm32cube.ide.mcu.externaltools.gnu-tools-for-stm32.13.3.rel1.win32_1.0.0.202411081344/tools/bin/../lib/gcc/arm-none-eabi/13.3.1/../../../../arm-none-eabi/lib/thumb/v6-m/nofp\libc_nano.a(libc_a-sprintf.o)
                              ./Core/Src/main.o (sprintf)
C:/ST/STM32CubeIDE_1.19.0/STM32CubeIDE/plugins/com.st.stm32cube.ide.mcu.externaltools.gnu-tools-for-stm32.13.3.rel1.win32_1.0.0.202411081344/tools/bin/../lib/gcc/arm-none-eabi/13.3.1/../../../../arm-none-eabi/lib/thumb/v6-m/nofp\libc_nano.a(libc_a-stdio.o)
                              C:/ST/STM32CubeIDE_1.19.0/STM32CubeIDE/plugins/com.st.stm32cube.ide.mcu.externaltools.gnu-tools-for-stm32.13.3.rel1.win32_1.0.0.202411081344/tools/bin/../lib/gcc/arm-none-eabi/13.3.1/../../../../arm-none-eabi/lib/thumb/v6-m/nofp\libc_nano.a(libc_a-findfp.o) (__sread)
C:/ST/STM32CubeIDE_1.19.0/STM32CubeIDE/plugins/com.st.stm32cube.ide.mcu.externaltools.gnu-tools-for-stm32.13.3.rel1.win32_1.0.0.202411081344/tools/bin/../lib/gcc/arm-none-eabi/13.3.1/../../../../arm-none-eabi/lib/thumb/v6-m/nofp\libc_nano.a(libc_a-memset.o)
                              C:/ST/STM32CubeIDE_1.19.0/STM32CubeIDE/plugins/com.st.stm32cube.ide.mcu.externaltools.gnu-tools-for-stm32.13.3.rel1.win32_1.0.0.202411081344/tools/bin/../lib/gcc/arm-none-eabi/13.3.1/../../../../arm-none-eabi/lib/thumb/v6-m/nofp/crt0.o (memset)
C:/ST/STM32CubeIDE_1.19.0/STM32CubeIDE/plugins/com.st.stm32cube.ide.mcu.externaltools.gnu-tools-for-stm32.13.3.rel1.win32_1.0.0.202411081344/tools/bin/../lib/gcc/arm-none-eabi/13.3.1/../../../../arm-none-eabi/lib/thumb/v6-m/nofp\libc_nano.a(libc_a-localeconv.o)
                              C:/ST/STM32CubeIDE_1.19.0/STM32CubeIDE/plugins/com.st.stm32cube.ide.mcu.externaltools.gnu-tools-for-stm32.13.3.rel1.win32_1.0.0.202411081344/tools/bin/../lib/gcc/arm-none-eabi/13.3.1/../../../../arm-none-eabi/lib/thumb/v6-m/nofp\libc_nano.a(libc_a-nano-vfprintf_float.o) (_localeconv_r)
[...]
Memory Configuration

Name             Origin             Length             Attributes
RAM              0x20000000         0x00002000         xrw
FLASH            0x08000000         0x00010000         xr
*default*        0x00000000         0xffffffff

Linker script and memory map

LOAD C:/ST/STM32CubeIDE_1.19.0/STM32CubeIDE/plugins/com.st.stm32cube.ide.mcu.externaltools.gnu-tools-for-stm32.13.3.rel1.win32_1.0.0.202411081344/tools/bin/../lib/gcc/arm-none-eabi/13.3.1/thumb/v6-m/nofp/crti.o
LOAD C:/ST/STM32CubeIDE_1.19.0/STM32CubeIDE/plugins/com.st.stm32cube.ide.mcu.externaltools.gnu-tools-for-stm32.13.3.rel1.win32_1.0.0.202411081344/tools/bin/../lib/gcc/arm-none-eabi/13.3.1/thumb/v6-m/nofp/crtbegin.o
LOAD C:/ST/STM32CubeIDE_1.19.0/STM32CubeIDE/plugins/com.st.stm32cube.ide.mcu.externaltools.gnu-tools-for-stm32.13.3.rel1.win32_1.0.0.202411081344/tools/bin/../lib/gcc/arm-none-eabi/13.3.1/../../../../arm-none-eabi/lib/thumb/v6-m/nofp/crt0.o
LOAD ./Core/Src/fonts.o
LOAD ./Core/Src/gpio.o
LOAD ./Core/Src/i2c.o
LOAD ./Core/Src/ina226.o
LOAD ./Core/Src/main.o
LOAD ./Core/Src/rtc.o
LOAD ./Core/Src/ssd1306.o
LOAD ./Core/Src/stm32l0xx_hal_msp.o
LOAD ./Core/Src/stm32l0xx_it.o
LOAD ./Core/Src/syscalls.o
LOAD ./Core/Src/sysmem.o
LOAD ./Core/Src/system_stm32l0xx.o
LOAD ./Core/Src/tim.o
LOAD ./Core/Src/tmp1075.o
LOAD ./Core/Src/tps55289.o
LOAD ./Core/Startup/startup_stm32l053r8tx.o
LOAD ./Drivers/STM32L0xx_HAL_Driver/Src/stm32l0xx_hal.o
LOAD ./Drivers/STM32L0xx_HAL_Driver/Src/stm32l0xx_hal_cortex.o
LOAD ./Drivers/STM32L0xx_HAL_Driver/Src/stm32l0xx_hal_dma.o
LOAD ./Drivers/STM32L0xx_HAL_Driver/Src/stm32l0xx_hal_exti.o
LOAD ./Drivers/STM32L0xx_HAL_Driver/Src/stm32l0xx_hal_flash.o
LOAD ./Drivers/STM32L0xx_HAL_Driver/Src/stm32l0xx_hal_flash_ex.o
LOAD ./Drivers/STM32L0xx_HAL_Driver/Src/stm32l0xx_hal_flash_ramfunc.o
LOAD ./Drivers/STM32L0xx_HAL_Driver/Src/stm32l0xx_hal_gpio.o
LOAD ./Drivers/STM32L0xx_HAL_Driver/Src/stm32l0xx_hal_i2c.o
LOAD ./Drivers/STM32L0xx_HAL_Driver/Src/stm32l0xx_hal_i2c_ex.o
LOAD ./Drivers/STM32L0xx_HAL_Driver/Src/stm32l0xx_hal_pwr.o
LOAD ./Drivers/STM32L0xx_HAL_Driver/Src/stm32l0xx_hal_pwr_ex.o
LOAD ./Drivers/STM32L0xx_HAL_Driver/Src/stm32l0xx_hal_rcc.o
LOAD ./Drivers/STM32L0xx_HAL_Driver/Src/stm32l0xx_hal_rcc_ex.o
LOAD ./Drivers/STM32L0xx_HAL_Driver/Src/stm32l0xx_hal_rtc.o
LOAD ./Drivers/STM32L0xx_HAL_Driver/Src/stm32l0xx_hal_rtc_ex.o
LOAD ./Drivers/STM32L0xx_HAL_Driver/Src/stm32l0xx_hal_tim.o
LOAD ./Drivers/STM32L0xx_HAL_Driver/Src/stm32l0xx_hal_tim_ex.o
START GROUP
LOAD C:/ST/STM32CubeIDE_1.19.0/STM32CubeIDE/plugins/com.st.stm32cube.ide.mcu.externaltools.gnu-tools-for-stm32.13.3.rel1.win32_1.0.0.202411081344/tools/bin/../lib/gcc/arm-none-eabi/13.3.1/../../../../arm-none-eabi/lib/thumb/v6-m/nofp\libc_nano.a
LOAD C:/ST/STM32CubeIDE_1.19.0/STM32CubeIDE/plugins/com.st.stm32cube.ide.mcu.externaltools.gnu-tools-for-stm32.13.3.rel1.win32_1.0.0.202411081344/tools/bin/../lib/gcc/arm-none-eabi/13.3.1/../../../../arm-none-eabi/lib/thumb/v6-m/nofp\libm.a
END GROUP
START GROUP
LOAD C:/ST/STM32CubeIDE_1.19.0/STM32CubeIDE/plugins/com.st.stm32cube.ide.mcu.externaltools.gnu-tools-for-stm32.13.3.rel1.win32_1.0.0.202411081344/tools/bin/../lib/gcc/arm-none-eabi/13.3.1/thumb/v6-m/nofp\libgcc.a
LOAD C:/ST/STM32CubeIDE_1.19.0/STM32CubeIDE/plugins/com.st.stm32cube.ide.mcu.externaltools.gnu-tools-for-stm32.13.3.rel1.win32_1.0.0.202411081344/tools/bin/../lib/gcc/arm-none-eabi/13.3.1/../../../../arm-none-eabi/lib/thumb/v6-m/nofp\libc_nano.a
END GROUP
START GROUP
LOAD C:/ST/STM32CubeIDE_1.19.0/STM32CubeIDE/plugins/com.st.stm32cube.ide.mcu.externaltools.gnu-tools-for-stm32.13.3.rel1.win32_1.0.0.202411081344/tools/bin/../lib/gcc/arm-none-eabi/13.3.1/thumb/v6-m/nofp\libgcc.a
LOAD C:/ST/STM32CubeIDE_1.19.0/STM32CubeIDE/plugins/com.st.stm32cube.ide.mcu.externaltools.gnu-tools-for-stm32.13.3.rel1.win32_1.0.0.202411081344/tools/bin/../lib/gcc/arm-none-eabi/13.3.1/../../../../arm-none-eabi/lib/thumb/v6-m/nofp\libc_nano.a
LOAD C:/ST/STM32CubeIDE_1.19.0/STM32CubeIDE/plugins/com.st.stm32cube.ide.mcu.externaltools.gnu-tools-for-stm32.13.3.rel1.win32_1.0.0.202411081344/tools/bin/../lib/gcc/arm-none-eabi/13.3.1/../../../../arm-none-eabi/lib/thumb/v6-m/nofp\libnosys.a
END GROUP
START GROUP
LOAD C:/ST/STM32CubeIDE_1.19.0/STM32CubeIDE/plugins/com.st.stm32cube.ide.mcu.externaltools.gnu-tools-for-stm32.13.3.rel1.win32_1.0.0.202411081344/tools/bin/../lib/gcc/arm-none-eabi/13.3.1/thumb/v6-m/nofp\libgcc.a
LOAD C:/ST/STM32CubeIDE_1.19.0/STM32CubeIDE/plugins/com.st.stm32cube.ide.mcu.externaltools.gnu-tools-for-stm32.13.3.rel1.win32_1.0.0.202411081344/tools/bin/../lib/gcc/arm-none-eabi/13.3.1/../../../../arm-none-eabi/lib/thumb/v6-m/nofp\libc_nano.a
LOAD C:/ST/STM32CubeIDE_1.19.0/STM32CubeIDE/plugins/com.st.stm32cube.ide.mcu.externaltools.gnu-tools-for-stm32.13.3.rel1.win32_1.0.0.202411081344/tools/bin/../lib/gcc/arm-none-eabi/13.3.1/../../../../arm-none-eabi/lib/thumb/v6-m/nofp\libnosys.a
END GROUP
LOAD C:/ST/STM32CubeIDE_1.19.0/STM32CubeIDE/plugins/com.st.stm32cube.ide.mcu.externaltools.gnu-tools-for-stm32.13.3.rel1.win32_1.0.0.202411081344/tools/bin/../lib/gcc/arm-none-eabi/13.3.1/thumb/v6-m/nofp/crtend.o
LOAD C:/ST/STM32CubeIDE_1.19.0/STM32CubeIDE/plugins/com.st.stm32cube.ide.mcu.externaltools.gnu-tools-for-stm32.13.3.rel1.win32_1.0.0.202411081344/tools/bin/../lib/gcc/arm-none-eabi/13.3.1/thumb/v6-m/nofp/crtn.o
                0x20002000                        _estack = (ORIGIN (RAM) + LENGTH (RAM))
                0x00000200                        _Min_Heap_Size = 0x200
                0x00000400                        _Min_Stack_Size = 0x400

.isr_vector     0x08000000       0xc0
                0x08000000                        . = ALIGN (0x4)
 *(.isr_vector)
 .isr_vector    0x08000000       0xc0 ./Core/Startup/startup_stm32l053r8tx.o
                0x08000000                g_pfnVectors
                0x080000c0                        . = ALIGN (0x4)

.text           0x080000c0     0xbe7c
                0x080000c0                        . = ALIGN (0x4)
 *(.text)
 .text          0x080000c0       0x48 C:/ST/STM32CubeIDE_1.19.0/STM32CubeIDE/plugins/com.st.stm32cube.ide.mcu.externaltools.gnu-tools-for-stm32.13.3.rel1.win32_1.0.0.202411081344/tools/bin/../lib/gcc/arm-none-eabi/13.3.1/thumb/v6-m/nofp/crtbegin.o
 .text          0x08000108        0xe C:/ST/STM32CubeIDE_1.19.0/STM32CubeIDE/plugins/com.st.stm32cube.ide.mcu.externaltools.gnu-tools-for-stm32.13.3.rel1.win32_1.0.0.202411081344/tools/bin/../lib/gcc/arm-none-eabi/13.3.1/../../../../arm-none-eabi/lib/thumb/v6-m/nofp\libc_nano.a(libc_a-strlen.o)
                0x08000108                strlen
 *fill*         0x08000116        0x2 
 .text          0x08000118       0x14 C:/ST/STM32CubeIDE_1.19.0/STM32CubeIDE/plugins/com.st.stm32cube.ide.mcu.externaltools.gnu-tools-for-stm32.13.3.rel1.win32_1.0.0.202411081344/tools/bin/../lib/gcc/arm-none-eabi/13.3.1/thumb/v6-m/nofp\libgcc.a(_thumb1_case_uqi.o)
                0x08000118                __gnu_thumb1_case_uqi
 .text          0x0800012c       0x14 C:/ST/STM32CubeIDE_1.19.0/STM32CubeIDE/plugins/com.st.stm32cube.ide.mcu.externaltools.gnu-tools-for-stm32.13.3.rel1.win32_1.0.0.202411081344/tools/bin/../lib/gcc/arm-none-eabi/13.3.1/thumb/v6-m/nofp\libgcc.a(_thumb1_case_shi.o)
                0x0800012c                __gnu_thumb1_case_shi
 .text          0x08000140      0x114 C:/ST/STM32CubeIDE_1.19.0/STM32CubeIDE/plugins/com.st.stm32cube.ide.mcu.externaltools.gnu-tools-for-stm32.13.3.rel1.win32_1.0.0.202411081344/tools/bin/../lib/gcc/arm-none-eabi/13.3.1/thumb/v6-m/nofp\libgcc.a(_udivsi3.o)
                0x08000140                __aeabi_uidiv
                0x08000140                __udivsi3
                0x0800024c                __aeabi_uidivmod
 .text          0x08000254      0x1d4 C:/ST/STM32CubeIDE_1.19.0/STM32CubeIDE/plugins/com.st.stm32cube.ide.mcu.externaltools.gnu-tools-for-stm32.13.3.rel1.win32_1.0.0.202411081344/tools/bin/../lib/gcc/arm-none-eabi/13.3.1/thumb/v6-m/nofp\libgcc.a(_divsi3.o)
                0x08000254                __divsi3
                0x08000254                __aeabi_idiv
                0x08000420                __aeabi_idivmod
 .text          0x08000428        0x4 C:/ST/STM32CubeIDE_1.19.0/STM32CubeIDE/plugins/com.st.stm32cube.ide.mcu.externaltools.gnu-tools-for-stm32.13.3.rel1.win32_1.0.0.202411081344/tools/bin/../lib/gcc/arm-none-eabi/13.3.1/thumb/v6-m/nofp\libgcc.a(_dvmd_tls.o)
                0x08000428                __aeabi_idiv0
                0x08000428                __aeabi_ldiv0
 .text          0x0800042c       0x7c C:/ST/STM32CubeIDE_1.19.0/STM32CubeIDE/plugins/com.st.stm32cube.ide.mcu.externaltools.gnu-tools-for-stm32.13.3.rel1.win32_1.0.0.202411081344/tools/bin/../lib/gcc/arm-none-eabi/13.3.1/thumb/v6-m/nofp\libgcc.a(_arm_cmpdf2.o)
                0x0800042c                __aeabi_cdrcmple
                0x0800043c                __aeabi_cdcmple
                0x0800043c                __aeabi_cdcmpeq
                0x0800044c                __aeabi_dcmpeq
                0x08000458                __aeabi_dcmplt
                0x0800046c                __aeabi_dcmple
                0x08000480                __aeabi_dcmpgt
                0x08000494                __aeabi_dcmpge
 .text          0x080004a8       0x74 C:/ST/STM32CubeIDE_1.19.0/STM32CubeIDE/plugins/com.st.stm32cube.ide.mcu.externaltools.gnu-tools-for-stm32.13.3.rel1.win32_1.0.0.202411081344/tools/bin/../lib/gcc/arm-none-eabi/13.3.1/thumb/v6-m/nofp\libgcc.a(_arm_cmpsf2.o)
                0x080004a8                __aeabi_cfrcmple
                0x080004b0                __aeabi_cfcmpeq
                0x080004b0                __aeabi_cfcmple
                0x080004c0                __aeabi_fcmpeq
                0x080004cc                __aeabi_fcmplt
                0x080004e0                __aeabi_fcmple
                0x080004f4                __aeabi_fcmpgt
                0x08000508                __aeabi_fcmpge
 .text          0x0800051c       0x40 C:/ST/STM32CubeIDE_1.19.0/STM32CubeIDE/plugins/com.st.stm32cube.ide.mcu.externaltools.gnu-tools-for-stm32.13.3.rel1.win32_1.0.0.202411081344/tools/bin/../lib/gcc/arm-none-eabi/13.3.1/thumb/v6-m/nofp\libgcc.a(_aeabi_uldivmod.o)
                0x0800051c                __aeabi_uldivmod
 .text          0x0800055c       0x5c C:/ST/STM32CubeIDE_1.19.0/STM32CubeIDE/plugins/com.st.stm32cube.ide.mcu.externaltools.gnu-tools-for-stm32.13.3.rel1.win32_1.0.0.202411081344/tools/bin/../lib/gcc/arm-none-eabi/13.3.1/thumb/v6-m/nofp\libgcc.a(_muldi3.o)
                0x0800055c                __muldi3
                0x0800055c                __aeabi_lmul
 .text          0x080005b8       0x30 C:/ST/STM32CubeIDE_1.19.0/STM32CubeIDE/plugins/com.st.stm32cube.ide.mcu.externaltools.gnu-tools-for-stm32.13.3.rel1.win32_1.0.0.202411081344/tools/bin/../lib/gcc/arm-none-eabi/13.3.1/thumb/v6-m/nofp\libgcc.a(_fixunssfsi.o)
                0x080005b8                __fixunssfsi
                0x080005b8                __aeabi_f2uiz
 .text          0x080005e8       0x3c C:/ST/STM32CubeIDE_1.19.0/STM32CubeIDE/plugins/com.st.stm32cube.ide.mcu.externaltools.gnu-tools-for-stm32.13.3.rel1.win32_1.0.0.202411081344/tools/bin/../lib/gcc/arm-none-eabi/13.3.1/thumb/v6-m/nofp\libgcc.a(_fixunsdfsi.o)
                0x080005e8                __aeabi_d2uiz
                0x080005e8                __fixunsdfsi
 .text          0x08000624       0x38 C:/ST/STM32CubeIDE_1.19.0/STM32CubeIDE/plugins/com.st.stm32cube.ide.mcu.externaltools.gnu-tools-for-stm32.13.3.rel1.win32_1.0.0.202411081344/tools/bin/../lib/gcc/arm-none-eabi/13.3.1/thumb/v6-m/nofp\libgcc.a(_fixdfdi.o)
                0x08000624                __fixdfdi
                0x08000624                __aeabi_d2lz
 .text          0x0800065c       0x3c C:/ST/STM32CubeIDE_1.19.0/STM32CubeIDE/plugins/com.st.stm32cube.ide.mcu.externaltools.gnu-tools-for-stm32.13.3.rel1.win32_1.0.0.202411081344/tools/bin/../lib/gcc/arm-none-eabi/13.3.1/thumb/v6-m/nofp\libgcc.a(_fixunsdfdi.o)
                0x0800065c                __fixunsdfdi
                0x0800065c                __aeabi_d2ulz
 .text          0x08000698       0x2c C:/ST/STM32CubeIDE_1.19.0/STM32CubeIDE/plugins/com.st.stm32cube.ide.mcu.externaltools.gnu-tools-for-stm32.13.3.rel1.win32_1.0.0.202411081344/tools/bin/../lib/gcc/arm-none-eabi/13.3.1/thumb/v6-m/nofp\libgcc.a(_floatdidf.o)
                0x08000698                __aeabi_l2d
                0x08000698                __floatdidf
 .text          0x080006c4      0x198 C:/ST/STM32CubeIDE_1.19.0/STM32CubeIDE/plugins/com.st.stm32cube.ide.mcu.externaltools.gnu-tools-for-stm32.13.3.rel1.win32_1.0.0.202411081344/tools/bin/../lib/gcc/arm-none-eabi/13.3.1/thumb/v6-m/nofp\libgcc.a(_udivmoddi4.o)
                0x080006c4                __udivmoddi4
 .text          0x0800085c      0x3e4 C:/ST/STM32CubeIDE_1.19.0/STM32CubeIDE/plugins/com.st.stm32cube.ide.mcu.externaltools.gnu-tools-for-stm32.13.3.rel1.win32_1.0.0.202411081344/tools/bin/../lib/gcc/arm-none-eabi/13.3.1/thumb/v6-m/nofp\libgcc.a(addsf3.o)
                0x0800085c                __aeabi_fadd
 .text          0x08000c40      0x22c C:/ST/STM32CubeIDE_1.19.0/STM32CubeIDE/plugins/com.st.stm32cube.ide.mcu.externaltools.gnu-tools-for-stm32.13.3.rel1.win32_1.0.0.202411081344/tools/bin/../lib/gcc/arm-none-eabi/13.3.1/thumb/v6-m/nofp\libgcc.a(divsf3.o)
                0x08000c40                __aeabi_fdiv
 .text          0x08000e6c       0x50 C:/ST/STM32CubeIDE_1.19.0/STM32CubeIDE/plugins/com.st.stm32cube.ide.mcu.externaltools.gnu-tools-for-stm32.13.3.rel1.win32_1.0.0.202411081344/tools/bin/../lib/gcc/arm-none-eabi/13.3.1/thumb/v6-m/nofp\libgcc.a(eqsf2.o)
                0x08000e6c                __eqsf2
                0x08000e6c                __nesf2
 .text          0x08000ebc       0x90 C:/ST/STM32CubeIDE_1.19.0/STM32CubeIDE/plugins/com.st.stm32cube.ide.mcu.externaltools.gnu-tools-for-stm32.13.3.rel1.win32_1.0.0.202411081344/tools/bin/../lib/gcc/arm-none-eabi/13.3.1/thumb/v6-m/nofp\libgcc.a(gesf2.o)
                0x08000ebc                __gesf2
                0x08000ebc                __gtsf2
 .text          0x08000f4c       0x90 C:/ST/STM32CubeIDE_1.19.0/STM32CubeIDE/plugins/com.st.stm32cube.ide.mcu.externaltools.gnu-tools-for-stm32.13.3.rel1.win32_1.0.0.202411081344/tools/bin/../lib/gcc/arm-none-eabi/13.3.1/thumb/v6-m/nofp\libgcc.a(lesf2.o)
                0x08000f4c                __ltsf2
                0x08000f4c                __lesf2
 .text          0x08000fdc      0x2b4 C:/ST/STM32CubeIDE_1.19.0/STM32CubeIDE/plugins/com.st.stm32cube.ide.mcu.externaltools.gnu-tools-for-stm32.13.3.rel1.win32_1.0.0.202411081344/tools/bin/../lib/gcc/arm-none-eabi/13.3.1/thumb/v6-m/nofp\libgcc.a(mulsf3.o)
                0x08000fdc                __aeabi_fmul
 .text          0x08001290      0x4c8 C:/ST/STM32CubeIDE_1.19.0/STM32CubeIDE/plugins/com.st.stm32cube.ide.mcu.externaltools.gnu-tools-for-stm32.13.3.rel1.win32_1.0.0.202411081344/tools/bin/../lib/gcc/arm-none-eabi/13.3.1/thumb/v6-m/nofp\libgcc.a(subsf3.o)
                0x08001290                __aeabi_fsub
 .text          0x08001758       0x40 C:/ST/STM32CubeIDE_1.19.0/STM32CubeIDE/plugins/com.st.stm32cube.ide.mcu.externaltools.gnu-tools-for-stm32.13.3.rel1.win32_1.0.0.202411081344/tools/bin/../lib/gcc/arm-none-eabi/13.3.1/thumb/v6-m/nofp\libgcc.a(fixsfsi.o)
                0x08001758                __aeabi_f2iz
 .text          0x08001798       0xa0 C:/ST/STM32CubeIDE_1.19.0/STM32CubeIDE/plugins/com.st.stm32cube.ide.mcu.externaltools.gnu-tools-for-stm32.13.3.rel1.win32_1.0.0.202411081344/tools/bin/../lib/gcc/arm-none-eabi/13.3.1/thumb/v6-m/nofp\libgcc.a(floatsisf.o)
                0x08001798                __aeabi_i2f
 .text          0x08001838       0x8c C:/ST/STM32CubeIDE_1.19.0/STM32CubeIDE/plugins/com.st.stm32cube.ide.mcu.externaltools.gnu-tools-for-stm32.13.3.rel1.win32_1.0.0.202411081344/tools/bin/../lib/gcc/arm-none-eabi/13.3.1/thumb/v6-m/nofp\libgcc.a(floatunsisf.o)
                0x08001838                __aeabi_ui2f
 .text          0x080018c4      0x78c C:/ST/STM32CubeIDE_1.19.0/STM32CubeIDE/plugins/com.st.stm32cube.ide.mcu.externaltools.gnu-tools-for-stm32.13.3.rel1.win32_1.0.0.202411081344/tools/bin/../lib/gcc/arm-none-eabi/13.3.1/thumb/v6-m/nofp\libgcc.a(adddf3.o)
                0x080018c4                __aeabi_dadd
 .text          0x08002050      0x630 C:/ST/STM32CubeIDE_1.19.0/STM32CubeIDE/plugins/com.st.stm32cube.ide.mcu.externaltools.gnu-tools-for-stm32.13.3.rel1.win32_1.0.0.202411081344/tools/bin/../lib/gcc/arm-none-eabi/13.3.1/thumb/v6-m/nofp\libgcc.a(divdf3.o)
                0x08002050                __aeabi_ddiv
 .text          0x08002680       0x88 C:/ST/STM32CubeIDE_1.19.0/STM32CubeIDE/plugins/com.st.stm32cube.ide.mcu.externaltools.gnu-tools-for-stm32.13.3.rel1.win32_1.0.0.202411081344/tools/bin/../lib/gcc/arm-none-eabi/13.3.1/thumb/v6-m/nofp\libgcc.a(eqdf2.o)
                0x08002680                __nedf2
                0x08002680                __eqdf2
 .text          0x08002708       0xe0 C:/ST/STM32CubeIDE_1.19.0/STM32CubeIDE/plugins/com.st.stm32cube.ide.mcu.externaltools.gnu-tools-for-stm32.13.3.rel1.win32_1.0.0.202411081344/tools/bin/../lib/gcc/arm-none-eabi/13.3.1/thumb/v6-m/nofp\libgcc.a(gedf2.o)
                0x08002708                __gedf2
                0x08002708                __gtdf2
 .text          0x080027e8       0xdc C:/ST/STM32CubeIDE_1.19.0/STM32CubeIDE/plugins/com.st.stm32cube.ide.mcu.externaltools.gnu-tools-for-stm32.13.3.rel1.win32_1.0.0.202411081344/tools/bin/../lib/gcc/arm-none-eabi/13.3.1/thumb/v6-m/nofp\libgcc.a(ledf2.o)
                0x080027e8                __ledf2
                0x080027e8                __ltdf2
 .text          0x080028c4      0x5cc C:/ST/STM32CubeIDE_1.19.0/STM32CubeIDE/plugins/com.st.stm32cube.ide.mcu.externaltools.gnu-tools-for-stm32.13.3.rel1.win32_1.0.0.202411081344/tools/bin/../lib/gcc/arm-none-eabi/13.3.1/thumb/v6-m/nofp\libgcc.a(muldf3.o)
                0x080028c4                __aeabi_dmul
 .text          0x08002e90      0x814 C:/ST/STM32CubeIDE_1.19.0/STM32CubeIDE/plugins/com.st.stm32cube.ide.mcu.externaltools.gnu-tools-for-stm32.13.3.rel1.win32_1.0.0.202411081344/tools/bin/../lib/gcc/arm-none-eabi/13.3.1/thumb/v6-m/nofp\libgcc.a(subdf3.o)
                0x08002e90                __aeabi_dsub
 .text          0x080036a4       0x44 C:/ST/STM32CubeIDE_1.19.0/STM32CubeIDE/plugins/com.st.stm32cube.ide.mcu.externaltools.gnu-tools-for-stm32.13.3.rel1.win32_1.0.0.202411081344/tools/bin/../lib/gcc/arm-none-eabi/13.3.1/thumb/v6-m/nofp\libgcc.a(unorddf2.o)
                0x080036a4                __aeabi_dcmpun
 .text          0x080036e8       0x78 C:/ST/STM32CubeIDE_1.19.0/STM32CubeIDE/plugins/com.st.stm32cube.ide.mcu.externaltools.gnu-tools-for-stm32.13.3.rel1.win32_1.0.0.202411081344/tools/bin/../lib/gcc/arm-none-eabi/13.3.1/thumb/v6-m/nofp\libgcc.a(fixdfsi.o)
                0x080036e8                __aeabi_d2iz
 .text          0x08003760       0x5c C:/ST/STM32CubeIDE_1.19.0/STM32CubeIDE/plugins/com.st.stm32cube.ide.mcu.externaltools.gnu-tools-for-stm32.13.3.rel1.win32_1.0.0.202411081344/tools/bin/../lib/gcc/arm-none-eabi/13.3.1/thumb/v6-m/nofp\libgcc.a(floatsidf.o)
                0x08003760                __aeabi_i2d
 .text          0x080037bc       0x48 C:/ST/STM32CubeIDE_1.19.0/STM32CubeIDE/plugins/com.st.stm32cube.ide.mcu.externaltools.gnu-tools-for-stm32.13.3.rel1.win32_1.0.0.202411081344/tools/bin/../lib/gcc/arm-none-eabi/13.3.1/thumb/v6-m/nofp\libgcc.a(floatunsidf.o)
                0x080037bc                __aeabi_ui2d
 .text          0x08003804       0x90 C:/ST/STM32CubeIDE_1.19.0/STM32CubeIDE/plugins/com.st.stm32cube.ide.mcu.externaltools.gnu-tools-for-stm32.13.3.rel1.win32_1.0.0.202411081344/tools/bin/../lib/gcc/arm-none-eabi/13.3.1/thumb/v6-m/nofp\libgcc.a(extendsfdf2.o)
                0x08003804                __aeabi_f2d
 .text          0x08003894      0x104 C:/ST/STM32CubeIDE_1.19.0/STM32CubeIDE/plugins/com.st.stm32cube.ide.mcu.externaltools.gnu-tools-for-stm32.13.3.rel1.win32_1.0.0.202411081344/tools/bin/../lib/gcc/arm-none-eabi/13.3.1/thumb/v6-m/nofp\libgcc.a(truncdfsf2.o)
                0x08003894                __aeabi_d2f
 .text          0x08003998       0x3c C:/ST/STM32CubeIDE_1.19.0/STM32CubeIDE/plugins/com.st.stm32cube.ide.mcu.externaltools.gnu-tools-for-stm32.13.3.rel1.win32_1.0.0.202411081344/tools/bin/../lib/gcc/arm-none-eabi/13.3.1/thumb/v6-m/nofp\libgcc.a(_clzsi2.o)
                0x08003998                __clzsi2
 .text          0x080039d4       0x18 C:/ST/STM32CubeIDE_1.19.0/STM32CubeIDE/plugins/com.st.stm32cube.ide.mcu.externaltools.gnu-tools-for-stm32.13.3.rel1.win32_1.0.0.202411081344/tools/bin/../lib/gcc/arm-none-eabi/13.3.1/thumb/v6-m/nofp\libgcc.a(_clzdi2.o)
                0x080039d4                __clzdi2
 *(.text*)
 .text.MX_GPIO_Init
                0x080039ec       0x80 ./Core/Src/gpio.o
                0x080039ec                MX_GPIO_Init
 .text.MX_I2C1_Init
                0x08003a6c       0x74 ./Core/Src/i2c.o
                0x08003a6c                MX_I2C1_Init
 .text.MX_I2C2_Init
                0x08003ae0       0x7c ./Core/Src/i2c.o
                0x08003ae0                MX_I2C2_Init
 .text.HAL_I2C_MspInit
                0x08003b5c       0xa4 ./Core/Src/i2c.o
                0x08003b5c                HAL_I2C_MspInit
 .text.INA226_Init
                0x08003c00       0x44 ./Core/Src/ina226.o
                0x08003c00                INA226_Init
 .text.INA226_WriteConfig
                0x08003c44       0x58 ./Core/Src/ina226.o
                0x08003c44                INA226_WriteConfig
 .text.INA226_SetCalibration
                0x08003c9c       0x88 ./Core/Src/ina226.o
                0x08003c9c                INA226_SetCalibration
 .text.INA226_ReadCurrent_A
                0x08003d24       0x60 ./Core/Src/ina226.o
                0x08003d24                INA226_ReadCurrent_A
 .text.INA226_ReadBusVoltage_V
                0x08003d84       0x6c ./Core/Src/ina226.o
                0x08003d84                INA226_ReadBusVoltage_V
 .text.SystemClock_Config
                0x08003df0       0xc0 ./Core/Src/main.o
                0x08003df0                SystemClock_Config
 .text.startup.main
                0x08003eb0      0x684 ./Core/Src/main.o
                0x08003eb0                main
 .text.HAL_TIM_PeriodElapsedCallback
                0x08004534      0x188 ./Core/Src/main.o
                0x08004534                HAL_TIM_PeriodElapsedCallback
 .text.Error_Handler
                0x080046bc        0x4 ./Core/Src/main.o
                0x080046bc                Error_Handler
 .text.MX_RTC_Init
                0x080046c0       0x34 ./Core/Src/rtc.o
                0x080046c0                MX_RTC_Init
 .text.HAL_RTC_MspInit
                0x080046f4       0x20 ./Core/Src/rtc.o
                0x080046f4                HAL_RTC_MspInit
 .text.ssd1306_Fill
                0x08004714       0x1c ./Core/Src/ssd1306.o
                0x08004714                ssd1306_Fill
 .text.ssd1306_UpdateScreen
                0x08004730       0xa0 ./Core/Src/ssd1306.o
                0x08004730                ssd1306_UpdateScreen
 .text.ssd1306_Init
                0x080047d0      0x2fc ./Core/Src/ssd1306.o
                0x080047d0                ssd1306_Init
 .text.ssd1306_WriteChar
                0x08004acc      0x1f0 ./Core/Src/ssd1306.o
                0x08004acc                ssd1306_WriteChar
 .text.ssd1306_WriteString
                0x08004cbc       0x38 ./Core/Src/ssd1306.o
                0x08004cbc                ssd1306_WriteString
 .text.ssd1306_SetCursor
                0x08004cf4       0x10 ./Core/Src/ssd1306.o
                0x08004cf4                ssd1306_SetCursor
 .text.HAL_MspInit
                0x08004d04       0x1c ./Core/Src/stm32l0xx_hal_msp.o
                0x08004d04                HAL_MspInit
 .text.NMI_Handler
                0x08004d20        0x4 ./Core/Src/stm32l0xx_it.o
                0x08004d20                NMI_Handler
 .text.HardFault_Handler
                0x08004d24        0x4 ./Core/Src/stm32l0xx_it.o
                0x08004d24                HardFault_Handler
 .text.SVC_Handler
                0x08004d28        0x4 ./Core/Src/stm32l0xx_it.o
                0x08004d28                SVC_Handler
 .text.PendSV_Handler
                0x08004d2c        0x4 ./Core/Src/stm32l0xx_it.o
                0x08004d2c                PendSV_Handler
 .text.SysTick_Handler
                0x08004d30        0x8 ./Core/Src/stm32l0xx_it.o
                0x08004d30                SysTick_Handler
 .text.TIM6_DAC_IRQHandler
                0x08004d38       0x10 ./Core/Src/stm32l0xx_it.o
                0x08004d38                TIM6_DAC_IRQHandler
 .text._getpid  0x08004d48        0x4 ./Core/Src/syscalls.o
                0x08004d48                _getpid
 .text._kill    0x08004d4c       0x10 ./Core/Src/syscalls.o
                0x08004d4c                _kill
 .text._exit    0x08004d5c        0xc ./Core/Src/syscalls.o
                0x08004d5c                _exit
 .text._read    0x08004d68       0x1c ./Core/Src/syscalls.o
                0x08004d68                _read
 .text._write   0x08004d84       0x1c ./Core/Src/syscalls.o
                0x08004d84                _write
 .text._close   0x08004da0        0x8 ./Core/Src/syscalls.o
                0x08004da0                _close
 .text._fstat   0x08004da8        0xc ./Core/Src/syscalls.o
                0x08004da8                _fstat
 .text._isatty  0x08004db4        0x4 ./Core/Src/syscalls.o
                0x08004db4                _isatty
 .text._lseek   0x08004db8        0x4 ./Core/Src/syscalls.o
                0x08004db8                _lseek
 .text._sbrk    0x08004dbc       0x44 ./Core/Src/sysmem.o
                0x08004dbc                _sbrk
 .text.SystemInit
                0x08004e00        0x4 ./Core/Src/system_stm32l0xx.o
                0x08004e00                SystemInit
 .text.MX_TIM6_Init
                0x08004e04       0x5c ./Core/Src/tim.o
                0x08004e04                MX_TIM6_Init
 .text.MX_TIM21_Init
                0x08004e60       0xfc ./Core/Src/tim.o
                0x08004e60                MX_TIM21_Init
 .text.HAL_TIM_Base_MspInit
                0x08004f5c       0x48 ./Core/Src/tim.o
                0x08004f5c                HAL_TIM_Base_MspInit
 .text.TMP1075_Init
                0x08004fa4       0x34 ./Core/Src/tmp1075.o
                0x08004fa4                TMP1075_Init
 .text.TMP1075_ReadTemperatureC
                0x08004fd8       0x60 ./Core/Src/tmp1075.o
                0x08004fd8                TMP1075_ReadTemperatureC
 .text.TPS55289_Init
                0x08005038       0x84 ./Core/Src/tps55289.o
                0x08005038                TPS55289_Init
 .text.TPS55289_SetVout
                0x080050bc      0x118 ./Core/Src/tps55289.o
                0x080050bc                TPS55289_SetVout
 .text.TPS55289_SetIlimit
                0x080051d4       0x88 ./Core/Src/tps55289.o
                0x080051d4                TPS55289_SetIlimit
 .text.TPS55289_EnableOut
                0x0800525c       0x6c ./Core/Src/tps55289.o
                0x0800525c                TPS55289_EnableOut
 .text.TPS55289_ReadStatus
                0x080052c8       0x54 ./Core/Src/tps55289.o
                0x080052c8                TPS55289_ReadStatus
 .text.Reset_Handler
                0x0800531c       0x50 ./Core/Startup/startup_stm32l053r8tx.o
                0x0800531c                Reset_Handler
 .text.Default_Handler
                0x0800536c        0x2 ./Core/Startup/startup_stm32l053r8tx.o
                0x0800536c                TSC_IRQHandler
                0x0800536c                ADC1_COMP_IRQHandler
                0x0800536c                PVD_IRQHandler
                0x0800536c                I2C1_IRQHandler
                0x0800536c                RCC_CRS_IRQHandler
                0x0800536c                SPI1_IRQHandler
                0x0800536c                EXTI2_3_IRQHandler
                0x0800536c                I2C2_IRQHandler
                0x0800536c                RTC_IRQHandler
                0x0800536c                LCD_IRQHandler
                0x0800536c                DMA1_Channel4_5_6_7_IRQHandler
                0x0800536c                EXTI4_15_IRQHandler
                0x0800536c                DMA1_Channel1_IRQHandler
                0x0800536c                Default_Handler
                0x0800536c                TIM22_IRQHandler
                0x0800536c                EXTI0_1_IRQHandler
                0x0800536c                USB_IRQHandler
                0x0800536c                SPI2_IRQHandler
                0x0800536c                TIM21_IRQHandler
                0x0800536c                WWDG_IRQHandler
                0x0800536c                TIM2_IRQHandler
                0x0800536c                DMA1_Channel2_3_IRQHandler
                0x0800536c                USART2_IRQHandler
                0x0800536c                FLASH_IRQHandler
                0x0800536c                USART1_IRQHandler
                0x0800536c                RNG_LPUART1_IRQHandler
                0x0800536c                LPTIM1_IRQHandler
 *fill*         0x0800536e        0x2 
 .text.HAL_InitTick
                0x08005370       0x4c ./Drivers/STM32L0xx_HAL_Driver/Src/stm32l0xx_hal.o
                0x08005370                HAL_InitTick
 .text.HAL_Init
                0x080053bc       0x28 ./Drivers/STM32L0xx_HAL_Driver/Src/stm32l0xx_hal.o
                0x080053bc                HAL_Init
 .text.HAL_IncTick
                0x080053e4       0x18 ./Drivers/STM32L0xx_HAL_Driver/Src/stm32l0xx_hal.o
                0x080053e4                HAL_IncTick
 .text.HAL_GetTick
                0x080053fc        0xc ./Drivers/STM32L0xx_HAL_Driver/Src/stm32l0xx_hal.o
                0x080053fc                HAL_GetTick
 .text.HAL_Delay
                0x08005408       0x24 ./Drivers/STM32L0xx_HAL_Driver/Src/stm32l0xx_hal.o
                0x08005408                HAL_Delay
 .text.HAL_NVIC_SetPriority
                0x0800542c       0x54 ./Drivers/STM32L0xx_HAL_Driver/Src/stm32l0xx_hal_cortex.o
                0x0800542c                HAL_NVIC_SetPriority
 .text.HAL_NVIC_EnableIRQ
                0x08005480       0x18 ./Drivers/STM32L0xx_HAL_Driver/Src/stm32l0xx_hal_cortex.o
                0x08005480                HAL_NVIC_EnableIRQ
 .text.HAL_SYSTICK_Config
                0x08005498       0x34 ./Drivers/STM32L0xx_HAL_Driver/Src/stm32l0xx_hal_cortex.o
                0x08005498                HAL_SYSTICK_Config
 .text.HAL_GPIO_Init
                0x080054cc      0x378 ./Drivers/STM32L0xx_HAL_Driver/Src/stm32l0xx_hal_gpio.o
                0x080054cc                HAL_GPIO_Init
 .text.HAL_GPIO_ReadPin
                0x08005844        0xc ./Drivers/STM32L0xx_HAL_Driver/Src/stm32l0xx_hal_gpio.o
                0x08005844                HAL_GPIO_ReadPin
 .text.HAL_GPIO_WritePin
                0x08005850        0xc ./Drivers/STM32L0xx_HAL_Driver/Src/stm32l0xx_hal_gpio.o
                0x08005850                HAL_GPIO_WritePin
 .text.I2C_WaitOnTXISFlagUntilTimeout
                0x0800585c      0x1c0 ./Drivers/STM32L0xx_HAL_Driver/Src/stm32l0xx_hal_i2c.o
 .text.I2C_WaitOnSTOPFlagUntilTimeout
                0x08005a1c      0x188 ./Drivers/STM32L0xx_HAL_Driver/Src/stm32l0xx_hal_i2c.o
 .text.HAL_I2C_Init
                0x08005ba4       0xb0 ./Drivers/STM32L0xx_HAL_Driver/Src/stm32l0xx_hal_i2c.o
                0x08005ba4                HAL_I2C_Init
 .text.HAL_I2C_Mem_Write
                0x08005c54      0x314 ./Drivers/STM32L0xx_HAL_Driver/Src/stm32l0xx_hal_i2c.o
                0x08005c54                HAL_I2C_Mem_Write
 .text.HAL_I2C_Mem_Read
                0x08005f68      0x2f8 ./Drivers/STM32L0xx_HAL_Driver/Src/stm32l0xx_hal_i2c.o
                0x08005f68                HAL_I2C_Mem_Read
 .text.HAL_I2CEx_ConfigAnalogFilter
                0x08006260       0x4c ./Drivers/STM32L0xx_HAL_Driver/Src/stm32l0xx_hal_i2c_ex.o
                0x08006260                HAL_I2CEx_ConfigAnalogFilter
 .text.HAL_I2CEx_ConfigDigitalFilter
                0x080062ac       0x5c ./Drivers/STM32L0xx_HAL_Driver/Src/stm32l0xx_hal_i2c_ex.o
                0x080062ac                HAL_I2CEx_ConfigDigitalFilter
 .text.HAL_I2CEx_EnableFastModePlus
                0x08006308       0x1c ./Drivers/STM32L0xx_HAL_Driver/Src/stm32l0xx_hal_i2c_ex.o
                0x08006308                HAL_I2CEx_EnableFastModePlus
 .text.HAL_PWR_EnableBkUpAccess
                0x08006324       0x14 ./Drivers/STM32L0xx_HAL_Driver/Src/stm32l0xx_hal_pwr.o
                0x08006324                HAL_PWR_EnableBkUpAccess
 .text.HAL_RCC_GetSysClockFreq
                0x08006338       0x90 ./Drivers/STM32L0xx_HAL_Driver/Src/stm32l0xx_hal_rcc.o
                0x08006338                HAL_RCC_GetSysClockFreq
 .text.HAL_RCC_OscConfig
                0x080063c8      0x5ec ./Drivers/STM32L0xx_HAL_Driver/Src/stm32l0xx_hal_rcc.o
                0x080063c8                HAL_RCC_OscConfig
 .text.HAL_RCC_ClockConfig
                0x080069b4      0x1dc ./Drivers/STM32L0xx_HAL_Driver/Src/stm32l0xx_hal_rcc.o
                0x080069b4                HAL_RCC_ClockConfig
 .text.HAL_RCCEx_PeriphCLKConfig
                0x08006b90      0x298 ./Drivers/STM32L0xx_HAL_Driver/Src/stm32l0xx_hal_rcc_ex.o
                0x08006b90                HAL_RCCEx_PeriphCLKConfig
 .text.HAL_RTC_Init
                0x08006e28      0x118 ./Drivers/STM32L0xx_HAL_Driver/Src/stm32l0xx_hal_rtc.o
                0x08006e28                HAL_RTC_Init
 .text.HAL_TIM_Base_Init
                0x08006f40       0x8c ./Drivers/STM32L0xx_HAL_Driver/Src/stm32l0xx_hal_tim.o
                0x08006f40                HAL_TIM_Base_Init
 .text.HAL_TIM_Base_Start_IT
                0x08006fcc       0x58 ./Drivers/STM32L0xx_HAL_Driver/Src/stm32l0xx_hal_tim.o
                0x08006fcc                HAL_TIM_Base_Start_IT
 .text.HAL_TIM_PWM_MspInit
                0x08007024        0x4 ./Drivers/STM32L0xx_HAL_Driver/Src/stm32l0xx_hal_tim.o
                0x08007024                HAL_TIM_PWM_MspInit
 .text.HAL_TIM_PWM_Init
                0x08007028       0x8c ./Drivers/STM32L0xx_HAL_Driver/Src/stm32l0xx_hal_tim.o
                0x08007028                HAL_TIM_PWM_Init
 .text.HAL_TIM_PWM_Start
                0x080070b4       0x8c ./Drivers/STM32L0xx_HAL_Driver/Src/stm32l0xx_hal_tim.o
                0x080070b4                HAL_TIM_PWM_Start
 .text.HAL_TIM_PWM_ConfigChannel
                0x08007140      0x16c ./Drivers/STM32L0xx_HAL_Driver/Src/stm32l0xx_hal_tim.o
                0x08007140                HAL_TIM_PWM_ConfigChannel
 .text.HAL_TIM_ConfigClockSource
                0x080072ac      0x160 ./Drivers/STM32L0xx_HAL_Driver/Src/stm32l0xx_hal_tim.o
                0x080072ac                HAL_TIM_ConfigClockSource
 .text.HAL_TIM_OC_DelayElapsedCallback
                0x0800740c        0x4 ./Drivers/STM32L0xx_HAL_Driver/Src/stm32l0xx_hal_tim.o
                0x0800740c                HAL_TIM_OC_DelayElapsedCallback
 .text.HAL_TIM_IC_CaptureCallback
                0x08007410        0x4 ./Drivers/STM32L0xx_HAL_Driver/Src/stm32l0xx_hal_tim.o
                0x08007410                HAL_TIM_IC_CaptureCallback
 .text.HAL_TIM_PWM_PulseFinishedCallback
                0x08007414        0x4 ./Drivers/STM32L0xx_HAL_Driver/Src/stm32l0xx_hal_tim.o
                0x08007414                HAL_TIM_PWM_PulseFinishedCallback
 .text.HAL_TIM_TriggerCallback
                0x08007418        0x4 ./Drivers/STM32L0xx_HAL_Driver/Src/stm32l0xx_hal_tim.o
                0x08007418                HAL_TIM_TriggerCallback
 .text.HAL_TIM_IRQHandler
                0x0800741c      0x11c ./Drivers/STM32L0xx_HAL_Driver/Src/stm32l0xx_hal_tim.o
                0x0800741c                HAL_TIM_IRQHandler
 .text.HAL_TIMEx_MasterConfigSynchronization
                0x08007538       0x5c ./Drivers/STM32L0xx_HAL_Driver/Src/stm32l0xx_hal_tim_ex.o
                0x08007538                HAL_TIMEx_MasterConfigSynchronization
 .text.__cvt    0x08007594       0xcc C:/ST/STM32CubeIDE_1.19.0/STM32CubeIDE/plugins/com.st.stm32cube.ide.mcu.externaltools.gnu-tools-for-stm32.13.3.rel1.win32_1.0.0.202411081344/tools/bin/../lib/gcc/arm-none-eabi/13.3.1/../../../../arm-none-eabi/lib/thumb/v6-m/nofp\libc_nano.a(libc_a-nano-vfprintf_float.o)
                0x08007594                __cvt
 .text.__exponent
                0x08007660       0x7e C:/ST/STM32CubeIDE_1.19.0/STM32CubeIDE/plugins/com.st.stm32cube.ide.mcu.externaltools.gnu-tools-for-stm32.13.3.rel1.win32_1.0.0.202411081344/tools/bin/../lib/gcc/arm-none-eabi/13.3.1/../../../../arm-none-eabi/lib/thumb/v6-m/nofp\libc_nano.a(libc_a-nano-vfprintf_float.o)
                0x08007660                __exponent
 *fill*         0x080076de        0x2 
 .text._printf_float
                0x080076e0      0x47c C:/ST/STM32CubeIDE_1.19.0/STM32CubeIDE/plugins/com.st.stm32cube.ide.mcu.externaltools.gnu-tools-for-stm32.13.3.rel1.win32_1.0.0.202411081344/tools/bin/../lib/gcc/arm-none-eabi/13.3.1/../../../../arm-none-eabi/lib/thumb/v6-m/nofp\libc_nano.a(libc_a-nano-vfprintf_float.o)
                0x080076e0                _printf_float
 .text._printf_common
                0x08007b5c       0xde C:/ST/STM32CubeIDE_1.19.0/STM32CubeIDE/plugins/com.st.stm32cube.ide.mcu.externaltools.gnu-tools-for-stm32.13.3.rel1.win32_1.0.0.202411081344/tools/bin/../lib/gcc/arm-none-eabi/13.3.1/../../../../arm-none-eabi/lib/thumb/v6-m/nofp\libc_nano.a(libc_a-nano-vfprintf_i.o)
                0x08007b5c                _printf_common
 *fill*         0x08007c3a        0x2 
 .text._printf_i
                0x08007c3c      0x218 C:/ST/STM32CubeIDE_1.19.0/STM32CubeIDE/plugins/com.st.stm32cube.ide.mcu.externaltools.gnu-tools-for-stm32.13.3.rel1.win32_1.0.0.202411081344/tools/bin/../lib/gcc/arm-none-eabi/13.3.1/../../../../arm-none-eabi/lib/thumb/v6-m/nofp\libc_nano.a(libc_a-nano-vfprintf_i.o)
                0x08007c3c                _printf_i
 .text._scanf_float
                0x08007e54      0x418 C:/ST/STM32CubeIDE_1.19.0/STM32CubeIDE/plugins/com.st.stm32cube.ide.mcu.externaltools.gnu-tools-for-stm32.13.3.rel1.win32_1.0.0.202411081344/tools/bin/../lib/gcc/arm-none-eabi/13.3.1/../../../../arm-none-eabi/lib/thumb/v6-m/nofp\libc_nano.a(libc_a-nano-vfscanf_float.o)
                0x08007e54                _scanf_float
 .text.std      0x0800826c       0x6c C:/ST/STM32CubeIDE_1.19.0/STM32CubeIDE/plugins/com.st.stm32cube.ide.mcu.externaltools.gnu-tools-for-stm32.13.3.rel1.win32_1.0.0.202411081344/tools/bin/../lib/gcc/arm-none-eabi/13.3.1/../../../../arm-none-eabi/lib/thumb/v6-m/nofp\libc_nano.a(libc_a-findfp.o)
 .text.stdio_exit_handler
                0x080082d8       0x1c C:/ST/STM32CubeIDE_1.19.0/STM32CubeIDE/plugins/com.st.stm32cube.ide.mcu.externaltools.gnu-tools-for-stm32.13.3.rel1.win32_1.0.0.202411081344/tools/bin/../lib/gcc/arm-none-eabi/13.3.1/../../../../arm-none-eabi/lib/thumb/v6-m/nofp\libc_nano.a(libc_a-findfp.o)
 .text.cleanup_stdio
                0x080082f4       0x3c C:/ST/STM32CubeIDE_1.19.0/STM32CubeIDE/plugins/com.st.stm32cube.ide.mcu.externaltools.gnu-tools-for-stm32.13.3.rel1.win32_1.0.0.202411081344/tools/bin/../lib/gcc/arm-none-eabi/13.3.1/../../../../arm-none-eabi/lib/thumb/v6-m/nofp\libc_nano.a(libc_a-findfp.o)
 .text.global_stdio_init.part.0
                0x08008330       0x3c C:/ST/STM32CubeIDE_1.19.0/STM32CubeIDE/plugins/com.st.stm32cube.ide.mcu.externaltools.gnu-tools-for-stm32.13.3.rel1.win32_1.0.0.202411081344/tools/bin/../lib/gcc/arm-none-eabi/13.3.1/../../../../arm-none-eabi/lib/thumb/v6-m/nofp\libc_nano.a(libc_a-findfp.o)
 .text.__sfp_lock_acquire
                0x0800836c       0x10 C:/ST/STM32CubeIDE_1.19.0/STM32CubeIDE/plugins/com.st.stm32cube.ide.mcu.externaltools.gnu-tools-for-stm32.13.3.rel1.win32_1.0.0.202411081344/tools/bin/../lib/gcc/arm-none-eabi/13.3.1/../../../../arm-none-eabi/lib/thumb/v6-m/nofp\libc_nano.a(libc_a-findfp.o)
                0x0800836c                __sfp_lock_acquire
 .text.__sfp_lock_release
                0x0800837c       0x10 C:/ST/STM32CubeIDE_1.19.0/STM32CubeIDE/plugins/com.st.stm32cube.ide.mcu.externaltools.gnu-tools-for-stm32.13.3.rel1.win32_1.0.0.202411081344/tools/bin/../lib/gcc/arm-none-eabi/13.3.1/../../../../arm-none-eabi/lib/thumb/v6-m/nofp\libc_nano.a(libc_a-findfp.o)
                0x0800837c                __sfp_lock_release
 .text.__sinit  0x0800838c       0x30 C:/ST/STM32CubeIDE_1.19.0/STM32CubeIDE/plugins/com.st.stm32cube.ide.mcu.externaltools.gnu-tools-for-stm32.13.3.rel1.win32_1.0.0.202411081344/tools/bin/../lib/gcc/arm-none-eabi/13.3.1/../../../../arm-none-eabi/lib/thumb/v6-m/nofp\libc_nano.a(libc_a-findfp.o)
                0x0800838c                __sinit
 .text._fwalk_sglue
                0x080083bc       0x38 C:/ST/STM32CubeIDE_1.19.0/STM32CubeIDE/plugins/com.st.stm32cube.ide.mcu.externaltools.gnu-tools-for-stm32.13.3.rel1.win32_1.0.0.202411081344/tools/bin/../lib/gcc/arm-none-eabi/13.3.1/../../../../arm-none-eabi/lib/thumb/v6-m/nofp\libc_nano.a(libc_a-fwalk.o)
                0x080083bc                _fwalk_sglue
 .text.sprintf  0x080083f4       0x44 C:/ST/STM32CubeIDE_1.19.0/STM32CubeIDE/plugins/com.st.stm32cube.ide.mcu.externaltools.gnu-tools-for-stm32.13.3.rel1.win32_1.0.0.202411081344/tools/bin/../lib/gcc/arm-none-eabi/13.3.1/../../../../arm-none-eabi/lib/thumb/v6-m/nofp\libc_nano.a(libc_a-sprintf.o)
                0x080083f4                siprintf
                0x080083f4                sprintf
 .text.__sread  0x08008438       0x28 C:/ST/STM32CubeIDE_1.19.0/STM32CubeIDE/plugins/com.st.stm32cube.ide.mcu.externaltools.gnu-tools-for-stm32.13.3.rel1.win32_1.0.0.202411081344/tools/bin/../lib/gcc/arm-none-eabi/13.3.1/../../../../arm-none-eabi/lib/thumb/v6-m/nofp\libc_nano.a(libc_a-stdio.o)
                0x08008438                __sread
 .text.__swrite
                0x08008460       0x38 C:/ST/STM32CubeIDE_1.19.0/STM32CubeIDE/plugins/com.st.stm32cube.ide.mcu.externaltools.gnu-tools-for-stm32.13.3.rel1.win32_1.0.0.202411081344/tools/bin/../lib/gcc/arm-none-eabi/13.3.1/../../../../arm-none-eabi/lib/thumb/v6-m/nofp\libc_nano.a(libc_a-stdio.o)
                0x08008460                __swrite
 .text.__sseek  0x08008498       0x2c C:/ST/STM32CubeIDE_1.19.0/STM32CubeIDE/plugins/com.st.stm32cube.ide.mcu.externaltools.gnu-tools-for-stm32.13.3.rel1.win32_1.0.0.202411081344/tools/bin/../lib/gcc/arm-none-eabi/13.3.1/../../../../arm-none-eabi/lib/thumb/v6-m/nofp\libc_nano.a(libc_a-stdio.o)
                0x08008498                __sseek
 .text.__sclose
                0x080084c4        0xc C:/ST/STM32CubeIDE_1.19.0/STM32CubeIDE/plugins/com.st.stm32cube.ide.mcu.externaltools.gnu-tools-for-stm32.13.3.rel1.win32_1.0.0.202411081344/tools/bin/../lib/gcc/arm-none-eabi/13.3.1/../../../../arm-none-eabi/lib/thumb/v6-m/nofp\libc_nano.a(libc_a-stdio.o)
                0x080084c4                __sclose
 .text.memset   0x080084d0       0x10 C:/ST/STM32CubeIDE_1.19.0/STM32CubeIDE/plugins/com.st.stm32cube.ide.mcu.externaltools.gnu-tools-for-stm32.13.3.rel1.win32_1.0.0.202411081344/tools/bin/../lib/gcc/arm-none-eabi/13.3.1/../../../../arm-none-eabi/lib/thumb/v6-m/nofp\libc_nano.a(libc_a-memset.o)
                0x080084d0                memset
 .text._localeconv_r
                0x080084e0        0x8 C:/ST/STM32CubeIDE_1.19.0/STM32CubeIDE/plugins/com.st.stm32cube.ide.mcu.externaltools.gnu-tools-for-stm32.13.3.rel1.win32_1.0.0.202411081344/tools/bin/../lib/gcc/arm-none-eabi/13.3.1/../../../../arm-none-eabi/lib/thumb/v6-m/nofp\libc_nano.a(libc_a-localeconv.o)
                0x080084e0                _localeconv_r
 .text._close_r
                0x080084e8       0x24 C:/ST/STM32CubeIDE_1.19.0/STM32CubeIDE/plugins/com.st.stm32cube.ide.mcu.externaltools.gnu-tools-for-stm32.13.3.rel1.win32_1.0.0.202411081344/tools/bin/../lib/gcc/arm-none-eabi/13.3.1/../../../../arm-none-eabi/lib/thumb/v6-m/nofp\libc_nano.a(libc_a-closer.o)
                0x080084e8                _close_r
 .text._lseek_r
                0x0800850c       0x28 C:/ST/STM32CubeIDE_1.19.0/STM32CubeIDE/plugins/com.st.stm32cube.ide.mcu.externaltools.gnu-tools-for-stm32.13.3.rel1.win32_1.0.0.202411081344/tools/bin/../lib/gcc/arm-none-eabi/13.3.1/../../../../arm-none-eabi/lib/thumb/v6-m/nofp\libc_nano.a(libc_a-lseekr.o)
                0x0800850c                _lseek_r
 .text._read_r  0x08008534       0x28 C:/ST/STM32CubeIDE_1.19.0/STM32CubeIDE/plugins/com.st.stm32cube.ide.mcu.externaltools.gnu-tools-for-stm32.13.3.rel1.win32_1.0.0.202411081344/tools/bin/../lib/gcc/arm-none-eabi/13.3.1/../../../../arm-none-eabi/lib/thumb/v6-m/nofp\libc_nano.a(libc_a-readr.o)
                0x08008534                _read_r
 .text._write_r
                0x0800855c       0x28 C:/ST/STM32CubeIDE_1.19.0/STM32CubeIDE/plugins/com.st.stm32cube.ide.mcu.externaltools.gnu-tools-for-stm32.13.3.rel1.win32_1.0.0.202411081344/tools/bin/../lib/gcc/arm-none-eabi/13.3.1/../../../../arm-none-eabi/lib/thumb/v6-m/nofp\libc_nano.a(libc_a-writer.o)
                0x0800855c                _write_r
 .text.__errno  0x08008584        0xc C:/ST/STM32CubeIDE_1.19.0/STM32CubeIDE/plugins/com.st.stm32cube.ide.mcu.externaltools.gnu-tools-for-stm32.13.3.rel1.win32_1.0.0.202411081344/tools/bin/../lib/gcc/arm-none-eabi/13.3.1/../../../../arm-none-eabi/lib/thumb/v6-m/nofp\libc_nano.a(libc_a-errno.o)
                0x08008584                __errno
 .text.__libc_init_array
                0x08008590       0x48 C:/ST/STM32CubeIDE_1.19.0/STM32CubeIDE/plugins/com.st.stm32cube.ide.mcu.externaltools.gnu-tools-for-stm32.13.3.rel1.win32_1.0.0.202411081344/tools/bin/../lib/gcc/arm-none-eabi/13.3.1/../../../../arm-none-eabi/lib/thumb/v6-m/nofp\libc_nano.a(libc_a-init.o)
                0x08008590                __libc_init_array
 .text.__retarget_lock_init_recursive
                0x080085d8        0x2 C:/ST/STM32CubeIDE_1.19.0/STM32CubeIDE/plugins/com.st.stm32cube.ide.mcu.externaltools.gnu-tools-for-stm32.13.3.rel1.win32_1.0.0.202411081344/tools/bin/../lib/gcc/arm-none-eabi/13.3.1/../../../../arm-none-eabi/lib/thumb/v6-m/nofp\libc_nano.a(libc_a-lock.o)
                0x080085d8                __retarget_lock_init_recursive
 .text.__retarget_lock_acquire_recursive
                0x080085da        0x2 C:/ST/STM32CubeIDE_1.19.0/STM32CubeIDE/plugins/com.st.stm32cube.ide.mcu.externaltools.gnu-tools-for-stm32.13.3.rel1.win32_1.0.0.202411081344/tools/bin/../lib/gcc/arm-none-eabi/13.3.1/../../../../arm-none-eabi/lib/thumb/v6-m/nofp\libc_nano.a(libc_a-lock.o)
                0x080085da                __retarget_lock_acquire_recursive
 .text.__retarget_lock_release_recursive
                0x080085dc        0x2 C:/ST/STM32CubeIDE_1.19.0/STM32CubeIDE/plugins/com.st.stm32cube.ide.mcu.externaltools.gnu-tools-for-stm32.13.3.rel1.win32_1.0.0.202411081344/tools/bin/../lib/gcc/arm-none-eabi/13.3.1/../../../../arm-none-eabi/lib/thumb/v6-m/nofp\libc_nano.a(libc_a-lock.o)
                0x080085dc                __retarget_lock_release_recursive
 .text.strcpy   0x080085de       0x10 C:/ST/STM32CubeIDE_1.19.0/STM32CubeIDE/plugins/com.st.stm32cube.ide.mcu.externaltools.gnu-tools-for-stm32.13.3.rel1.win32_1.0.0.202411081344/tools/bin/../lib/gcc/arm-none-eabi/13.3.1/../../../../arm-none-eabi/lib/thumb/v6-m/nofp\libc_nano.a(libc_a-strcpy.o)
                0x080085de                strcpy
 .text.memchr   0x080085ee       0x16 C:/ST/STM32CubeIDE_1.19.0/STM32CubeIDE/plugins/com.st.stm32cube.ide.mcu.externaltools.gnu-tools-for-stm32.13.3.rel1.win32_1.0.0.202411081344/tools/bin/../lib/gcc/arm-none-eabi/13.3.1/../../../../arm-none-eabi/lib/thumb/v6-m/nofp\libc_nano.a(libc_a-memchr-stub.o)
                0x080085ee                memchr
 .text.nanf     0x08008604        0x8 C:/ST/STM32CubeIDE_1.19.0/STM32CubeIDE/plugins/com.st.stm32cube.ide.mcu.externaltools.gnu-tools-for-stm32.13.3.rel1.win32_1.0.0.202411081344/tools/bin/../lib/gcc/arm-none-eabi/13.3.1/../../../../arm-none-eabi/lib/thumb/v6-m/nofp\libc_nano.a(libm_a-sf_nan.o)
                0x08008604                nanf
 .text.quorem   0x0800860c      0x10a C:/ST/STM32CubeIDE_1.19.0/STM32CubeIDE/plugins/com.st.stm32cube.ide.mcu.externaltools.gnu-tools-for-stm32.13.3.rel1.win32_1.0.0.202411081344/tools/bin/../lib/gcc/arm-none-eabi/13.3.1/../../../../arm-none-eabi/lib/thumb/v6-m/nofp\libc_nano.a(libc_a-dtoa.o)
 *fill*         0x08008716        0x2 
 .text._dtoa_r  0x08008718      0xbe0 C:/ST/STM32CubeIDE_1.19.0/STM32CubeIDE/plugins/com.st.stm32cube.ide.mcu.externaltools.gnu-tools-for-stm32.13.3.rel1.win32_1.0.0.202411081344/tools/bin/../lib/gcc/arm-none-eabi/13.3.1/../../../../arm-none-eabi/lib/thumb/v6-m/nofp\libc_nano.a(libc_a-dtoa.o)
                0x08008718                _dtoa_r
 .text._free_r  0x080092f8       0x94 C:/ST/STM32CubeIDE_1.19.0/STM32CubeIDE/plugins/com.st.stm32cube.ide.mcu.externaltools.gnu-tools-for-stm32.13.3.rel1.win32_1.0.0.202411081344/tools/bin/../lib/gcc/arm-none-eabi/13.3.1/../../../../arm-none-eabi/lib/thumb/v6-m/nofp\libc_nano.a(libc_a-freer.o)
                0x080092f8                _free_r
 .text.malloc   0x0800938c       0x14 C:/ST/STM32CubeIDE_1.19.0/STM32CubeIDE/plugins/com.st.stm32cube.ide.mcu.externaltools.gnu-tools-for-stm32.13.3.rel1.win32_1.0.0.202411081344/tools/bin/../lib/gcc/arm-none-eabi/13.3.1/../../../../arm-none-eabi/lib/thumb/v6-m/nofp\libc_nano.a(libc_a-malloc.o)
                0x0800938c                malloc
 .text.sbrk_aligned
                0x080093a0       0x44 C:/ST/STM32CubeIDE_1.19.0/STM32CubeIDE/plugins/com.st.stm32cube.ide.mcu.externaltools.gnu-tools-for-stm32.13.3.rel1.win32_1.0.0.202411081344/tools/bin/../lib/gcc/arm-none-eabi/13.3.1/../../../../arm-none-eabi/lib/thumb/v6-m/nofp\libc_nano.a(libc_a-mallocr.o)
 .text._malloc_r
                0x080093e4      0x100 C:/ST/STM32CubeIDE_1.19.0/STM32CubeIDE/plugins/com.st.stm32cube.ide.mcu.externaltools.gnu-tools-for-stm32.13.3.rel1.win32_1.0.0.202411081344/tools/bin/../lib/gcc/arm-none-eabi/13.3.1/../../../../arm-none-eabi/lib/thumb/v6-m/nofp\libc_nano.a(libc_a-mallocr.o)
                0x080093e4                _malloc_r
 .text.__malloc_lock
                0x080094e4       0x10 C:/ST/STM32CubeIDE_1.19.0/STM32CubeIDE/plugins/com.st.stm32cube.ide.mcu.externaltools.gnu-tools-for-stm32.13.3.rel1.win32_1.0.0.202411081344/tools/bin/../lib/gcc/arm-none-eabi/13.3.1/../../../../arm-none-eabi/lib/thumb/v6-m/nofp\libc_nano.a(libc_a-mlock.o)
                0x080094e4                __malloc_lock
 .text.__malloc_unlock
                0x080094f4       0x10 C:/ST/STM32CubeIDE_1.19.0/STM32CubeIDE/plugins/com.st.stm32cube.ide.mcu.externaltools.gnu-tools-for-stm32.13.3.rel1.win32_1.0.0.202411081344/tools/bin/../lib/gcc/arm-none-eabi/13.3.1/../../../../arm-none-eabi/lib/thumb/v6-m/nofp\libc_nano.a(libc_a-mlock.o)
                0x080094f4                __malloc_unlock
 .text._Balloc  0x08009504       0x88 C:/ST/STM32CubeIDE_1.19.0/STM32CubeIDE/plugins/com.st.stm32cube.ide.mcu.externaltools.gnu-tools-for-stm32.13.3.rel1.win32_1.0.0.202411081344/tools/bin/../lib/gcc/arm-none-eabi/13.3.1/../../../../arm-none-eabi/lib/thumb/v6-m/nofp\libc_nano.a(libc_a-mprec.o)
                0x08009504                _Balloc
 .text._Bfree   0x0800958c       0x48 C:/ST/STM32CubeIDE_1.19.0/STM32CubeIDE/plugins/com.st.stm32cube.ide.mcu.externaltools.gnu-tools-for-stm32.13.3.rel1.win32_1.0.0.202411081344/tools/bin/../lib/gcc/arm-none-eabi/13.3.1/../../../../arm-none-eabi/lib/thumb/v6-m/nofp\libc_nano.a(libc_a-mprec.o)
                0x0800958c                _Bfree
 .text.__multadd
                0x080095d4       0x88 C:/ST/STM32CubeIDE_1.19.0/STM32CubeIDE/plugins/com.st.stm32cube.ide.mcu.externaltools.gnu-tools-for-stm32.13.3.rel1.win32_1.0.0.202411081344/tools/bin/../lib/gcc/arm-none-eabi/13.3.1/../../../../arm-none-eabi/lib/thumb/v6-m/nofp\libc_nano.a(libc_a-mprec.o)
                0x080095d4                __multadd
 .text.__s2b    0x0800965c       0x98 C:/ST/STM32CubeIDE_1.19.0/STM32CubeIDE/plugins/com.st.stm32cube.ide.mcu.externaltools.gnu-tools-for-stm32.13.3.rel1.win32_1.0.0.202411081344/tools/bin/../lib/gcc/arm-none-eabi/13.3.1/../../../../arm-none-eabi/lib/thumb/v6-m/nofp\libc_nano.a(libc_a-mprec.o)
                0x0800965c                __s2b
 .text.__hi0bits
                0x080096f4       0x42 C:/ST/STM32CubeIDE_1.19.0/STM32CubeIDE/plugins/com.st.stm32cube.ide.mcu.externaltools.gnu-tools-for-stm32.13.3.rel1.win32_1.0.0.202411081344/tools/bin/../lib/gcc/arm-none-eabi/13.3.1/../../../../arm-none-eabi/lib/thumb/v6-m/nofp\libc_nano.a(libc_a-mprec.o)
                0x080096f4                __hi0bits
 .text.__lo0bits
                0x08009736       0x5c C:/ST/STM32CubeIDE_1.19.0/STM32CubeIDE/plugins/com.st.stm32cube.ide.mcu.externaltools.gnu-tools-for-stm32.13.3.rel1.win32_1.0.0.202411081344/tools/bin/../lib/gcc/arm-none-eabi/13.3.1/../../../../arm-none-eabi/lib/thumb/v6-m/nofp\libc_nano.a(libc_a-mprec.o)
                0x08009736                __lo0bits
 *fill*         0x08009792        0x2 
 .text.__i2b    0x08009794       0x30 C:/ST/STM32CubeIDE_1.19.0/STM32CubeIDE/plugins/com.st.stm32cube.ide.mcu.externaltools.gnu-tools-for-stm32.13.3.rel1.win32_1.0.0.202411081344/tools/bin/../lib/gcc/arm-none-eabi/13.3.1/../../../../arm-none-eabi/lib/thumb/v6-m/nofp\libc_nano.a(libc_a-mprec.o)
                0x08009794                __i2b
 .text.__multiply
                0x080097c4      0x154 C:/ST/STM32CubeIDE_1.19.0/STM32CubeIDE/plugins/com.st.stm32cube.ide.mcu.externaltools.gnu-tools-for-stm32.13.3.rel1.win32_1.0.0.202411081344/tools/bin/../lib/gcc/arm-none-eabi/13.3.1/../../../../arm-none-eabi/lib/thumb/v6-m/nofp\libc_nano.a(libc_a-mprec.o)
                0x080097c4                __multiply
 .text.__pow5mult
                0x08009918       0xb8 C:/ST/STM32CubeIDE_1.19.0/STM32CubeIDE/plugins/com.st.stm32cube.ide.mcu.externaltools.gnu-tools-for-stm32.13.3.rel1.win32_1.0.0.202411081344/tools/bin/../lib/gcc/arm-none-eabi/13.3.1/../../../../arm-none-eabi/lib/thumb/v6-m/nofp\libc_nano.a(libc_a-mprec.o)
                0x08009918                __pow5mult
 .text.__lshift
                0x080099d0       0xd8 C:/ST/STM32CubeIDE_1.19.0/STM32CubeIDE/plugins/com.st.stm32cube.ide.mcu.externaltools.gnu-tools-for-stm32.13.3.rel1.win32_1.0.0.202411081344/tools/bin/../lib/gcc/arm-none-eabi/13.3.1/../../../../arm-none-eabi/lib/thumb/v6-m/nofp\libc_nano.a(libc_a-mprec.o)
                0x080099d0                __lshift
 .text.__mcmp   0x08009aa8       0x36 C:/ST/STM32CubeIDE_1.19.0/STM32CubeIDE/plugins/com.st.stm32cube.ide.mcu.externaltools.gnu-tools-for-stm32.13.3.rel1.win32_1.0.0.202411081344/tools/bin/../lib/gcc/arm-none-eabi/13.3.1/../../../../arm-none-eabi/lib/thumb/v6-m/nofp\libc_nano.a(libc_a-mprec.o)
                0x08009aa8                __mcmp
 *fill*         0x08009ade        0x2 
 .text.__mdiff  0x08009ae0      0x134 C:/ST/STM32CubeIDE_1.19.0/STM32CubeIDE/plugins/com.st.stm32cube.ide.mcu.externaltools.gnu-tools-for-stm32.13.3.rel1.win32_1.0.0.202411081344/tools/bin/../lib/gcc/arm-none-eabi/13.3.1/../../../../arm-none-eabi/lib/thumb/v6-m/nofp\libc_nano.a(libc_a-mprec.o)
                0x08009ae0                __mdiff
 .text.__ulp    0x08009c14       0x40 C:/ST/STM32CubeIDE_1.19.0/STM32CubeIDE/plugins/com.st.stm32cube.ide.mcu.externaltools.gnu-tools-for-stm32.13.3.rel1.win32_1.0.0.202411081344/tools/bin/../lib/gcc/arm-none-eabi/13.3.1/../../../../arm-none-eabi/lib/thumb/v6-m/nofp\libc_nano.a(libc_a-mprec.o)
                0x08009c14                __ulp
 .text.__b2d    0x08009c54       0x98 C:/ST/STM32CubeIDE_1.19.0/STM32CubeIDE/plugins/com.st.stm32cube.ide.mcu.externaltools.gnu-tools-for-stm32.13.3.rel1.win32_1.0.0.202411081344/tools/bin/../lib/gcc/arm-none-eabi/13.3.1/../../../../arm-none-eabi/lib/thumb/v6-m/nofp\libc_nano.a(libc_a-mprec.o)
                0x08009c54                __b2d
 .text.__d2b    0x08009cec       0xc0 C:/ST/STM32CubeIDE_1.19.0/STM32CubeIDE/plugins/com.st.stm32cube.ide.mcu.externaltools.gnu-tools-for-stm32.13.3.rel1.win32_1.0.0.202411081344/tools/bin/../lib/gcc/arm-none-eabi/13.3.1/../../../../arm-none-eabi/lib/thumb/v6-m/nofp\libc_nano.a(libc_a-mprec.o)
                0x08009cec                __d2b
 .text.__ratio  0x08009dac       0x54 C:/ST/STM32CubeIDE_1.19.0/STM32CubeIDE/plugins/com.st.stm32cube.ide.mcu.externaltools.gnu-tools-for-stm32.13.3.rel1.win32_1.0.0.202411081344/tools/bin/../lib/gcc/arm-none-eabi/13.3.1/../../../../arm-none-eabi/lib/thumb/v6-m/nofp\libc_nano.a(libc_a-mprec.o)
                0x08009dac                __ratio
 .text.__copybits
                0x08009e00       0x42 C:/ST/STM32CubeIDE_1.19.0/STM32CubeIDE/plugins/com.st.stm32cube.ide.mcu.externaltools.gnu-tools-for-stm32.13.3.rel1.win32_1.0.0.202411081344/tools/bin/../lib/gcc/arm-none-eabi/13.3.1/../../../../arm-none-eabi/lib/thumb/v6-m/nofp\libc_nano.a(libc_a-mprec.o)
                0x08009e00                __copybits
 .text.__any_on
                0x08009e42       0x46 C:/ST/STM32CubeIDE_1.19.0/STM32CubeIDE/plugins/com.st.stm32cube.ide.mcu.externaltools.gnu-tools-for-stm32.13.3.rel1.win32_1.0.0.202411081344/tools/bin/../lib/gcc/arm-none-eabi/13.3.1/../../../../arm-none-eabi/lib/thumb/v6-m/nofp\libc_nano.a(libc_a-mprec.o)
                0x08009e42                __any_on
 .text.sulp     0x08009e88       0x30 C:/ST/STM32CubeIDE_1.19.0/STM32CubeIDE/plugins/com.st.stm32cube.ide.mcu.externaltools.gnu-tools-for-stm32.13.3.rel1.win32_1.0.0.202411081344/tools/bin/../lib/gcc/arm-none-eabi/13.3.1/../../../../arm-none-eabi/lib/thumb/v6-m/nofp\libc_nano.a(libc_a-strtod.o)
 .text._strtod_l
                0x08009eb8      0xbfc C:/ST/STM32CubeIDE_1.19.0/STM32CubeIDE/plugins/com.st.stm32cube.ide.mcu.externaltools.gnu-tools-for-stm32.13.3.rel1.win32_1.0.0.202411081344/tools/bin/../lib/gcc/arm-none-eabi/13.3.1/../../../../arm-none-eabi/lib/thumb/v6-m/nofp\libc_nano.a(libc_a-strtod.o)
                0x08009eb8                _strtod_l
 .text._strtod_r
                0x0800aab4       0x10 C:/ST/STM32CubeIDE_1.19.0/STM32CubeIDE/plugins/com.st.stm32cube.ide.mcu.externaltools.gnu-tools-for-stm32.13.3.rel1.win32_1.0.0.202411081344/tools/bin/../lib/gcc/arm-none-eabi/13.3.1/../../../../arm-none-eabi/lib/thumb/v6-m/nofp\libc_nano.a(libc_a-strtod.o)
                0x0800aab4                _strtod_r
 .text._strtol_l.isra.0
                0x0800aac4      0x114 C:/ST/STM32CubeIDE_1.19.0/STM32CubeIDE/plugins/com.st.stm32cube.ide.mcu.externaltools.gnu-tools-for-stm32.13.3.rel1.win32_1.0.0.202411081344/tools/bin/../lib/gcc/arm-none-eabi/13.3.1/../../../../arm-none-eabi/lib/thumb/v6-m/nofp\libc_nano.a(libc_a-strtol.o)
 .text._strtol_r
                0x0800abd8        0x8 C:/ST/STM32CubeIDE_1.19.0/STM32CubeIDE/plugins/com.st.stm32cube.ide.mcu.externaltools.gnu-tools-for-stm32.13.3.rel1.win32_1.0.0.202411081344/tools/bin/../lib/gcc/arm-none-eabi/13.3.1/../../../../arm-none-eabi/lib/thumb/v6-m/nofp\libc_nano.a(libc_a-strtol.o)
                0x0800abd8                _strtol_r
 .text.__ssputs_r
                0x0800abe0       0xc0 C:/ST/STM32CubeIDE_1.19.0/STM32CubeIDE/plugins/com.st.stm32cube.ide.mcu.externaltools.gnu-tools-for-stm32.13.3.rel1.win32_1.0.0.202411081344/tools/bin/../lib/gcc/arm-none-eabi/13.3.1/../../../../arm-none-eabi/lib/thumb/v6-m/nofp\libc_nano.a(libc_a-nano-svfprintf.o)
                0x0800abe0                __ssputs_r
 .text._svfprintf_r
                0x0800aca0      0x1fc C:/ST/STM32CubeIDE_1.19.0/STM32CubeIDE/plugins/com.st.stm32cube.ide.mcu.externaltools.gnu-tools-for-stm32.13.3.rel1.win32_1.0.0.202411081344/tools/bin/../lib/gcc/arm-none-eabi/13.3.1/../../../../arm-none-eabi/lib/thumb/v6-m/nofp\libc_nano.a(libc_a-nano-svfprintf.o)
                0x0800aca0                _svfiprintf_r
                0x0800aca0                _svfprintf_r
 .text.__sflush_r
                0x0800ae9c      0x10c C:/ST/STM32CubeIDE_1.19.0/STM32CubeIDE/plugins/com.st.stm32cube.ide.mcu.externaltools.gnu-tools-for-stm32.13.3.rel1.win32_1.0.0.202411081344/tools/bin/../lib/gcc/arm-none-eabi/13.3.1/../../../../arm-none-eabi/lib/thumb/v6-m/nofp\libc_nano.a(libc_a-fflush.o)
                0x0800ae9c                __sflush_r
 .text._fflush_r
                0x0800afa8       0x56 C:/ST/STM32CubeIDE_1.19.0/STM32CubeIDE/plugins/com.st.stm32cube.ide.mcu.externaltools.gnu-tools-for-stm32.13.3.rel1.win32_1.0.0.202411081344/tools/bin/../lib/gcc/arm-none-eabi/13.3.1/../../../../arm-none-eabi/lib/thumb/v6-m/nofp\libc_nano.a(libc_a-fflush.o)
                0x0800afa8                _fflush_r
 .text.memmove  0x0800affe       0x24 C:/ST/STM32CubeIDE_1.19.0/STM32CubeIDE/plugins/com.st.stm32cube.ide.mcu.externaltools.gnu-tools-for-stm32.13.3.rel1.win32_1.0.0.202411081344/tools/bin/../lib/gcc/arm-none-eabi/13.3.1/../../../../arm-none-eabi/lib/thumb/v6-m/nofp\libc_nano.a(libc_a-memmove.o)
                0x0800affe                memmove
 .text.strncmp  0x0800b022       0x22 C:/ST/STM32CubeIDE_1.19.0/STM32CubeIDE/plugins/com.st.stm32cube.ide.mcu.externaltools.gnu-tools-for-stm32.13.3.rel1.win32_1.0.0.202411081344/tools/bin/../lib/gcc/arm-none-eabi/13.3.1/../../../../arm-none-eabi/lib/thumb/v6-m/nofp\libc_nano.a(libc_a-strncmp.o)
                0x0800b022                strncmp
 .text._sbrk_r  0x0800b044       0x24 C:/ST/STM32CubeIDE_1.19.0/STM32CubeIDE/plugins/com.st.stm32cube.ide.mcu.externaltools.gnu-tools-for-stm32.13.3.rel1.win32_1.0.0.202411081344/tools/bin/../lib/gcc/arm-none-eabi/13.3.1/../../../../arm-none-eabi/lib/thumb/v6-m/nofp\libc_nano.a(libc_a-sbrkr.o)
                0x0800b044                _sbrk_r
 .text.memcpy   0x0800b068       0x12 C:/ST/STM32CubeIDE_1.19.0/STM32CubeIDE/plugins/com.st.stm32cube.ide.mcu.externaltools.gnu-tools-for-stm32.13.3.rel1.win32_1.0.0.202411081344/tools/bin/../lib/gcc/arm-none-eabi/13.3.1/../../../../arm-none-eabi/lib/thumb/v6-m/nofp\libc_nano.a(libc_a-memcpy-stub.o)
                0x0800b068                memcpy
 *fill*         0x0800b07a        0x2 
 .text.nan      0x0800b07c        0xc C:/ST/STM32CubeIDE_1.19.0/STM32CubeIDE/plugins/com.st.stm32cube.ide.mcu.externaltools.gnu-tools-for-stm32.13.3.rel1.win32_1.0.0.202411081344/tools/bin/../lib/gcc/arm-none-eabi/13.3.1/../../../../arm-none-eabi/lib/thumb/v6-m/nofp\libc_nano.a(libm_a-s_nan.o)
                0x0800b07c                nan
 .text.__assert_func
                0x0800b088       0x3c C:/ST/STM32CubeIDE_1.19.0/STM32CubeIDE/plugins/com.st.stm32cube.ide.mcu.externaltools.gnu-tools-for-stm32.13.3.rel1.win32_1.0.0.202411081344/tools/bin/../lib/gcc/arm-none-eabi/13.3.1/../../../../arm-none-eabi/lib/thumb/v6-m/nofp\libc_nano.a(libc_a-assert.o)
                0x0800b088                __assert_func
 .text._calloc_r
                0x0800b0c4       0x5a C:/ST/STM32CubeIDE_1.19.0/STM32CubeIDE/plugins/com.st.stm32cube.ide.mcu.externaltools.gnu-tools-for-stm32.13.3.rel1.win32_1.0.0.202411081344/tools/bin/../lib/gcc/arm-none-eabi/13.3.1/../../../../arm-none-eabi/lib/thumb/v6-m/nofp\libc_nano.a(libc_a-callocr.o)
                0x0800b0c4                _calloc_r
 .text.rshift   0x0800b11e       0xa6 C:/ST/STM32CubeIDE_1.19.0/STM32CubeIDE/plugins/com.st.stm32cube.ide.mcu.externaltools.gnu-tools-for-stm32.13.3.rel1.win32_1.0.0.202411081344/tools/bin/../lib/gcc/arm-none-eabi/13.3.1/../../../../arm-none-eabi/lib/thumb/v6-m/nofp\libc_nano.a(libc_a-gdtoa-gethex.o)
 .text.__hexdig_fun
                0x0800b1c4       0x2a C:/ST/STM32CubeIDE_1.19.0/STM32CubeIDE/plugins/com.st.stm32cube.ide.mcu.externaltools.gnu-tools-for-stm32.13.3.rel1.win32_1.0.0.202411081344/tools/bin/../lib/gcc/arm-none-eabi/13.3.1/../../../../arm-none-eabi/lib/thumb/v6-m/nofp\libc_nano.a(libc_a-gdtoa-gethex.o)
                0x0800b1c4                __hexdig_fun
 *fill*         0x0800b1ee        0x2 
 .text.__gethex
                0x0800b1f0      0x448 C:/ST/STM32CubeIDE_1.19.0/STM32CubeIDE/plugins/com.st.stm32cube.ide.mcu.externaltools.gnu-tools-for-stm32.13.3.rel1.win32_1.0.0.202411081344/tools/bin/../lib/gcc/arm-none-eabi/13.3.1/../../../../arm-none-eabi/lib/thumb/v6-m/nofp\libc_nano.a(libc_a-gdtoa-gethex.o)
                0x0800b1f0                __gethex
 .text.L_shift  0x0800b638       0x24 C:/ST/STM32CubeIDE_1.19.0/STM32CubeIDE/plugins/com.st.stm32cube.ide.mcu.externaltools.gnu-tools-for-stm32.13.3.rel1.win32_1.0.0.202411081344/tools/bin/../lib/gcc/arm-none-eabi/13.3.1/../../../../arm-none-eabi/lib/thumb/v6-m/nofp\libc_nano.a(libc_a-gdtoa-hexnan.o)
 .text.__match  0x0800b65c       0x28 C:/ST/STM32CubeIDE_1.19.0/STM32CubeIDE/plugins/com.st.stm32cube.ide.mcu.externaltools.gnu-tools-for-stm32.13.3.rel1.win32_1.0.0.202411081344/tools/bin/../lib/gcc/arm-none-eabi/13.3.1/../../../../arm-none-eabi/lib/thumb/v6-m/nofp\libc_nano.a(libc_a-gdtoa-hexnan.o)
                0x0800b65c                __match
 .text.__hexnan
                0x0800b684      0x150 C:/ST/STM32CubeIDE_1.19.0/STM32CubeIDE/plugins/com.st.stm32cube.ide.mcu.externaltools.gnu-tools-for-stm32.13.3.rel1.win32_1.0.0.202411081344/tools/bin/../lib/gcc/arm-none-eabi/13.3.1/../../../../arm-none-eabi/lib/thumb/v6-m/nofp\libc_nano.a(libc_a-gdtoa-hexnan.o)
                0x0800b684                __hexnan
 .text.__ascii_mbtowc
                0x0800b7d4       0x24 C:/ST/STM32CubeIDE_1.19.0/STM32CubeIDE/plugins/com.st.stm32cube.ide.mcu.externaltools.gnu-tools-for-stm32.13.3.rel1.win32_1.0.0.202411081344/tools/bin/../lib/gcc/arm-none-eabi/13.3.1/../../../../arm-none-eabi/lib/thumb/v6-m/nofp\libc_nano.a(libc_a-mbtowc_r.o)
                0x0800b7d4                __ascii_mbtowc
 .text._realloc_r
                0x0800b7f8       0x60 C:/ST/STM32CubeIDE_1.19.0/STM32CubeIDE/plugins/com.st.stm32cube.ide.mcu.externaltools.gnu-tools-for-stm32.13.3.rel1.win32_1.0.0.202411081344/tools/bin/../lib/gcc/arm-none-eabi/13.3.1/../../../../arm-none-eabi/lib/thumb/v6-m/nofp\libc_nano.a(libc_a-reallocr.o)
                0x0800b7f8                _realloc_r
 .text.__ascii_wctomb
                0x0800b858       0x1a C:/ST/STM32CubeIDE_1.19.0/STM32CubeIDE/plugins/com.st.stm32cube.ide.mcu.externaltools.gnu-tools-for-stm32.13.3.rel1.win32_1.0.0.202411081344/tools/bin/../lib/gcc/arm-none-eabi/13.3.1/../../../../arm-none-eabi/lib/thumb/v6-m/nofp\libc_nano.a(libc_a-wctomb_r.o)
                0x0800b858                __ascii_wctomb
 *fill*         0x0800b872        0x2 
 .text.fprintf  0x0800b874       0x20 C:/ST/STM32CubeIDE_1.19.0/STM32CubeIDE/plugins/com.st.stm32cube.ide.mcu.externaltools.gnu-tools-for-stm32.13.3.rel1.win32_1.0.0.202411081344/tools/bin/../lib/gcc/arm-none-eabi/13.3.1/../../../../arm-none-eabi/lib/thumb/v6-m/nofp\libc_nano.a(libc_a-fprintf.o)
                0x0800b874                fiprintf
                0x0800b874                fprintf
 .text.abort    0x0800b894        0xe C:/ST/STM32CubeIDE_1.19.0/STM32CubeIDE/plugins/com.st.stm32cube.ide.mcu.externaltools.gnu-tools-for-stm32.13.3.rel1.win32_1.0.0.202411081344/tools/bin/../lib/gcc/arm-none-eabi/13.3.1/../../../../arm-none-eabi/lib/thumb/v6-m/nofp\libc_nano.a(libc_a-abort.o)
                0x0800b894                abort
 .text._malloc_usable_size_r
                0x0800b8a2       0x10 C:/ST/STM32CubeIDE_1.19.0/STM32CubeIDE/plugins/com.st.stm32cube.ide.mcu.externaltools.gnu-tools-for-stm32.13.3.rel1.win32_1.0.0.202411081344/tools/bin/../lib/gcc/arm-none-eabi/13.3.1/../../../../arm-none-eabi/lib/thumb/v6-m/nofp\libc_nano.a(libc_a-msizer.o)
                0x0800b8a2                _malloc_usable_size_r
 .text.__sfputc_r
                0x0800b8b2       0x2a C:/ST/STM32CubeIDE_1.19.0/STM32CubeIDE/plugins/com.st.stm32cube.ide.mcu.externaltools.gnu-tools-for-stm32.13.3.rel1.win32_1.0.0.202411081344/tools/bin/../lib/gcc/arm-none-eabi/13.3.1/../../../../arm-none-eabi/lib/thumb/v6-m/nofp\libc_nano.a(libc_a-nano-vfprintf.o)
 .text.__sfputs_r
                0x0800b8dc       0x24 C:/ST/STM32CubeIDE_1.19.0/STM32CubeIDE/plugins/com.st.stm32cube.ide.mcu.externaltools.gnu-tools-for-stm32.13.3.rel1.win32_1.0.0.202411081344/tools/bin/../lib/gcc/arm-none-eabi/13.3.1/../../../../arm-none-eabi/lib/thumb/v6-m/nofp\libc_nano.a(libc_a-nano-vfprintf.o)
                0x0800b8dc                __sfputs_r
 .text._vfprintf_r
                0x0800b900      0x238 C:/ST/STM32CubeIDE_1.19.0/STM32CubeIDE/plugins/com.st.stm32cube.ide.mcu.externaltools.gnu-tools-for-stm32.13.3.rel1.win32_1.0.0.202411081344/tools/bin/../lib/gcc/arm-none-eabi/13.3.1/../../../../arm-none-eabi/lib/thumb/v6-m/nofp\libc_nano.a(libc_a-nano-vfprintf.o)
                0x0800b900                _vfprintf_r
                0x0800b900                _vfiprintf_r
 .text.__swbuf_r
                0x0800bb38       0x84 C:/ST/STM32CubeIDE_1.19.0/STM32CubeIDE/plugins/com.st.stm32cube.ide.mcu.externaltools.gnu-tools-for-stm32.13.3.rel1.win32_1.0.0.202411081344/tools/bin/../lib/gcc/arm-none-eabi/13.3.1/../../../../arm-none-eabi/lib/thumb/v6-m/nofp\libc_nano.a(libc_a-wbuf.o)
                0x0800bb38                __swbuf_r
 .text.__swsetup_r
                0x0800bbbc       0xbc C:/ST/STM32CubeIDE_1.19.0/STM32CubeIDE/plugins/com.st.stm32cube.ide.mcu.externaltools.gnu-tools-for-stm32.13.3.rel1.win32_1.0.0.202411081344/tools/bin/../lib/gcc/arm-none-eabi/13.3.1/../../../../arm-none-eabi/lib/thumb/v6-m/nofp\libc_nano.a(libc_a-wsetup.o)
                0x0800bbbc                __swsetup_r
 .text._raise_r
                0x0800bc78       0x52 C:/ST/STM32CubeIDE_1.19.0/STM32CubeIDE/plugins/com.st.stm32cube.ide.mcu.externaltools.gnu-tools-for-stm32.13.3.rel1.win32_1.0.0.202411081344/tools/bin/../lib/gcc/arm-none-eabi/13.3.1/../../../../arm-none-eabi/lib/thumb/v6-m/nofp\libc_nano.a(libc_a-signal.o)
                0x0800bc78                _raise_r
 *fill*         0x0800bcca        0x2 
 .text.raise    0x0800bccc       0x14 C:/ST/STM32CubeIDE_1.19.0/STM32CubeIDE/plugins/com.st.stm32cube.ide.mcu.externaltools.gnu-tools-for-stm32.13.3.rel1.win32_1.0.0.202411081344/tools/bin/../lib/gcc/arm-none-eabi/13.3.1/../../../../arm-none-eabi/lib/thumb/v6-m/nofp\libc_nano.a(libc_a-signal.o)
                0x0800bccc                raise
 .text._kill_r  0x0800bce0       0x24 C:/ST/STM32CubeIDE_1.19.0/STM32CubeIDE/plugins/com.st.stm32cube.ide.mcu.externaltools.gnu-tools-for-stm32.13.3.rel1.win32_1.0.0.202411081344/tools/bin/../lib/gcc/arm-none-eabi/13.3.1/../../../../arm-none-eabi/lib/thumb/v6-m/nofp\libc_nano.a(libc_a-signalr.o)
                0x0800bce0                _kill_r
 .text._getpid_r
                0x0800bd04        0x8 C:/ST/STM32CubeIDE_1.19.0/STM32CubeIDE/plugins/com.st.stm32cube.ide.mcu.externaltools.gnu-tools-for-stm32.13.3.rel1.win32_1.0.0.202411081344/tools/bin/../lib/gcc/arm-none-eabi/13.3.1/../../../../arm-none-eabi/lib/thumb/v6-m/nofp\libc_nano.a(libc_a-signalr.o)
                0x0800bd04                _getpid_r
 .text.__swhatbuf_r
                0x0800bd0c       0x54 C:/ST/STM32CubeIDE_1.19.0/STM32CubeIDE/plugins/com.st.stm32cube.ide.mcu.externaltools.gnu-tools-for-stm32.13.3.rel1.win32_1.0.0.202411081344/tools/bin/../lib/gcc/arm-none-eabi/13.3.1/../../../../arm-none-eabi/lib/thumb/v6-m/nofp\libc_nano.a(libc_a-makebuf.o)
                0x0800bd0c                __swhatbuf_r
 .text.__smakebuf_r
                0x0800bd60       0x82 C:/ST/STM32CubeIDE_1.19.0/STM32CubeIDE/plugins/com.st.stm32cube.ide.mcu.externaltools.gnu-tools-for-stm32.13.3.rel1.win32_1.0.0.202411081344/tools/bin/../lib/gcc/arm-none-eabi/13.3.1/../../../../arm-none-eabi/lib/thumb/v6-m/nofp\libc_nano.a(libc_a-makebuf.o)
                0x0800bd60                __smakebuf_r
 *fill*         0x0800bde2        0x2 
 .text._fstat_r
                0x0800bde4       0x24 C:/ST/STM32CubeIDE_1.19.0/STM32CubeIDE/plugins/com.st.stm32cube.ide.mcu.externaltools.gnu-tools-for-stm32.13.3.rel1.win32_1.0.0.202411081344/tools/bin/../lib/gcc/arm-none-eabi/13.3.1/../../../../arm-none-eabi/lib/thumb/v6-m/nofp\libc_nano.a(libc_a-fstatr.o)
                0x0800bde4                _fstat_r
 .text._isatty_r
                0x0800be08       0x24 C:/ST/STM32CubeIDE_1.19.0/STM32CubeIDE/plugins/com.st.stm32cube.ide.mcu.externaltools.gnu-tools-for-stm32.13.3.rel1.win32_1.0.0.202411081344/tools/bin/../lib/gcc/arm-none-eabi/13.3.1/../../../../arm-none-eabi/lib/thumb/v6-m/nofp\libc_nano.a(libc_a-isattyr.o)
                0x0800be08                _isatty_r
 .text.lrintf   0x0800be2c       0x74 C:/ST/STM32CubeIDE_1.19.0/STM32CubeIDE/plugins/com.st.stm32cube.ide.mcu.externaltools.gnu-tools-for-stm32.13.3.rel1.win32_1.0.0.202411081344/tools/bin/../lib/gcc/arm-none-eabi/13.3.1/../../../../arm-none-eabi/lib/thumb/v6-m/nofp\libm.a(libm_a-sf_lrint.o)
                0x0800be2c                lrintf
 .text.floorf   0x0800bea0       0x84 C:/ST/STM32CubeIDE_1.19.0/STM32CubeIDE/plugins/com.st.stm32cube.ide.mcu.externaltools.gnu-tools-for-stm32.13.3.rel1.win32_1.0.0.202411081344/tools/bin/../lib/gcc/arm-none-eabi/13.3.1/../../../../arm-none-eabi/lib/thumb/v6-m/nofp\libm.a(libm_a-sf_floor.o)
                0x0800bea0                floorf
 *(.glue_7)
 .glue_7        0x0800bf24        0x0 linker stubs
 *(.glue_7t)
 .glue_7t       0x0800bf24        0x0 linker stubs
 *(.eh_frame)
 .eh_frame      0x0800bf24        0x0 C:/ST/STM32CubeIDE_1.19.0/STM32CubeIDE/plugins/com.st.stm32cube.ide.mcu.externaltools.gnu-tools-for-stm32.13.3.rel1.win32_1.0.0.202411081344/tools/bin/../lib/gcc/arm-none-eabi/13.3.1/thumb/v6-m/nofp/crtbegin.o
 *(.init)
 .init          0x0800bf24        0x4 C:/ST/STM32CubeIDE_1.19.0/STM32CubeIDE/plugins/com.st.stm32cube.ide.mcu.externaltools.gnu-tools-for-stm32.13.3.rel1.win32_1.0.0.202411081344/tools/bin/../lib/gcc/arm-none-eabi/13.3.1/thumb/v6-m/nofp/crti.o
                0x0800bf24                _init
 .init          0x0800bf28        0x8 C:/ST/STM32CubeIDE_1.19.0/STM32CubeIDE/plugins/com.st.stm32cube.ide.mcu.externaltools.gnu-tools-for-stm32.13.3.rel1.win32_1.0.0.202411081344/tools/bin/../lib/gcc/arm-none-eabi/13.3.1/thumb/v6-m/nofp/crtn.o
 *(.fini)
 .fini          0x0800bf30        0x4 C:/ST/STM32CubeIDE_1.19.0/STM32CubeIDE/plugins/com.st.stm32cube.ide.mcu.externaltools.gnu-tools-for-stm32.13.3.rel1.win32_1.0.0.202411081344/tools/bin/../lib/gcc/arm-none-eabi/13.3.1/thumb/v6-m/nofp/crti.o
                0x0800bf30                _fini
 .fini          0x0800bf34        0x8 C:/ST/STM32CubeIDE_1.19.0/STM32CubeIDE/plugins/com.st.stm32cube.ide.mcu.externaltools.gnu-tools-for-stm32.13.3.rel1.win32_1.0.0.202411081344/tools/bin/../lib/gcc/arm-none-eabi/13.3.1/thumb/v6-m/nofp/crtn.o
                0x0800bf3c                        . = ALIGN (0x4)
                0x0800bf3c                        _etext = .

.vfp11_veneer   0x0800bf3c        0x0
 .vfp11_veneer  0x0800bf3c        0x0 linker stubs

.v4_bx          0x0800bf3c        0x0
 .v4_bx         0x0800bf3c        0x0 linker stubs

.iplt           0x0800bf3c        0x0
 .iplt          0x0800bf3c        0x0 C:/ST/STM32CubeIDE_1.19.0/STM32CubeIDE/plugins/com.st.stm32cube.ide.mcu.externaltools.gnu-tools-for-stm32.13.3.rel1.win32_1.0.0.202411081344/tools/bin/../lib/gcc/arm-none-eabi/13.3.1/thumb/v6-m/nofp/crtbegin.o

.rodata         0x0800bf40     0x1abc
                0x0800bf40                        . = ALIGN (0x4)
 *(.rodata)
 .rodata        0x0800bf40       0x7c C:/ST/STM32CubeIDE_1.19.0/STM32CubeIDE/plugins/com.st.stm32cube.ide.mcu.externaltools.gnu-tools-for-stm32.13.3.rel1.win32_1.0.0.202411081344/tools/bin/../lib/gcc/arm-none-eabi/13.3.1/thumb/v6-m/nofp\libgcc.a(divsf3.o)
 .rodata        0x0800bfbc       0x40 C:/ST/STM32CubeIDE_1.19.0/STM32CubeIDE/plugins/com.st.stm32cube.ide.mcu.externaltools.gnu-tools-for-stm32.13.3.rel1.win32_1.0.0.202411081344/tools/bin/../lib/gcc/arm-none-eabi/13.3.1/thumb/v6-m/nofp\libgcc.a(divdf3.o)
 *(.rodata*)
 .rodata.Font11x18
                0x0800bffc      0xd5c ./Core/Src/fonts.o
 .rodata.Font7x10
                0x0800cd58      0x76c ./Core/Src/fonts.o
 .rodata.main.str1.4
                0x0800d4c4       0xe8 ./Core/Src/main.o
                                 0xdb (size before relaxing)
 .rodata.str1.4
                0x0800d5ac        0x8 ./Core/Src/main.o
 .rodata.PLLMulTable
                0x0800d5ac        0x9 ./Core/Src/system_stm32l0xx.o
                0x0800d5ac                PLLMulTable
 *fill*         0x0800d5b5        0x3 
 .rodata.AHBPrescTable
                0x0800d5b8       0x10 ./Core/Src/system_stm32l0xx.o
                0x0800d5b8                AHBPrescTable
 .rodata._printf_float.str1.1
                0x0800d5c8      0x1d6 C:/ST/STM32CubeIDE_1.19.0/STM32CubeIDE/plugins/com.st.stm32cube.ide.mcu.externaltools.gnu-tools-for-stm32.13.3.rel1.win32_1.0.0.202411081344/tools/bin/../lib/gcc/arm-none-eabi/13.3.1/../../../../arm-none-eabi/lib/thumb/v6-m/nofp\libc_nano.a(libc_a-nano-vfprintf_float.o)
                                 0x12 (size before relaxing)
 .rodata._printf_i.str1.1
                0x0800d79e       0x22 C:/ST/STM32CubeIDE_1.19.0/STM32CubeIDE/plugins/com.st.stm32cube.ide.mcu.externaltools.gnu-tools-for-stm32.13.3.rel1.win32_1.0.0.202411081344/tools/bin/../lib/gcc/arm-none-eabi/13.3.1/../../../../arm-none-eabi/lib/thumb/v6-m/nofp\libc_nano.a(libc_a-nano-vfprintf_i.o)
 .rodata._scanf_float.str1.1
                0x0800d79e        0x6 C:/ST/STM32CubeIDE_1.19.0/STM32CubeIDE/plugins/com.st.stm32cube.ide.mcu.externaltools.gnu-tools-for-stm32.13.3.rel1.win32_1.0.0.202411081344/tools/bin/../lib/gcc/arm-none-eabi/13.3.1/../../../../arm-none-eabi/lib/thumb/v6-m/nofp\libc_nano.a(libc_a-nano-vfscanf_float.o)
 .rodata._dtoa_r.str1.1
                0x0800d79e       0x8f C:/ST/STM32CubeIDE_1.19.0/STM32CubeIDE/plugins/com.st.stm32cube.ide.mcu.externaltools.gnu-tools-for-stm32.13.3.rel1.win32_1.0.0.202411081344/tools/bin/../lib/gcc/arm-none-eabi/13.3.1/../../../../arm-none-eabi/lib/thumb/v6-m/nofp\libc_nano.a(libc_a-dtoa.o)
 .rodata._Balloc.str1.1
                0x0800d79e       0x70 C:/ST/STM32CubeIDE_1.19.0/STM32CubeIDE/plugins/com.st.stm32cube.ide.mcu.externaltools.gnu-tools-for-stm32.13.3.rel1.win32_1.0.0.202411081344/tools/bin/../lib/gcc/arm-none-eabi/13.3.1/../../../../arm-none-eabi/lib/thumb/v6-m/nofp\libc_nano.a(libc_a-mprec.o)
 .rodata.__multadd.str1.1
                0x0800d79e       0x11 C:/ST/STM32CubeIDE_1.19.0/STM32CubeIDE/plugins/com.st.stm32cube.ide.mcu.externaltools.gnu-tools-for-stm32.13.3.rel1.win32_1.0.0.202411081344/tools/bin/../lib/gcc/arm-none-eabi/13.3.1/../../../../arm-none-eabi/lib/thumb/v6-m/nofp\libc_nano.a(libc_a-mprec.o)
 *fill*         0x0800d79e        0x2 
 .rodata.p05.0  0x0800d7a0        0xc C:/ST/STM32CubeIDE_1.19.0/STM32CubeIDE/plugins/com.st.stm32cube.ide.mcu.externaltools.gnu-tools-for-stm32.13.3.rel1.win32_1.0.0.202411081344/tools/bin/../lib/gcc/arm-none-eabi/13.3.1/../../../../arm-none-eabi/lib/thumb/v6-m/nofp\libc_nano.a(libc_a-mprec.o)
 *fill*         0x0800d7ac        0x4 
 .rodata.__mprec_bigtens
                0x0800d7b0       0x28 C:/ST/STM32CubeIDE_1.19.0/STM32CubeIDE/plugins/com.st.stm32cube.ide.mcu.externaltools.gnu-tools-for-stm32.13.3.rel1.win32_1.0.0.202411081344/tools/bin/../lib/gcc/arm-none-eabi/13.3.1/../../../../arm-none-eabi/lib/thumb/v6-m/nofp\libc_nano.a(libc_a-mprec.o)
                0x0800d7b0                __mprec_bigtens
 .rodata.__mprec_tens
                0x0800d7d8       0xc8 C:/ST/STM32CubeIDE_1.19.0/STM32CubeIDE/plugins/com.st.stm32cube.ide.mcu.externaltools.gnu-tools-for-stm32.13.3.rel1.win32_1.0.0.202411081344/tools/bin/../lib/gcc/arm-none-eabi/13.3.1/../../../../arm-none-eabi/lib/thumb/v6-m/nofp\libc_nano.a(libc_a-mprec.o)
                0x0800d7d8                __mprec_tens
 .rodata._strtod_l.str1.1
                0x0800d8a0        0xf C:/ST/STM32CubeIDE_1.19.0/STM32CubeIDE/plugins/com.st.stm32cube.ide.mcu.externaltools.gnu-tools-for-stm32.13.3.rel1.win32_1.0.0.202411081344/tools/bin/../lib/gcc/arm-none-eabi/13.3.1/../../../../arm-none-eabi/lib/thumb/v6-m/nofp\libc_nano.a(libc_a-strtod.o)
 .rodata.fpinan.0
                0x0800d8a0       0x14 C:/ST/STM32CubeIDE_1.19.0/STM32CubeIDE/plugins/com.st.stm32cube.ide.mcu.externaltools.gnu-tools-for-stm32.13.3.rel1.win32_1.0.0.202411081344/tools/bin/../lib/gcc/arm-none-eabi/13.3.1/../../../../arm-none-eabi/lib/thumb/v6-m/nofp\libc_nano.a(libc_a-strtod.o)
 .rodata.fpi.1  0x0800d8b4       0x14 C:/ST/STM32CubeIDE_1.19.0/STM32CubeIDE/plugins/com.st.stm32cube.ide.mcu.externaltools.gnu-tools-for-stm32.13.3.rel1.win32_1.0.0.202411081344/tools/bin/../lib/gcc/arm-none-eabi/13.3.1/../../../../arm-none-eabi/lib/thumb/v6-m/nofp\libc_nano.a(libc_a-strtod.o)
 .rodata.tinytens
                0x0800d8c8       0x28 C:/ST/STM32CubeIDE_1.19.0/STM32CubeIDE/plugins/com.st.stm32cube.ide.mcu.externaltools.gnu-tools-for-stm32.13.3.rel1.win32_1.0.0.202411081344/tools/bin/../lib/gcc/arm-none-eabi/13.3.1/../../../../arm-none-eabi/lib/thumb/v6-m/nofp\libc_nano.a(libc_a-strtod.o)
 .rodata._ctype_
                0x0800d8f0      0x101 C:/ST/STM32CubeIDE_1.19.0/STM32CubeIDE/plugins/com.st.stm32cube.ide.mcu.externaltools.gnu-tools-for-stm32.13.3.rel1.win32_1.0.0.202411081344/tools/bin/../lib/gcc/arm-none-eabi/13.3.1/../../../../arm-none-eabi/lib/thumb/v6-m/nofp\libc_nano.a(libc_a-ctype_.o)
                0x0800d8f0                _ctype_
 .rodata._svfprintf_r.str1.1
                0x0800d9f1       0x11 C:/ST/STM32CubeIDE_1.19.0/STM32CubeIDE/plugins/com.st.stm32cube.ide.mcu.externaltools.gnu-tools-for-stm32.13.3.rel1.win32_1.0.0.202411081344/tools/bin/../lib/gcc/arm-none-eabi/13.3.1/../../../../arm-none-eabi/lib/thumb/v6-m/nofp\libc_nano.a(libc_a-nano-svfprintf.o)
 .rodata._setlocale_r.str1.1
                0x0800d9f1        0x9 C:/ST/STM32CubeIDE_1.19.0/STM32CubeIDE/plugins/com.st.stm32cube.ide.mcu.externaltools.gnu-tools-for-stm32.13.3.rel1.win32_1.0.0.202411081344/tools/bin/../lib/gcc/arm-none-eabi/13.3.1/../../../../arm-none-eabi/lib/thumb/v6-m/nofp\libc_nano.a(libc_a-locale.o)
 .rodata.str1.1
                0x0800d9f1        0x2 C:/ST/STM32CubeIDE_1.19.0/STM32CubeIDE/plugins/com.st.stm32cube.ide.mcu.externaltools.gnu-tools-for-stm32.13.3.rel1.win32_1.0.0.202411081344/tools/bin/../lib/gcc/arm-none-eabi/13.3.1/../../../../arm-none-eabi/lib/thumb/v6-m/nofp\libc_nano.a(libc_a-locale.o)
 .rodata.__assert_func.str1.1
                0x0800d9f1       0x3d C:/ST/STM32CubeIDE_1.19.0/STM32CubeIDE/plugins/com.st.stm32cube.ide.mcu.externaltools.gnu-tools-for-stm32.13.3.rel1.win32_1.0.0.202411081344/tools/bin/../lib/gcc/arm-none-eabi/13.3.1/../../../../arm-none-eabi/lib/thumb/v6-m/nofp\libc_nano.a(libc_a-assert.o)
 .rodata.__gethex.str1.1
                0x0800d9f1       0x73 C:/ST/STM32CubeIDE_1.19.0/STM32CubeIDE/plugins/com.st.stm32cube.ide.mcu.externaltools.gnu-tools-for-stm32.13.3.rel1.win32_1.0.0.202411081344/tools/bin/../lib/gcc/arm-none-eabi/13.3.1/../../../../arm-none-eabi/lib/thumb/v6-m/nofp\libc_nano.a(libc_a-gdtoa-gethex.o)
 .rodata._vfprintf_r.str1.1
                0x0800d9f1       0x11 C:/ST/STM32CubeIDE_1.19.0/STM32CubeIDE/plugins/com.st.stm32cube.ide.mcu.externaltools.gnu-tools-for-stm32.13.3.rel1.win32_1.0.0.202411081344/tools/bin/../lib/gcc/arm-none-eabi/13.3.1/../../../../arm-none-eabi/lib/thumb/v6-m/nofp\libc_nano.a(libc_a-nano-vfprintf.o)
 *fill*         0x0800d9f1        0x3 
 .rodata.TWO23  0x0800d9f4        0x8 C:/ST/STM32CubeIDE_1.19.0/STM32CubeIDE/plugins/com.st.stm32cube.ide.mcu.externaltools.gnu-tools-for-stm32.13.3.rel1.win32_1.0.0.202411081344/tools/bin/../lib/gcc/arm-none-eabi/13.3.1/../../../../arm-none-eabi/lib/thumb/v6-m/nofp\libm.a(libm_a-sf_lrint.o)
                0x0800d9fc                        . = ALIGN (0x4)

.ARM.extab      0x0800d9fc        0x0
                0x0800d9fc                        . = ALIGN (0x4)
 *(.ARM.extab* .gnu.linkonce.armextab.*)
                0x0800d9fc                        . = ALIGN (0x4)

.ARM            0x0800d9fc        0x8
                0x0800d9fc                        . = ALIGN (0x4)
                0x0800d9fc                        __exidx_start = .
 *(.ARM.exidx*)
 .ARM.exidx     0x0800d9fc        0x8 C:/ST/STM32CubeIDE_1.19.0/STM32CubeIDE/plugins/com.st.stm32cube.ide.mcu.externaltools.gnu-tools-for-stm32.13.3.rel1.win32_1.0.0.202411081344/tools/bin/../lib/gcc/arm-none-eabi/13.3.1/thumb/v6-m/nofp\libgcc.a(_udivmoddi4.o)
                0x0800da04                        __exidx_end = .
                0x0800da04                        . = ALIGN (0x4)

.preinit_array  0x0800da04        0x0
                0x0800da04                        . = ALIGN (0x4)
                0x0800da04                        PROVIDE (__preinit_array_start = .)
 *(.preinit_array*)
                0x0800da04                        PROVIDE (__preinit_array_end = .)
                0x0800da04                        . = ALIGN (0x4)

.init_array     0x0800da04        0x4
                0x0800da04                        . = ALIGN (0x4)
                0x0800da04                        PROVIDE (__init_array_start = .)
 *(SORT_BY_NAME(.init_array.*))
 *(.init_array*)
 .init_array    0x0800da04        0x4 C:/ST/STM32CubeIDE_1.19.0/STM32CubeIDE/plugins/com.st.stm32cube.ide.mcu.externaltools.gnu-tools-for-stm32.13.3.rel1.win32_1.0.0.202411081344/tools/bin/../lib/gcc/arm-none-eabi/13.3.1/thumb/v6-m/nofp/crtbegin.o
                0x0800da08                        PROVIDE (__init_array_end = .)
                0x0800da08                        . = ALIGN (0x4)

.fini_array     0x0800da08        0x4
                0x0800da08                        . = ALIGN (0x4)
                [!provide]                        PROVIDE (__fini_array_start = .)
 *(SORT_BY_NAME(.fini_array.*))
 *(.fini_array*)
 .fini_array    0x0800da08        0x4 C:/ST/STM32CubeIDE_1.19.0/STM32CubeIDE/plugins/com.st.stm32cube.ide.mcu.externaltools.gnu-tools-for-stm32.13.3.rel1.win32_1.0.0.202411081344/tools/bin/../lib/gcc/arm-none-eabi/13.3.1/thumb/v6-m/nofp/crtbegin.o
                [!provide]                        PROVIDE (__fini_array_end = .)
                0x0800da0c                        . = ALIGN (0x4)
                0x0800da0c                        _sidata = LOADADDR (.data)

.rel.dyn        0x0800da0c        0x0
 .rel.iplt      0x0800da0c        0x0 C:/ST/STM32CubeIDE_1.19.0/STM32CubeIDE/plugins/com.st.stm32cube.ide.mcu.externaltools.gnu-tools-for-stm32.13.3.rel1.win32_1.0.0.202411081344/tools/bin/../lib/gcc/arm-none-eabi/13.3.1/thumb/v6-m/nofp/crtbegin.o

.data           0x20000000      0x1ec load address 0x0800da0c
                0x20000000                        . = ALIGN (0x4)
                0x20000000                        _sdata = .
 *(.data)
 *(.data*)
 .data.Font_11x18
                0x20000000        0x8 ./Core/Src/fonts.o
                0x20000000                Font_11x18
 .data.Font_7x10
                0x20000008        0x8 ./Core/Src/fonts.o
                0x20000008                Font_7x10
 .data.SW_STATE
                0x20000010        0x8 ./Core/Src/main.o
                0x20000010                SW_STATE
 .data.SystemCoreClock
                0x20000018        0x4 ./Core/Src/system_stm32l0xx.o
                0x20000018                SystemCoreClock
 .data.uwTickFreq
                0x2000001c        0x1 ./Drivers/STM32L0xx_HAL_Driver/Src/stm32l0xx_hal.o
                0x2000001c                uwTickFreq
 *fill*         0x2000001d        0x3 
 .data.uwTickPrio
                0x20000020        0x4 ./Drivers/STM32L0xx_HAL_Driver/Src/stm32l0xx_hal.o
                0x20000020                uwTickPrio
 .data.__sglue  0x20000024        0xc C:/ST/STM32CubeIDE_1.19.0/STM32CubeIDE/plugins/com.st.stm32cube.ide.mcu.externaltools.gnu-tools-for-stm32.13.3.rel1.win32_1.0.0.202411081344/tools/bin/../lib/gcc/arm-none-eabi/13.3.1/../../../../arm-none-eabi/lib/thumb/v6-m/nofp\libc_nano.a(libc_a-findfp.o)
                0x20000024                __sglue
 .data._impure_ptr
                0x20000030        0x4 C:/ST/STM32CubeIDE_1.19.0/STM32CubeIDE/plugins/com.st.stm32cube.ide.mcu.externaltools.gnu-tools-for-stm32.13.3.rel1.win32_1.0.0.202411081344/tools/bin/../lib/gcc/arm-none-eabi/13.3.1/../../../../arm-none-eabi/lib/thumb/v6-m/nofp\libc_nano.a(libc_a-impure.o)
                0x20000030                _impure_ptr
 .data._impure_data
                0x20000034       0x4c C:/ST/STM32CubeIDE_1.19.0/STM32CubeIDE/plugins/com.st.stm32cube.ide.mcu.externaltools.gnu-tools-for-stm32.13.3.rel1.win32_1.0.0.202411081344/tools/bin/../lib/gcc/arm-none-eabi/13.3.1/../../../../arm-none-eabi/lib/thumb/v6-m/nofp\libc_nano.a(libc_a-impure.o)
                0x20000034                _impure_data
 .data.__global_locale
                0x20000080      0x16c C:/ST/STM32CubeIDE_1.19.0/STM32CubeIDE/plugins/com.st.stm32cube.ide.mcu.externaltools.gnu-tools-for-stm32.13.3.rel1.win32_1.0.0.202411081344/tools/bin/../lib/gcc/arm-none-eabi/13.3.1/../../../../arm-none-eabi/lib/thumb/v6-m/nofp\libc_nano.a(libc_a-locale.o)
                0x20000080                __global_locale
 *(.RamFunc)
 *(.RamFunc*)
                0x200001ec                        . = ALIGN (0x4)
                0x200001ec                        _edata = .

.igot.plt       0x200001ec        0x0 load address 0x0800dbf8
 .igot.plt      0x200001ec        0x0 C:/ST/STM32CubeIDE_1.19.0/STM32CubeIDE/plugins/com.st.stm32cube.ide.mcu.externaltools.gnu-tools-for-stm32.13.3.rel1.win32_1.0.0.202411081344/tools/bin/../lib/gcc/arm-none-eabi/13.3.1/thumb/v6-m/nofp/crtbegin.o
                0x200001ec                        . = ALIGN (0x4)

.bss            0x200001ec      0x794 load address 0x0800dbf8
                0x200001ec                        _sbss = .
                0x200001ec                        __bss_start__ = _sbss
 *(.bss)
 .bss           0x200001ec       0x1c C:/ST/STM32CubeIDE_1.19.0/STM32CubeIDE/plugins/com.st.stm32cube.ide.mcu.externaltools.gnu-tools-for-stm32.13.3.rel1.win32_1.0.0.202411081344/tools/bin/../lib/gcc/arm-none-eabi/13.3.1/thumb/v6-m/nofp/crtbegin.o
 *(.bss*)
 .bss.hi2c2     0x20000208       0x54 ./Core/Src/i2c.o
                0x20000208                hi2c2
 .bss.hi2c1     0x2000025c       0x54 ./Core/Src/i2c.o
                0x2000025c                hi2c1
 .bss.OLED_buf  0x200002b0       0x16 ./Core/Src/main.o
                0x200002b0                OLED_buf
 *fill*         0x200002c6        0x2 
 .bss.temperature
                0x200002c8        0x4 ./Core/Src/main.o
                0x200002c8                temperature
 .bss.Input_current
                0x200002cc        0x4 ./Core/Src/main.o
                0x200002cc                Input_current
 .bss.Input_voltage
                0x200002d0        0x4 ./Core/Src/main.o
                0x200002d0                Input_voltage
 .bss.INA226_U8
                0x200002d4       0x18 ./Core/Src/main.o
                0x200002d4                INA226_U8
 .bss.INA226_U3
                0x200002ec       0x18 ./Core/Src/main.o
                0x200002ec                INA226_U3
 .bss.TPS55289_output_state
                0x20000304        0x4 ./Core/Src/main.o
                0x20000304                TPS55289_output_state
 .bss.TPS55289_U5
                0x20000308        0xc ./Core/Src/main.o
                0x20000308                TPS55289_U5
 .bss.TMP1075_U7
                0x20000314        0xc ./Core/Src/main.o
                0x20000314                TMP1075_U7
 .bss.timer     0x20000320        0x4 ./Core/Src/main.o
                0x20000320                timer
 .bss.timerbuzz
                0x20000324        0x4 ./Core/Src/main.o
                0x20000324                timerbuzz
 .bss.light     0x20000328        0x4 ./Core/Src/main.o
                0x20000328                light
 .bss.buzz      0x2000032c        0x4 ./Core/Src/main.o
                0x2000032c                buzz
 .bss.lastEN1   0x20000330        0x4 ./Core/Src/main.o
                0x20000330                lastEN1
 .bss.menu      0x20000334        0x4 ./Core/Src/main.o
                0x20000334                menu
 .bss.freq      0x20000338        0x4 ./Core/Src/main.o
                0x20000338                freq
 .bss.task      0x2000033c        0x4 ./Core/Src/main.o
                0x2000033c                task
 .bss.timerSW1  0x20000340        0x4 ./Core/Src/main.o
                0x20000340                timerSW1
 .bss.lastCLA   0x20000344        0x4 ./Core/Src/main.o
                0x20000344                lastCLA
 .bss.cnt       0x20000348        0x4 ./Core/Src/main.o
                0x20000348                cnt
 .bss.SW3       0x2000034c        0x4 ./Core/Src/main.o
                0x2000034c                SW3
 .bss.SW2       0x20000350        0x4 ./Core/Src/main.o
                0x20000350                SW2
 .bss.SW1       0x20000354        0x4 ./Core/Src/main.o
                0x20000354                SW1
 .bss.mode      0x20000358        0x4 ./Core/Src/main.o
                0x20000358                mode
 .bss.sTime     0x2000035c       0x14 ./Core/Src/main.o
                0x2000035c                sTime
 .bss.hrtc      0x20000370       0x24 ./Core/Src/rtc.o
                0x20000370                hrtc
 .bss.SSD1306   0x20000394        0x6 ./Core/Src/ssd1306.o
 *fill*         0x2000039a        0x2 
 .bss.SSD1306_Buffer
                0x2000039c      0x410 ./Core/Src/ssd1306.o
 .bss.__sbrk_heap_end
                0x200007ac        0x4 ./Core/Src/sysmem.o
 .bss.htim21    0x200007b0       0x40 ./Core/Src/tim.o
                0x200007b0                htim21
 .bss.htim6     0x200007f0       0x40 ./Core/Src/tim.o
                0x200007f0                htim6
 .bss.uwTick    0x20000830        0x4 ./Drivers/STM32L0xx_HAL_Driver/Src/stm32l0xx_hal.o
                0x20000830                uwTick
 .bss.__sf      0x20000834      0x138 C:/ST/STM32CubeIDE_1.19.0/STM32CubeIDE/plugins/com.st.stm32cube.ide.mcu.externaltools.gnu-tools-for-stm32.13.3.rel1.win32_1.0.0.202411081344/tools/bin/../lib/gcc/arm-none-eabi/13.3.1/../../../../arm-none-eabi/lib/thumb/v6-m/nofp\libc_nano.a(libc_a-findfp.o)
                0x20000834                __sf
 .bss.__stdio_exit_handler
                0x2000096c        0x4 C:/ST/STM32CubeIDE_1.19.0/STM32CubeIDE/plugins/com.st.stm32cube.ide.mcu.externaltools.gnu-tools-for-stm32.13.3.rel1.win32_1.0.0.202411081344/tools/bin/../lib/gcc/arm-none-eabi/13.3.1/../../../../arm-none-eabi/lib/thumb/v6-m/nofp\libc_nano.a(libc_a-findfp.o)
                0x2000096c                __stdio_exit_handler
 .bss.errno     0x20000970        0x4 C:/ST/STM32CubeIDE_1.19.0/STM32CubeIDE/plugins/com.st.stm32cube.ide.mcu.externaltools.gnu-tools-for-stm32.13.3.rel1.win32_1.0.0.202411081344/tools/bin/../lib/gcc/arm-none-eabi/13.3.1/../../../../arm-none-eabi/lib/thumb/v6-m/nofp\libc_nano.a(libc_a-reent.o)
                0x20000970                errno
 .bss.__lock___malloc_recursive_mutex