<html>
<body>
<pre>
<h1>µVision Build Log</h1>
<h2>Tool Versions:</h2>
IDE-Version: £gVision V5.41.0.0
Copyright (C) 2024 ARM Ltd and ARM Germany GmbH. All rights reserved.
License Information: Tom Chen, NTUST, LIC=----
 
Tool Versions:
Toolchain:       MDK-Lite  Version: 5.41.0.0
Toolchain Path:  C:\Users\superadmin\AppData\Local\Keil_v5\ARM\ARMCLANG\Bin
C Compiler:      ArmClang.exe V6.22
Assembler:       Armasm.exe V6.22
Linker/Locator:  ArmLink.exe V6.22
Library Manager: ArmAr.exe V6.22
Hex Converter:   FromElf.exe V6.22
CPU DLL:         SARMCM3.DLL V5.41.0.0
Dialog DLL:      DARMCM1.DLL V1.19.6.0
Target DLL:      STLink\ST-LINKIII-KEIL_SWO.dll V3.3.0.0
Dialog DLL:      TARMCM1.DLL V1.14.6.0
 
<h2>Project:</h2>
C:\Users\superadmin\Desktop\CompetitionFiles()\Shared Files\Example_for_keil\ITC113_ESP_Example\MDK-ARM\ITC113_ESP_Example.uvprojx
Project File Date:  11/28/2024

<h2>Output:</h2>
*** Using Compiler 'V6.22', folder: 'C:\Users\superadmin\AppData\Local\Keil_v5\ARM\ARMCLANG\Bin'
Build target 'ITC113_ESP_Example'
compiling fonts.c...
compiling stm32l0xx_hal_gpio.c...
assembling startup_stm32l053xx.s...
compiling stm32l0xx_it.c...
compiling stm32l0xx_hal.c...
compiling stm32l0xx_hal_flash_ramfunc.c...
compiling stm32l0xx_hal_flash.c...
compiling stm32l0xx_hal_i2c_ex.c...
compiling stm32l0xx_hal_msp.c...
compiling ssd1306.c...
compiling stm32l0xx_hal_flash_ex.c...
compiling stm32l0xx_hal_dma.c...
compiling stm32l0xx_hal_pwr_ex.c...
compiling stm32l0xx_hal_rcc_ex.c...
../Core/Src/main.c(142): warning: passing 'uint8_t *' (aka 'unsigned char *') to parameter of type 'const char *' converts between pointers to integer types where one is of the unique plain 'char' type and the other is not [-Wpointer-sign]
  142 |                         ssd1306_WriteString((uint8_t *)OLED_buf, Font_7x10, White);
      |                                             ^~~~~~~~~~~~~~~~~~~
../Core/Inc\ssd1306.h(72): note: passing argument to parameter 'str' here
   72 | char ssd1306_WriteString(const char* str, FontDef Font, SSD1306_COLOR color);
      |                                      ^
1 warning generated.
compiling main.c...
compiling stm32l0xx_hal_pwr.c...
compiling stm32l0xx_hal_rcc.c...
compiling stm32l0xx_hal_cortex.c...
compiling stm32l0xx_hal_exti.c...
compiling system_stm32l0xx.c...
compiling stm32l0xx_hal_tim_ex.c...
compiling stm32l0xx_hal_tim.c...
compiling stm32l0xx_hal_i2c.c...
linking...
Program Size: Code=12112 RO-data=10520 RW-data=36 ZI-data=3020  
FromELF: creating hex file...
"ITC113_ESP_Example\ITC113_ESP_Example.axf" - 0 Error(s), 1 Warning(s).

<h2>Software Packages used:</h2>

Package Vendor: ARM
                https://www.keil.com/pack/ARM.CMSIS.6.1.0.pack
                ARM::CMSIS@6.1.0
                CMSIS (Common Microcontroller Software Interface Standard)
   * Component: CORE Version: 6.1.0

Package Vendor: Keil
                https://www.keil.com/pack/Keil.STM32L0xx_DFP.2.3.0.pack
                Keil::STM32L0xx_DFP@2.3.0
                STMicroelectronics STM32L0 Series Device Support, Drivers and Examples

<h2>Collection of Component include folders:</h2>
  ./RTE/_ITC113_ESP_Example
  C:/Users/superadmin/AppData/Local/Arm/Packs/ARM/CMSIS/6.1.0/CMSIS/Core/Include
  C:/Users/superadmin/AppData/Local/Arm/Packs/Keil/STM32L0xx_DFP/2.3.0/Drivers/CMSIS/Device/ST/STM32L0xx/Include

<h2>Collection of Component Files used:</h2>

   * Component: ARM::CMSIS:CORE@6.1.0
      Include file:  CMSIS/Core/Include/tz_context.h
Build Time Elapsed:  00:00:01
</pre>
</body>
</html>
