Component: Arm Compiler for Embedded 6.22 Tool: armlink [5ee90200]

==============================================================================

Section Cross References

    startup_stm32l053xx.o(STACK) refers (Special) to heapauxi.o(.text) for __use_two_region_memory
    startup_stm32l053xx.o(HEAP) refers (Special) to heapauxi.o(.text) for __use_two_region_memory
    startup_stm32l053xx.o(RESET) refers (Special) to heapauxi.o(.text) for __use_two_region_memory
    startup_stm32l053xx.o(RESET) refers to startup_stm32l053xx.o(STACK) for __initial_sp
    startup_stm32l053xx.o(RESET) refers to startup_stm32l053xx.o(.text) for Reset_Handler
    startup_stm32l053xx.o(RESET) refers to stm32l0xx_it.o(.text.NMI_Handler) for NMI_Handler
    startup_stm32l053xx.o(RESET) refers to stm32l0xx_it.o(.text.HardFault_Handler) for HardFault_Handler
    startup_stm32l053xx.o(RESET) refers to stm32l0xx_it.o(.text.SVC_Handler) for SVC_Handler
    startup_stm32l053xx.o(RESET) refers to stm32l0xx_it.o(.text.PendSV_Handler) for PendSV_Handler
    startup_stm32l053xx.o(RESET) refers to stm32l0xx_it.o(.text.SysTick_Handler) for SysTick_Handler
    startup_stm32l053xx.o(RESET) refers to stm32l0xx_it.o(.text.TIM6_DAC_IRQHandler) for TIM6_DAC_IRQHandler
    startup_stm32l053xx.o(.text) refers (Special) to heapauxi.o(.text) for __use_two_region_memory
    startup_stm32l053xx.o(.text) refers to system_stm32l0xx.o(.text.SystemInit) for SystemInit
    startup_stm32l053xx.o(.text) refers to __main.o(!!!main) for __main
    startup_stm32l053xx.o(.text) refers to startup_stm32l053xx.o(HEAP) for Heap_Mem
    startup_stm32l053xx.o(.text) refers to startup_stm32l053xx.o(STACK) for Stack_Mem
    fonts.o(.data.Font_7x10) refers to fonts.o(.rodata.Font7x10) for [Anonymous Symbol]
    fonts.o(.data.Font_11x18) refers to fonts.o(.rodata.Font11x18) for [Anonymous Symbol]
    fonts.o(.data.Font_16x26) refers to fonts.o(.rodata.Font16x26) for [Anonymous Symbol]
    ssd1306.o(.text.ssd1306_Init) refers to stm32l0xx_hal.o(.text.HAL_Delay) for HAL_Delay
    ssd1306.o(.text.ssd1306_Init) refers to stm32l0xx_hal_i2c.o(.text.HAL_I2C_Mem_Write) for HAL_I2C_Mem_Write
    ssd1306.o(.text.ssd1306_Init) refers to rt_memclr.o(.text) for __aeabi_memclr4
    ssd1306.o(.text.ssd1306_Init) refers to ssd1306.o(.text.ssd1306_UpdateScreen) for ssd1306_UpdateScreen
    ssd1306.o(.text.ssd1306_Init) refers to ssd1306.o(.bss.SSD1306_Buffer) for [Anonymous Symbol]
    ssd1306.o(.text.ssd1306_Init) refers to ssd1306.o(.bss..L_MergedGlobals) for [Anonymous Symbol]
    ssd1306.o(.ARM.exidx.text.ssd1306_Init) refers to ssd1306.o(.text.ssd1306_Init) for [Anonymous Symbol]
    ssd1306.o(.text.ssd1306_Fill) refers to aeabi_memset4.o(.text) for __aeabi_memset4
    ssd1306.o(.text.ssd1306_Fill) refers to ssd1306.o(.bss.SSD1306_Buffer) for [Anonymous Symbol]
    ssd1306.o(.ARM.exidx.text.ssd1306_Fill) refers to ssd1306.o(.text.ssd1306_Fill) for [Anonymous Symbol]
    ssd1306.o(.text.ssd1306_UpdateScreen) refers to stm32l0xx_hal_i2c.o(.text.HAL_I2C_Mem_Write) for HAL_I2C_Mem_Write
    ssd1306.o(.text.ssd1306_UpdateScreen) refers to ssd1306.o(.bss.SSD1306_Buffer) for [Anonymous Symbol]
    ssd1306.o(.ARM.exidx.text.ssd1306_UpdateScreen) refers to ssd1306.o(.text.ssd1306_UpdateScreen) for [Anonymous Symbol]
    ssd1306.o(.text.ssd1306_DrawPixel) refers to ssd1306.o(.bss..L_MergedGlobals) for [Anonymous Symbol]
    ssd1306.o(.text.ssd1306_DrawPixel) refers to ssd1306.o(.bss.SSD1306_Buffer) for [Anonymous Symbol]
    ssd1306.o(.ARM.exidx.text.ssd1306_DrawPixel) refers to ssd1306.o(.text.ssd1306_DrawPixel) for [Anonymous Symbol]
    ssd1306.o(.text.ssd1306_WriteChar) refers to ssd1306.o(.bss..L_MergedGlobals) for [Anonymous Symbol]
    ssd1306.o(.text.ssd1306_WriteChar) refers to ssd1306.o(.bss.SSD1306_Buffer) for [Anonymous Symbol]
    ssd1306.o(.ARM.exidx.text.ssd1306_WriteChar) refers to ssd1306.o(.text.ssd1306_WriteChar) for [Anonymous Symbol]
    ssd1306.o(.text.ssd1306_WriteString) refers to ssd1306.o(.text.ssd1306_WriteChar) for ssd1306_WriteChar
    ssd1306.o(.ARM.exidx.text.ssd1306_WriteString) refers to ssd1306.o(.text.ssd1306_WriteString) for [Anonymous Symbol]
    ssd1306.o(.text.ssd1306_InvertColors) refers to ssd1306.o(.bss..L_MergedGlobals) for [Anonymous Symbol]
    ssd1306.o(.ARM.exidx.text.ssd1306_InvertColors) refers to ssd1306.o(.text.ssd1306_InvertColors) for [Anonymous Symbol]
    ssd1306.o(.text.ssd1306_SetCursor) refers to ssd1306.o(.bss..L_MergedGlobals) for [Anonymous Symbol]
    ssd1306.o(.ARM.exidx.text.ssd1306_SetCursor) refers to ssd1306.o(.text.ssd1306_SetCursor) for [Anonymous Symbol]
    main.o(.text) refers (Special) to _printf_percent.o(.ARM.Collect$$_printf_percent$$00000000) for _printf_percent
    main.o(.text) refers (Special) to _printf_pad.o(.text) for _printf_pre_padding
    main.o(.text) refers (Special) to _printf_d.o(.ARM.Collect$$_printf_percent$$00000009) for _printf_d
[...]
    Removing stm32l0xx_hal_tim.o(.text.HAL_TIM_OnePulse_Start), (64 bytes).
    Removing stm32l0xx_hal_tim.o(.ARM.exidx.text.HAL_TIM_OnePulse_Start), (8 bytes).
    Removing stm32l0xx_hal_tim.o(.text.HAL_TIM_OnePulse_Stop), (64 bytes).
    Removing stm32l0xx_hal_tim.o(.ARM.exidx.text.HAL_TIM_OnePulse_Stop), (8 bytes).
    Removing stm32l0xx_hal_tim.o(.text.HAL_TIM_OnePulse_Start_IT), (78 bytes).
    Removing stm32l0xx_hal_tim.o(.ARM.exidx.text.HAL_TIM_OnePulse_Start_IT), (8 bytes).
    Removing stm32l0xx_hal_tim.o(.text.HAL_TIM_OnePulse_Stop_IT), (80 bytes).
    Removing stm32l0xx_hal_tim.o(.ARM.exidx.text.HAL_TIM_OnePulse_Stop_IT), (8 bytes).
    Removing stm32l0xx_hal_tim.o(.text.HAL_TIM_Encoder_Init), (248 bytes).
    Removing stm32l0xx_hal_tim.o(.ARM.exidx.text.HAL_TIM_Encoder_Init), (8 bytes).
    Removing stm32l0xx_hal_tim.o(.text.HAL_TIM_Encoder_MspInit), (2 bytes).
    Removing stm32l0xx_hal_tim.o(.ARM.exidx.text.HAL_TIM_Encoder_MspInit), (8 bytes).
    Removing stm32l0xx_hal_tim.o(.text.HAL_TIM_Encoder_DeInit), (52 bytes).
    Removing stm32l0xx_hal_tim.o(.ARM.exidx.text.HAL_TIM_Encoder_DeInit), (8 bytes).
    Removing stm32l0xx_hal_tim.o(.text.HAL_TIM_Encoder_MspDeInit), (2 bytes).
    Removing stm32l0xx_hal_tim.o(.ARM.exidx.text.HAL_TIM_Encoder_MspDeInit), (8 bytes).
    Removing stm32l0xx_hal_tim.o(.text.HAL_TIM_Encoder_Start), (124 bytes).
    Removing stm32l0xx_hal_tim.o(.ARM.exidx.text.HAL_TIM_Encoder_Start), (8 bytes).
    Removing stm32l0xx_hal_tim.o(.text.HAL_TIM_Encoder_Stop), (100 bytes).
    Removing stm32l0xx_hal_tim.o(.ARM.exidx.text.HAL_TIM_Encoder_Stop), (8 bytes).
    Removing stm32l0xx_hal_tim.o(.text.HAL_TIM_Encoder_Start_IT), (158 bytes).
    Removing stm32l0xx_hal_tim.o(.ARM.exidx.text.HAL_TIM_Encoder_Start_IT), (8 bytes).
    Removing stm32l0xx_hal_tim.o(.text.HAL_TIM_Encoder_Stop_IT), (164 bytes).
    Removing stm32l0xx_hal_tim.o(.ARM.exidx.text.HAL_TIM_Encoder_Stop_IT), (8 bytes).
    Removing stm32l0xx_hal_tim.o(.text.HAL_TIM_Encoder_Start_DMA), (424 bytes).
    Removing stm32l0xx_hal_tim.o(.ARM.exidx.text.HAL_TIM_Encoder_Start_DMA), (8 bytes).
    Removing stm32l0xx_hal_tim.o(.text.HAL_TIM_Encoder_Stop_DMA), (184 bytes).
    Removing stm32l0xx_hal_tim.o(.ARM.exidx.text.HAL_TIM_Encoder_Stop_DMA), (8 bytes).
    Removing stm32l0xx_hal_tim.o(.ARM.exidx.text.HAL_TIM_IRQHandler), (8 bytes).
    Removing stm32l0xx_hal_tim.o(.ARM.exidx.text.HAL_TIM_IC_CaptureCallback), (8 bytes).
    Removing stm32l0xx_hal_tim.o(.ARM.exidx.text.HAL_TIM_OC_DelayElapsedCallback), (8 bytes).
    Removing stm32l0xx_hal_tim.o(.ARM.exidx.text.HAL_TIM_PWM_PulseFinishedCallback), (8 bytes).
    Removing stm32l0xx_hal_tim.o(.text.HAL_TIM_PeriodElapsedCallback), (2 bytes).
    Removing stm32l0xx_hal_tim.o(.ARM.exidx.text.HAL_TIM_PeriodElapsedCallback), (8 bytes).
    Removing stm32l0xx_hal_tim.o(.ARM.exidx.text.HAL_TIM_TriggerCallback), (8 bytes).
    Removing stm32l0xx_hal_tim.o(.text.HAL_TIM_OC_ConfigChannel), (236 bytes).
    Removing stm32l0xx_hal_tim.o(.ARM.exidx.text.HAL_TIM_OC_ConfigChannel), (8 bytes).
    Removing stm32l0xx_hal_tim.o(.text.HAL_TIM_IC_ConfigChannel), (384 bytes).
    Removing stm32l0xx_hal_tim.o(.ARM.exidx.text.HAL_TIM_IC_ConfigChannel), (8 bytes).
    Removing stm32l0xx_hal_tim.o(.ARM.exidx.text.HAL_TIM_PWM_ConfigChannel), (8 bytes).
    Removing stm32l0xx_hal_tim.o(.text.HAL_TIM_OnePulse_ConfigChannel), (372 bytes).
    Removing stm32l0xx_hal_tim.o(.ARM.exidx.text.HAL_TIM_OnePulse_ConfigChannel), (8 bytes).
    Removing stm32l0xx_hal_tim.o(.text.HAL_TIM_DMABurst_WriteStart), (22 bytes).
    Removing stm32l0xx_hal_tim.o(.ARM.exidx.text.HAL_TIM_DMABurst_WriteStart), (8 bytes).
    Removing stm32l0xx_hal_tim.o(.text.HAL_TIM_DMABurst_MultiWriteStart), (316 bytes).
    Removing stm32l0xx_hal_tim.o(.ARM.exidx.text.HAL_TIM_DMABurst_MultiWriteStart), (8 bytes).
    Removing stm32l0xx_hal_tim.o(.text.TIM_DMATriggerCplt), (30 bytes).
    Removing stm32l0xx_hal_tim.o(.ARM.exidx.text.TIM_DMATriggerCplt), (8 bytes).
    Removing stm32l0xx_hal_tim.o(.text.TIM_DMATriggerHalfCplt), (10 bytes).
    Removing stm32l0xx_hal_tim.o(.ARM.exidx.text.TIM_DMATriggerHalfCplt), (8 bytes).
    Removing stm32l0xx_hal_tim.o(.text.HAL_TIM_DMABurst_WriteStop), (104 bytes).
    Removing stm32l0xx_hal_tim.o(.ARM.exidx.text.HAL_TIM_DMABurst_WriteStop), (8 bytes).
    Removing stm32l0xx_hal_tim.o(.text.HAL_TIM_DMABurst_ReadStart), (22 bytes).
    Removing stm32l0xx_hal_tim.o(.ARM.exidx.text.HAL_TIM_DMABurst_ReadStart), (8 bytes).
    Removing stm32l0xx_hal_tim.o(.text.HAL_TIM_DMABurst_MultiReadStart), (316 bytes).
    Removing stm32l0xx_hal_tim.o(.ARM.exidx.text.HAL_TIM_DMABurst_MultiReadStart), (8 bytes).
    Removing stm32l0xx_hal_tim.o(.text.HAL_TIM_DMABurst_ReadStop), (104 bytes).
    Removing stm32l0xx_hal_tim.o(.ARM.exidx.text.HAL_TIM_DMABurst_ReadStop), (8 bytes).
    Removing stm32l0xx_hal_tim.o(.text.HAL_TIM_GenerateEvent), (34 bytes).
    Removing stm32l0xx_hal_tim.o(.ARM.exidx.text.HAL_TIM_GenerateEvent), (8 bytes).
    Removing stm32l0xx_hal_tim.o(.text.HAL_TIM_ConfigOCrefClear), (218 bytes).
    Removing stm32l0xx_hal_tim.o(.ARM.exidx.text.HAL_TIM_ConfigOCrefClear), (8 bytes).
    Removing stm32l0xx_hal_tim.o(.ARM.exidx.text.HAL_TIM_ConfigClockSource), (8 bytes).
    Removing stm32l0xx_hal_tim.o(.text.HAL_TIM_ConfigTI1Input), (16 bytes).
    Removing stm32l0xx_hal_tim.o(.ARM.exidx.text.HAL_TIM_ConfigTI1Input), (8 bytes).
    Removing stm32l0xx_hal_tim.o(.text.HAL_TIM_SlaveConfigSynchro), (76 bytes).
    Removing stm32l0xx_hal_tim.o(.ARM.exidx.text.HAL_TIM_SlaveConfigSynchro), (8 bytes).
    Removing stm32l0xx_hal_tim.o(.text.TIM_SlaveTimer_SetConfig), (192 bytes).
    Removing stm32l0xx_hal_tim.o(.ARM.exidx.text.TIM_SlaveTimer_SetConfig), (8 bytes).
    Removing stm32l0xx_hal_tim.o(.text.HAL_TIM_SlaveConfigSynchro_IT), (76 bytes).
    Removing stm32l0xx_hal_tim.o(.ARM.exidx.text.HAL_TIM_SlaveConfigSynchro_IT), (8 bytes).
    Removing stm32l0xx_hal_tim.o(.text.HAL_TIM_ReadCapturedValue), (22 bytes).
    Removing stm32l0xx_hal_tim.o(.ARM.exidx.text.HAL_TIM_ReadCapturedValue), (8 bytes).
    Removing stm32l0xx_hal_tim.o(.text.HAL_TIM_PeriodElapsedHalfCpltCallback), (2 bytes).
    Removing stm32l0xx_hal_tim.o(.ARM.exidx.text.HAL_TIM_PeriodElapsedHalfCpltCallback), (8 bytes).
    Removing stm32l0xx_hal_tim.o(.text.HAL_TIM_IC_CaptureHalfCpltCallback), (2 bytes).
    Removing stm32l0xx_hal_tim.o(.ARM.exidx.text.HAL_TIM_IC_CaptureHalfCpltCallback), (8 bytes).
    Removing stm32l0xx_hal_tim.o(.text.HAL_TIM_PWM_PulseFinishedHalfCpltCallback), (2 bytes).
    Removing stm32l0xx_hal_tim.o(.ARM.exidx.text.HAL_TIM_PWM_PulseFinishedHalfCpltCallback), (8 bytes).
    Removing stm32l0xx_hal_tim.o(.text.HAL_TIM_TriggerHalfCpltCallback), (2 bytes).
    Removing stm32l0xx_hal_tim.o(.ARM.exidx.text.HAL_TIM_TriggerHalfCpltCallback), (8 bytes).
    Removing stm32l0xx_hal_tim.o(.text.HAL_TIM_ErrorCallback), (2 bytes).
    Removing stm32l0xx_hal_tim.o(.ARM.exidx.text.HAL_TIM_ErrorCallback), (8 bytes).
    Removing stm32l0xx_hal_tim.o(.text.HAL_TIM_Base_GetState), (6 bytes).
    Removing stm32l0xx_hal_tim.o(.ARM.exidx.text.HAL_TIM_Base_GetState), (8 bytes).
    Removing stm32l0xx_hal_tim.o(.text.HAL_TIM_OC_GetState), (6 bytes).
    Removing stm32l0xx_hal_tim.o(.ARM.exidx.text.HAL_TIM_OC_GetState), (8 bytes).
    Removing stm32l0xx_hal_tim.o(.text.HAL_TIM_PWM_GetState), (6 bytes).
    Removing stm32l0xx_hal_tim.o(.ARM.exidx.text.HAL_TIM_PWM_GetState), (8 bytes).
    Removing stm32l0xx_hal_tim.o(.text.HAL_TIM_IC_GetState), (6 bytes).
    Removing stm32l0xx_hal_tim.o(.ARM.exidx.text.HAL_TIM_IC_GetState), (8 bytes).
    Removing stm32l0xx_hal_tim.o(.text.HAL_TIM_OnePulse_GetState), (6 bytes).
    Removing stm32l0xx_hal_tim.o(.ARM.exidx.text.HAL_TIM_OnePulse_GetState), (8 bytes).
    Removing stm32l0xx_hal_tim.o(.text.HAL_TIM_Encoder_GetState), (6 bytes).
    Removing stm32l0xx_hal_tim.o(.ARM.exidx.text.HAL_TIM_Encoder_GetState), (8 bytes).
    Removing stm32l0xx_hal_tim.o(.text.HAL_TIM_GetActiveChannel), (4 bytes).
    Removing stm32l0xx_hal_tim.o(.ARM.exidx.text.HAL_TIM_GetActiveChannel), (8 bytes).
    Removing stm32l0xx_hal_tim.o(.text.HAL_TIM_GetChannelState), (36 bytes).
    Removing stm32l0xx_hal_tim.o(.ARM.exidx.text.HAL_TIM_GetChannelState), (8 bytes).
    Removing stm32l0xx_hal_tim.o(.text.HAL_TIM_DMABurstState), (6 bytes).
    Removing stm32l0xx_hal_tim.o(.ARM.exidx.text.HAL_TIM_DMABurstState), (8 bytes).
    Removing stm32l0xx_hal_tim.o(.rodata.cst16), (48 bytes).
    Removing stm32l0xx_hal_tim_ex.o(.text), (0 bytes).
    Removing stm32l0xx_hal_tim_ex.o(.ARM.exidx.text.HAL_TIMEx_MasterConfigSynchronization), (8 bytes).
    Removing stm32l0xx_hal_tim_ex.o(.text.HAL_TIMEx_RemapConfig), (28 bytes).
    Removing stm32l0xx_hal_tim_ex.o(.ARM.exidx.text.HAL_TIMEx_RemapConfig), (8 bytes).
    Removing system_stm32l0xx.o(.text), (0 bytes).
    Removing system_stm32l0xx.o(.ARM.exidx.text.SystemInit), (8 bytes).
    Removing system_stm32l0xx.o(.text.SystemCoreClockUpdate), (156 bytes).
    Removing system_stm32l0xx.o(.ARM.exidx.text.SystemCoreClockUpdate), (8 bytes).
    Removing system_stm32l0xx.o(.rodata.APBPrescTable), (8 bytes).

729 unused section(s) (total 35566 bytes) removed from the image.

==============================================================================

Image Symbol Table

    Local Symbols

    Symbol Name                              Value     Ov Type        Size  Object(Section)

    ../clib/angel/boardlib.s                 0x00000000   Number         0  boardinit1.o ABSOLUTE
    ../clib/angel/boardlib.s                 0x00000000   Number         0  boardinit2.o ABSOLUTE
    ../clib/angel/boardlib.s                 0x00000000   Number         0  boardinit3.o ABSOLUTE
    ../clib/angel/boardlib.s                 0x00000000   Number         0  boardshut.o ABSOLUTE
    ../clib/angel/handlers.s                 0x00000000   Number         0  __scatter_copy.o ABSOLUTE
    ../clib/angel/handlers.s                 0x00000000   Number         0  __scatter_zi.o ABSOLUTE
    ../clib/angel/kernel.s                   0x00000000   Number         0  __rtentry.o ABSOLUTE
    ../clib/angel/kernel.s                   0x00000000   Number         0  __rtentry2.o ABSOLUTE
    ../clib/angel/kernel.s                   0x00000000   Number         0  __rtentry4.o ABSOLUTE
    ../clib/angel/kernel.s                   0x00000000   Number         0  rtexit.o ABSOLUTE
    ../clib/angel/kernel.s                   0x00000000   Number         0  rtexit2.o ABSOLUTE
    ../clib/angel/rt.s                       0x00000000   Number         0  aeabi_idiv0.o ABSOLUTE
    ../clib/angel/rt.s                       0x00000000   Number         0  aeabi_idiv0_sigfpe.o ABSOLUTE
    ../clib/angel/rt.s                       0x00000000   Number         0  rt_div0.o ABSOLUTE
    ../clib/angel/rt.s                       0x00000000   Number         0  rt_raise.o ABSOLUTE
    ../clib/angel/scatterp.s                 0x00000000   Number         0  __scatter.o ABSOLUTE
    ../clib/angel/startup.s                  0x00000000   Number         0  __main.o ABSOLUTE
    ../clib/angel/sys.s                      0x00000000   Number         0  sys_stackheap_outer.o ABSOLUTE
    ../clib/angel/sys.s                      0x00000000   Number         0  libspace.o ABSOLUTE
    ../clib/angel/sys.s                      0x00000000   Number         0  tempstk.o ABSOLUTE
    ../clib/angel/sys.s                      0x00000000   Number         0  use_no_semi.o ABSOLUTE
    ../clib/angel/sys.s                      0x00000000   Number         0  indicate_semi.o ABSOLUTE
    ../clib/angel/sysapp.c                   0x00000000   Number         0  sys_exit.o ABSOLUTE
    ../clib/angel/sysapp.c                   0x00000000   Number         0  sys_exit_hlt.o ABSOLUTE
    ../clib/angel/sysapp.c                   0x00000000   Number         0  sys_wrch.o ABSOLUTE
    ../clib/angel/sysapp.c                   0x00000000   Number         0  sys_wrch_hlt.o ABSOLUTE
    ../clib/angel/sysapp.c                   0x00000000   Number         0  sys_command.o ABSOLUTE
    ../clib/angel/sysapp.c                   0x00000000   Number         0  sys_command_hlt.o ABSOLUTE
    ../clib/armsys.c                         0x00000000   Number         0  argv_veneer.o ABSOLUTE
    ../clib/armsys.c                         0x00000000   Number         0  _get_argv_nomalloc.o ABSOLUTE
    ../clib/armsys.c                         0x00000000   Number         0  no_argv.o ABSOLUTE
    ../clib/division.c                       0x00000000   Number         0  rtudiv10.o ABSOLUTE
    ../clib/division.s                       0x00000000   Number         0  aeabi_sdivfast.o ABSOLUTE
    ../clib/division.s                       0x00000000   Number         0  aeabi_sdivfast_div0.o ABSOLUTE
    ../clib/heapalloc.c                      0x00000000   Number         0  hrguard.o ABSOLUTE
    ../clib/heapaux.c                        0x00000000   Number         0  heapauxi.o ABSOLUTE
    ../clib/libinit.s                        0x00000000   Number         0  libinit.o ABSOLUTE
    ../clib/libinit.s                        0x00000000   Number         0  libinit2.o ABSOLUTE
    ../clib/libinit.s                        0x00000000   Number         0  libshutdown.o ABSOLUTE
    ../clib/libinit.s                        0x00000000   Number         0  libshutdown2.o ABSOLUTE
    ../clib/memcpset.c                       0x00000000   Number         0  aeabi_memset4.o ABSOLUTE
    ../clib/memcpset.c                       0x00000000   Number         0  rt_memclr.o ABSOLUTE
    ../clib/misc.s                           0x00000000   Number         0  printf_stubs.o ABSOLUTE
    ../clib/printf.c                         0x00000000   Number         0  __2sprintf.o ABSOLUTE
    ../clib/printf.c                         0x00000000   Number         0  noretval__2sprintf.o ABSOLUTE
    ../clib/printf.c                         0x00000000   Number         0  __printf.o ABSOLUTE
    ../clib/printf.c                         0x00000000   Number         0  _printf_pad.o ABSOLUTE
    ../clib/printf.c                         0x00000000   Number         0  _printf_dec.o ABSOLUTE
    ../clib/printf.c                         0x00000000   Number         0  __printf_flags.o ABSOLUTE
    ../clib/printf.c                         0x00000000   Number         0  __printf_ss.o ABSOLUTE
    ../clib/printf.c                         0x00000000   Number         0  __printf_flags_ss.o ABSOLUTE
    ../clib/printf.c                         0x00000000   Number         0  __printf_wp.o ABSOLUTE
    ../clib/printf.c                         0x00000000   Number         0  __printf_flags_wp.o ABSOLUTE
    ../clib/printf.c                         0x00000000   Number         0  __printf_ss_wp.o ABSOLUTE
    ../clib/printf.c                         0x00000000   Number         0  __printf_flags_ss_wp.o ABSOLUTE
    ../clib/printf.c                         0x00000000   Number         0  _printf_intcommon.o ABSOLUTE
    ../clib/printf.c                         0x00000000   Number         0  _printf_char_common.o ABSOLUTE
    ../clib/printf.c                         0x00000000   Number         0  _sputc.o ABSOLUTE
    ../clib/printf.c                         0x00000000   Number         0  __printf_nopercent.o ABSOLUTE
    ../clib/printf_percent.s                 0x00000000   Number         0  _printf_d.o ABSOLUTE
    ../clib/printf_percent.s                 0x00000000   Number         0  _printf_percent.o ABSOLUTE
    ../clib/printf_percent.s                 0x00000000   Number         0  _printf_percent_end.o ABSOLUTE
    ../clib/signal.c                         0x00000000   Number         0  defsig_fpe_outer.o ABSOLUTE
    ../clib/signal.c                         0x00000000   Number         0  defsig_fpe_formal.o ABSOLUTE
    ../clib/signal.c                         0x00000000   Number         0  defsig_exit.o ABSOLUTE
    ../clib/signal.c                         0x00000000   Number         0  defsig_fpe_inner.o ABSOLUTE
    ../clib/signal.c                         0x00000000   Number         0  __raise.o ABSOLUTE
    ../clib/signal.c                         0x00000000   Number         0  defsig_general.o ABSOLUTE
    ../clib/signal.c                         0x00000000   Number         0  defsig_abrt_inner.o ABSOLUTE
    ../clib/signal.c                         0x00000000   Number         0  defsig_rtred_inner.o ABSOLUTE
    ../clib/signal.c                         0x00000000   Number         0  defsig_rtmem_inner.o ABSOLUTE
    ../clib/signal.c                         0x00000000   Number         0  defsig_rtmem_outer.o ABSOLUTE
    ../clib/signal.c                         0x00000000   Number         0  defsig_rtmem_formal.o ABSOLUTE
    ../clib/signal.c                         0x00000000   Number         0  defsig_stak_inner.o ABSOLUTE
    ../clib/signal.c                         0x00000000   Number         0  defsig_pvfn_inner.o ABSOLUTE
    ../clib/signal.c                         0x00000000   Number         0  defsig_cppl_inner.o ABSOLUTE
    ../clib/signal.c                         0x00000000   Number         0  defsig_segv_inner.o ABSOLUTE
    ../clib/signal.c                         0x00000000   Number         0  defsig_other.o ABSOLUTE
    ../clib/signal.s                         0x00000000   Number         0  defsig.o ABSOLUTE
    ../clib/stdlib.c                         0x00000000   Number         0  exit.o ABSOLUTE
    ../fplib/cfplib/fpinit.c                 0x00000000   Number         0  fpinit.o ABSOLUTE
    dc.s                                     0x00000000   Number         0  dc.o ABSOLUTE
    fonts.c                                  0x00000000   Number         0  fonts.o ABSOLUTE
    main.c                                   0x00000000   Number         0  main.o ABSOLUTE
    ssd1306.c                                0x00000000   Number         0  ssd1306.o ABSOLUTE
    startup_stm32l053xx.s                    0x00000000   Number         0  startup_stm32l053xx.o ABSOLUTE
    stm32l0xx_hal.c                          0x00000000   Number         0  stm32l0xx_hal.o ABSOLUTE
    stm32l0xx_hal_cortex.c                   0x00000000   Number         0  stm32l0xx_hal_cortex.o ABSOLUTE
    stm32l0xx_hal_dma.c                      0x00000000   Number         0  stm32l0xx_hal_dma.o ABSOLUTE
    stm32l0xx_hal_exti.c                     0x00000000   Number         0  stm32l0xx_hal_exti.o ABSOLUTE
    stm32l0xx_hal_flash.c                    0x00000000   Number         0  stm32l0xx_hal_flash.o ABSOLUTE
    stm32l0xx_hal_flash_ex.c                 0x00000000   Number         0  stm32l0xx_hal_flash_ex.o ABSOLUTE
    stm32l0xx_hal_flash_ramfunc.c            0x00000000   Number         0  stm32l0xx_hal_flash_ramfunc.o ABSOLUTE
    stm32l0xx_hal_gpio.c                     0x00000000   Number         0  stm32l0xx_hal_gpio.o ABSOLUTE
    stm32l0xx_hal_i2c.c                      0x00000000   Number         0  stm32l0xx_hal_i2c.o ABSOLUTE
    stm32l0xx_hal_i2c_ex.c                   0x00000000   Number         0  stm32l0xx_hal_i2c_ex.o ABSOLUTE
    stm32l0xx_hal_msp.c                      0x00000000   Number         0  stm32l0xx_hal_msp.o ABSOLUTE
    stm32l0xx_hal_pwr.c                      0x00000000   Number         0  stm32l0xx_hal_pwr.o ABSOLUTE
    stm32l0xx_hal_pwr_ex.c                   0x00000000   Number         0  stm32l0xx_hal_pwr_ex.o ABSOLUTE
    stm32l0xx_hal_rcc.c                      0x00000000   Number         0  stm32l0xx_hal_rcc.o ABSOLUTE
    stm32l0xx_hal_rcc_ex.c                   0x00000000   Number         0  stm32l0xx_hal_rcc_ex.o ABSOLUTE
    stm32l0xx_hal_tim.c                      0x00000000   Number         0  stm32l0xx_hal_tim.o ABSOLUTE
    stm32l0xx_hal_tim_ex.c                   0x00000000   Number         0  stm32l0xx_hal_tim_ex.o ABSOLUTE
    stm32l0xx_it.c                           0x00000000   Number         0  stm32l0xx_it.o ABSOLUTE
    system_stm32l0xx.c                       0x00000000   Number         0  system_stm32l0xx.o ABSOLUTE
    RESET                                    0x08000000   Section      192  startup_stm32l053xx.o(RESET)
    !!!main                                  0x080000c0   Section        8  __main.o(!!!main)
    !!!scatter                               0x080000c8   Section       84  __scatter.o(!!!scatter)
    !!handler_copy                           0x0800011c   Section       26  __scatter_copy.o(!!handler_copy)
    !!handler_null                           0x08000138   Section        2  __scatter.o(!!handler_null)
    !!handler_zi                             0x0800013c   Section       28  __scatter_zi.o(!!handler_zi)
    .ARM.Collect$$_printf_percent$$00000000  0x08000158   Section        2  _printf_percent.o(.ARM.Collect$$_printf_percent$$00000000)
    .ARM.Collect$$_printf_percent$$00000009  0x0800015a   Section       10  _printf_d.o(.ARM.Collect$$_printf_percent$$00000009)
    .ARM.Collect$$_printf_percent$$00000017  0x08000164   Section        4  _printf_percent_end.o(.ARM.Collect$$_printf_percent$$00000017)
    .ARM.Collect$$libinit$$00000000          0x08000168   Section        2  libinit.o(.ARM.Collect$$libinit$$00000000)
    .ARM.Collect$$libinit$$00000002          0x0800016a   Section        0  libinit2.o(.ARM.Collect$$libinit$$00000002)
    .ARM.Collect$$libinit$$00000004          0x0800016a   Section        0  libinit2.o(.ARM.Collect$$libinit$$00000004)
    .ARM.Collect$$libinit$$00000006          0x0800016a   Section        0  libinit2.o(.ARM.Collect$$libinit$$00000006)
    .ARM.Collect$$libinit$$0000000C          0x0800016a   Section        0  libinit2.o(.ARM.Collect$$libinit$$0000000C)
    .ARM.Collect$$libinit$$0000000E          0x0800016a   Section        0  libinit2.o(.ARM.Collect$$libinit$$0000000E)
    .ARM.Collect$$libinit$$00000010          0x0800016a   Section        0  libinit2.o(.ARM.Collect$$libinit$$00000010)
    .ARM.Collect$$libinit$$00000013          0x0800016a   Section        0  libinit2.o(.ARM.Collect$$libinit$$00000013)
    .ARM.Collect$$libinit$$00000015          0x0800016a   Section        0  libinit2.o(.ARM.Collect$$libinit$$00000015)
    .ARM.Collect$$libinit$$00000017          0x0800016a   Section        0  libinit2.o(.ARM.Collect$$libinit$$00000017)
    .ARM.Collect$$libinit$$00000019          0x0800016a   Section        0  libinit2.o(.ARM.Collect$$libinit$$00000019)
    .ARM.Collect$$libinit$$0000001B          0x0800016a   Section        0  libinit2.o(.ARM.Collect$$libinit$$0000001B)
    .ARM.Collect$$libinit$$0000001D          0x0800016a   Section        0  libinit2.o(.ARM.Collect$$libinit$$0000001D)
    .ARM.Collect$$libinit$$0000001F          0x0800016a   Section        0  libinit2.o(.ARM.Collect$$libinit$$0000001F)
    .ARM.Collect$$libinit$$00000021          0x0800016a   Section        0  libinit2.o(.ARM.Collect$$libinit$$00000021)
    .ARM.Collect$$libinit$$00000023          0x0800016a   Section        0  libinit2.o(.ARM.Collect$$libinit$$00000023)
    .ARM.Collect$$libinit$$00000025          0x0800016a   Section        0  libinit2.o(.ARM.Collect$$libinit$$00000025)
    .ARM.Collect$$libinit$$00000027          0x0800016a   Section        0  libinit2.o(.ARM.Collect$$libinit$$00000027)
    .ARM.Collect$$libinit$$0000002E          0x0800016a   Section        0  libinit2.o(.ARM.Collect$$libinit$$0000002E)
    .ARM.Collect$$libinit$$00000030          0x0800016a   Section        0  libinit2.o(.ARM.Collect$$libinit$$00000030)
    .ARM.Collect$$libinit$$00000032          0x0800016a   Section        0  libinit2.o(.ARM.Collect$$libinit$$00000032)
    .ARM.Collect$$libinit$$00000034          0x0800016a   Section        0  libinit2.o(.ARM.Collect$$libinit$$00000034)
    .ARM.Collect$$libinit$$00000035          0x0800016a   Section        2  libinit2.o(.ARM.Collect$$libinit$$00000035)
    .ARM.Collect$$libshutdown$$00000000      0x0800016c   Section        2  libshutdown.o(.ARM.Collect$$libshutdown$$00000000)
    .ARM.Collect$$libshutdown$$00000002      0x0800016e   Section        0  libshutdown2.o(.ARM.Collect$$libshutdown$$00000002)
    .ARM.Collect$$libshutdown$$00000004      0x0800016e   Section        0  libshutdown2.o(.ARM.Collect$$libshutdown$$00000004)
    .ARM.Collect$$libshutdown$$00000007      0x0800016e   Section        0  libshutdown2.o(.ARM.Collect$$libshutdown$$00000007)
    .ARM.Collect$$libshutdown$$0000000A      0x0800016e   Section        0  libshutdown2.o(.ARM.Collect$$libshutdown$$0000000A)
    .ARM.Collect$$libshutdown$$0000000C      0x0800016e   Section        0  libshutdown2.o(.ARM.Collect$$libshutdown$$0000000C)
    .ARM.Collect$$libshutdown$$0000000F      0x0800016e   Section        0  libshutdown2.o(.ARM.Collect$$libshutdown$$0000000F)
    .ARM.Collect$$libshutdown$$00000010      0x0800016e   Section        2  libshutdown2.o(.ARM.Collect$$libshutdown$$00000010)
    .ARM.Collect$$rtentry$$00000000          0x08000170   Section        0  __rtentry.o(.ARM.Collect$$rtentry$$00000000)
    .ARM.Collect$$rtentry$$00000002          0x08000170   Section        0  __rtentry2.o(.ARM.Collect$$rtentry$$00000002)
    .ARM.Collect$$rtentry$$00000004          0x08000170   Section        6  __rtentry4.o(.ARM.Collect$$rtentry$$00000004)
    .ARM.Collect$$rtentry$$00000009          0x08000176   Section        0  __rtentry2.o(.ARM.Collect$$rtentry$$00000009)
    .ARM.Collect$$rtentry$$0000000A          0x08000176   Section        4  __rtentry2.o(.ARM.Collect$$rtentry$$0000000A)
    .ARM.Collect$$rtentry$$0000000C          0x0800017a   Section        0  __rtentry2.o(.ARM.Collect$$rtentry$$0000000C)
    .ARM.Collect$$rtentry$$0000000D          0x0800017a   Section        8  __rtentry2.o(.ARM.Collect$$rtentry$$0000000D)
    .ARM.Collect$$rtexit$$00000000           0x08000182   Section        2  rtexit.o(.ARM.Collect$$rtexit$$00000000)
    .ARM.Collect$$rtexit$$00000002           0x08000184   Section        0  rtexit2.o(.ARM.Collect$$rtexit$$00000002)
    .ARM.Collect$$rtexit$$00000003           0x08000184   Section        4  rtexit2.o(.ARM.Collect$$rtexit$$00000003)
    .ARM.Collect$$rtexit$$00000004           0x08000188   Section        6  rtexit2.o(.ARM.Collect$$rtexit$$00000004)
    .text                                    0x08000190   Section       56  startup_stm32l053xx.o(.text)
    .text                                    0x080001c8   Section        0  noretval__2sprintf.o(.text)
    .text                                    0x080001f0   Section        0  _printf_pad.o(.text)
    .text                                    0x08000240   Section        0  _printf_dec.o(.text)
    .text                                    0x080002ac   Section        0  __printf_wp.o(.text)
    .text                                    0x080003ba   Section        0  rt_memclr.o(.text)
    .text                                    0x080003fa   Section        0  heapauxi.o(.text)
    .text                                    0x08000400   Section        0  _printf_intcommon.o(.text)
    _printf_input_char                       0x080004b1   Thumb Code    10  _printf_char_common.o(.text)
    .text                                    0x080004b0   Section        0  _printf_char_common.o(.text)
    .text                                    0x080004e0   Section        0  _sputc.o(.text)
    .text                                    0x080004ea   Section        0  rtudiv10.o(.text)
    .text                                    0x08000512   Section       62  sys_stackheap_outer.o(.text)
    .text                                    0x08000550   Section        0  exit.o(.text)
    .text                                    0x08000560   Section        8  libspace.o(.text)
    .text                                    0x08000568   Section        0  sys_exit.o(.text)
    .text                                    0x08000574   Section        2  use_no_semi.o(.text)
    .text                                    0x08000576   Section        0  indicate_semi.o(.text)
    [Anonymous Symbol]                       0x08000578   Section        0  stm32l0xx_hal.o(.text.HAL_Delay)
    __arm_cp.10_0                            0x08000598   Number         4  stm32l0xx_hal.o(.text.HAL_Delay)
    [Anonymous Symbol]                       0x0800059c   Section        0  stm32l0xx_hal_gpio.o(.text.HAL_GPIO_Init)
    __arm_cp.0_0                             0x08000718   Number         4  stm32l0xx_hal_gpio.o(.text.HAL_GPIO_Init)
    __arm_cp.0_1                             0x0800071c   Number         4  stm32l0xx_hal_gpio.o(.text.HAL_GPIO_Init)
    __arm_cp.0_3                             0x08000720   Number         4  stm32l0xx_hal_gpio.o(.text.HAL_GPIO_Init)
    [Anonymous Symbol]                       0x08000724   Section        0  stm32l0xx_hal_gpio.o(.text.HAL_GPIO_WritePin)
    [Anonymous Symbol]                       0x08000734   Section        0  stm32l0xx_hal.o(.text.HAL_GetTick)
    __arm_cp.6_0                             0x0800073c   Number         4  stm32l0xx_hal.o(.text.HAL_GetTick)
    [Anonymous Symbol]                       0x08000740   Section        0  stm32l0xx_hal_i2c_ex.o(.text.HAL_I2CEx_ConfigAnalogFilter)
    [Anonymous Symbol]                       0x08000782   Section        0  stm32l0xx_hal_i2c_ex.o(.text.HAL_I2CEx_ConfigDigitalFilter)
    [Anonymous Symbol]                       0x080007c4   Section        0  stm32l0xx_hal_i2c_ex.o(.text.HAL_I2CEx_EnableFastModePlus)
    __arm_cp.4_0                             0x080007d8   Number         4  stm32l0xx_hal_i2c_ex.o(.text.HAL_I2CEx_EnableFastModePlus)
    __arm_cp.4_1                             0x080007dc   Number         4  stm32l0xx_hal_i2c_ex.o(.text.HAL_I2CEx_EnableFastModePlus)
    [Anonymous Symbol]                       0x080007e0   Section        0  stm32l0xx_hal_i2c.o(.text.HAL_I2C_Init)
    __arm_cp.0_0                             0x08000880   Number         4  stm32l0xx_hal_i2c.o(.text.HAL_I2C_Init)
    __arm_cp.0_1                             0x08000884   Number         4  stm32l0xx_hal_i2c.o(.text.HAL_I2C_Init)
    [Anonymous Symbol]                       0x08000888   Section        0  stm32l0xx_hal_i2c.o(.text.HAL_I2C_Mem_Write)
    __arm_cp.30_0                            0x08000a94   Number         4  stm32l0xx_hal_i2c.o(.text.HAL_I2C_Mem_Write)
    __arm_cp.30_1                            0x08000a98   Number         4  stm32l0xx_hal_i2c.o(.text.HAL_I2C_Mem_Write)
    __arm_cp.30_2                            0x08000a9c   Number         4  stm32l0xx_hal_i2c.o(.text.HAL_I2C_Mem_Write)
    __arm_cp.30_3                            0x08000aa0   Number         4  stm32l0xx_hal_i2c.o(.text.HAL_I2C_Mem_Write)
    __arm_cp.30_4                            0x08000aa4   Number         4  stm32l0xx_hal_i2c.o(.text.HAL_I2C_Mem_Write)
    __arm_cp.30_5                            0x08000aa8   Number         4  stm32l0xx_hal_i2c.o(.text.HAL_I2C_Mem_Write)
    [Anonymous Symbol]                       0x08000aac   Section        0  stm32l0xx_hal_msp.o(.text.HAL_I2C_MspInit)
    __arm_cp.1_0                             0x08000b20   Number         4  stm32l0xx_hal_msp.o(.text.HAL_I2C_MspInit)
    __arm_cp.1_1                             0x08000b24   Number         4  stm32l0xx_hal_msp.o(.text.HAL_I2C_MspInit)
    __arm_cp.1_2                             0x08000b28   Number         4  stm32l0xx_hal_msp.o(.text.HAL_I2C_MspInit)
    __arm_cp.1_3                             0x08000b2c   Number         4  stm32l0xx_hal_msp.o(.text.HAL_I2C_MspInit)
    [Anonymous Symbol]                       0x08000b30   Section        0  stm32l0xx_hal.o(.text.HAL_IncTick)
    __arm_cp.5_1                             0x08000b40   Number         4  stm32l0xx_hal.o(.text.HAL_IncTick)
    [Anonymous Symbol]                       0x08000b44   Section        0  stm32l0xx_hal.o(.text.HAL_Init)
    __arm_cp.0_0                             0x08000b68   Number         4  stm32l0xx_hal.o(.text.HAL_Init)
    [Anonymous Symbol]                       0x08000b6c   Section        0  stm32l0xx_hal.o(.text.HAL_InitTick)
    __arm_cp.1_0                             0x08000ba8   Number         4  stm32l0xx_hal.o(.text.HAL_InitTick)
    __arm_cp.1_1                             0x08000bac   Number         4  stm32l0xx_hal.o(.text.HAL_InitTick)
    [Anonymous Symbol]                       0x08000bb0   Section        0  stm32l0xx_hal_msp.o(.text.HAL_MspInit)
    __arm_cp.0_0                             0x08000bc4   Number         4  stm32l0xx_hal_msp.o(.text.HAL_MspInit)
    [Anonymous Symbol]                       0x08000bc8   Section        0  stm32l0xx_hal_cortex.o(.text.HAL_NVIC_EnableIRQ)
    __arm_cp.1_0                             0x08000bdc   Number         4  stm32l0xx_hal_cortex.o(.text.HAL_NVIC_EnableIRQ)
    [Anonymous Symbol]                       0x08000be0   Section        0  stm32l0xx_hal_cortex.o(.text.HAL_NVIC_SetPriority)
    __arm_cp.0_0                             0x08000c10   Number         4  stm32l0xx_hal_cortex.o(.text.HAL_NVIC_SetPriority)
    __arm_cp.0_1                             0x08000c14   Number         4  stm32l0xx_hal_cortex.o(.text.HAL_NVIC_SetPriority)
    [Anonymous Symbol]                       0x08000c18   Section        0  stm32l0xx_hal_rcc_ex.o(.text.HAL_RCCEx_PeriphCLKConfig)
    __arm_cp.0_0                             0x08000e20   Number         4  stm32l0xx_hal_rcc_ex.o(.text.HAL_RCCEx_PeriphCLKConfig)
    __arm_cp.0_1                             0x08000e24   Number         4  stm32l0xx_hal_rcc_ex.o(.text.HAL_RCCEx_PeriphCLKConfig)
    [Anonymous Symbol]                       0x08000e28   Section        0  stm32l0xx_hal_rcc.o(.text.HAL_RCC_ClockConfig)
    __arm_cp.3_0                             0x08001020   Number         4  stm32l0xx_hal_rcc.o(.text.HAL_RCC_ClockConfig)
    __arm_cp.3_1                             0x08001024   Number         4  stm32l0xx_hal_rcc.o(.text.HAL_RCC_ClockConfig)
    __arm_cp.3_2                             0x08001028   Number         4  stm32l0xx_hal_rcc.o(.text.HAL_RCC_ClockConfig)
    __arm_cp.3_3                             0x0800102c   Number         4  stm32l0xx_hal_rcc.o(.text.HAL_RCC_ClockConfig)
    __arm_cp.3_4                             0x08001030   Number         4  stm32l0xx_hal_rcc.o(.text.HAL_RCC_ClockConfig)
    __arm_cp.3_5                             0x08001034   Number         4  stm32l0xx_hal_rcc.o(.text.HAL_RCC_ClockConfig)
    __arm_cp.3_6                             0x08001038   Number         4  stm32l0xx_hal_rcc.o(.text.HAL_RCC_ClockConfig)
    __arm_cp.3_7                             0x0800103c   Number         4  stm32l0xx_hal_rcc.o(.text.HAL_RCC_ClockConfig)
    __arm_cp.3_8                             0x08001040   Number         4  stm32l0xx_hal_rcc.o(.text.HAL_RCC_ClockConfig)
    __arm_cp.3_9                             0x08001044   Number         4  stm32l0xx_hal_rcc.o(.text.HAL_RCC_ClockConfig)
    [Anonymous Symbol]                       0x08001048   Section        0  stm32l0xx_hal_rcc.o(.text.HAL_RCC_OscConfig)
    __arm_cp.1_13                            0x080011d8   Number         4  stm32l0xx_hal_rcc.o(.text.HAL_RCC_OscConfig)
    __arm_cp.1_1                             0x08001598   Number         4  stm32l0xx_hal_rcc.o(.text.HAL_RCC_OscConfig)
    __arm_cp.1_2                             0x0800159c   Number         4  stm32l0xx_hal_rcc.o(.text.HAL_RCC_OscConfig)
    __arm_cp.1_3                             0x080015a0   Number         4  stm32l0xx_hal_rcc.o(.text.HAL_RCC_OscConfig)
    __arm_cp.1_4                             0x080015a4   Number         4  stm32l0xx_hal_rcc.o(.text.HAL_RCC_OscConfig)
    __arm_cp.1_5                             0x080015a8   Number         4  stm32l0xx_hal_rcc.o(.text.HAL_RCC_OscConfig)
    __arm_cp.1_6                             0x080015ac   Number         4  stm32l0xx_hal_rcc.o(.text.HAL_RCC_OscConfig)
    __arm_cp.1_7                             0x080015b0   Number         4  stm32l0xx_hal_rcc.o(.text.HAL_RCC_OscConfig)
    __arm_cp.1_8                             0x080015b4   Number         4  stm32l0xx_hal_rcc.o(.text.HAL_RCC_OscConfig)
    __arm_cp.1_9                             0x080015b8   Number         4  stm32l0xx_hal_rcc.o(.text.HAL_RCC_OscConfig)
    __arm_cp.1_10                            0x080015bc   Number         4  stm32l0xx_hal_rcc.o(.text.HAL_RCC_OscConfig)
    [Anonymous Symbol]                       0x080015c0   Section        0  stm32l0xx_hal_cortex.o(.text.HAL_SYSTICK_Config)
    __arm_cp.4_0                             0x080015e8   Number         4  stm32l0xx_hal_cortex.o(.text.HAL_SYSTICK_Config)
    __arm_cp.4_1                             0x080015ec   Number         4  stm32l0xx_hal_cortex.o(.text.HAL_SYSTICK_Config)
    __arm_cp.4_2                             0x080015f0   Number         4  stm32l0xx_hal_cortex.o(.text.HAL_SYSTICK_Config)
    [Anonymous Symbol]                       0x080015f4   Section        0  stm32l0xx_hal_tim_ex.o(.text.HAL_TIMEx_MasterConfigSynchronization)
    [Anonymous Symbol]                       0x08001640   Section        0  stm32l0xx_hal_tim.o(.text.HAL_TIM_Base_Init)
    [Anonymous Symbol]                       0x080016d0   Section        0  stm32l0xx_hal_msp.o(.text.HAL_TIM_Base_MspInit)
    __arm_cp.3_1                             0x0800170c   Number         4  stm32l0xx_hal_msp.o(.text.HAL_TIM_Base_MspInit)
    __arm_cp.3_2                             0x08001710   Number         4  stm32l0xx_hal_msp.o(.text.HAL_TIM_Base_MspInit)
    [Anonymous Symbol]                       0x08001714   Section        0  stm32l0xx_hal_tim.o(.text.HAL_TIM_Base_Start_IT)
    __arm_cp.6_0                             0x08001758   Number         4  stm32l0xx_hal_tim.o(.text.HAL_TIM_Base_Start_IT)
    __arm_cp.6_1                             0x0800175c   Number         4  stm32l0xx_hal_tim.o(.text.HAL_TIM_Base_Start_IT)
    [Anonymous Symbol]                       0x08001760   Section        0  stm32l0xx_hal_tim.o(.text.HAL_TIM_ConfigClockSource)
    __arm_cp.85_0                            0x080018b8   Number         4  stm32l0xx_hal_tim.o(.text.HAL_TIM_ConfigClockSource)
    [Anonymous Symbol]                       0x080018bc   Section        0  stm32l0xx_hal_tim.o(.text.HAL_TIM_IC_CaptureCallback)
    [Anonymous Symbol]                       0x080018be   Section        0  stm32l0xx_hal_tim.o(.text.HAL_TIM_IRQHandler)
    [Anonymous Symbol]                       0x080019d4   Section        0  stm32l0xx_hal_msp.o(.text.HAL_TIM_MspPostInit)
    __arm_cp.4_0                             0x08001a20   Number         4  stm32l0xx_hal_msp.o(.text.HAL_TIM_MspPostInit)
    __arm_cp.4_1                             0x08001a24   Number         4  stm32l0xx_hal_msp.o(.text.HAL_TIM_MspPostInit)
    __arm_cp.4_2                             0x08001a28   Number         4  stm32l0xx_hal_msp.o(.text.HAL_TIM_MspPostInit)
    [Anonymous Symbol]                       0x08001a2c   Section        0  stm32l0xx_hal_tim.o(.text.HAL_TIM_OC_DelayElapsedCallback)
    [Anonymous Symbol]                       0x08001a30   Section        0  stm32l0xx_hal_tim.o(.text.HAL_TIM_PWM_ConfigChannel)
    [Anonymous Symbol]                       0x08001b80   Section        0  stm32l0xx_hal_tim.o(.text.HAL_TIM_PWM_Init)
    __arm_cp.25_0                            0x08001c10   Number         4  stm32l0xx_hal_tim.o(.text.HAL_TIM_PWM_Init)
    __arm_cp.25_1                            0x08001c14   Number         4  stm32l0xx_hal_tim.o(.text.HAL_TIM_PWM_Init)
    [Anonymous Symbol]                       0x08001c18   Section        0  stm32l0xx_hal_tim.o(.text.HAL_TIM_PWM_MspInit)
    [Anonymous Symbol]                       0x08001c1a   Section        0  stm32l0xx_hal_tim.o(.text.HAL_TIM_PWM_PulseFinishedCallback)
    [Anonymous Symbol]                       0x08001c1c   Section        0  main.o(.text.HAL_TIM_PeriodElapsedCallback)
    __arm_cp.3_0                             0x08001c28   Number         4  main.o(.text.HAL_TIM_PeriodElapsedCallback)
    [Anonymous Symbol]                       0x08001c2c   Section        0  stm32l0xx_hal_tim.o(.text.HAL_TIM_TriggerCallback)
    [Anonymous Symbol]                       0x08001c2e   Section        0  stm32l0xx_it.o(.text.HardFault_Handler)
    I2C_IsErrorOccurred                      0x08001c31   Thumb Code   376  stm32l0xx_hal_i2c.o(.text.I2C_IsErrorOccurred)
    [Anonymous Symbol]                       0x08001c30   Section        0  stm32l0xx_hal_i2c.o(.text.I2C_IsErrorOccurred)
    __arm_cp.72_0                            0x08001da8   Number         4  stm32l0xx_hal_i2c.o(.text.I2C_IsErrorOccurred)
    I2C_WaitOnFlagUntilTimeout               0x08001dad   Thumb Code   212  stm32l0xx_hal_i2c.o(.text.I2C_WaitOnFlagUntilTimeout)
    [Anonymous Symbol]                       0x08001dac   Section        0  stm32l0xx_hal_i2c.o(.text.I2C_WaitOnFlagUntilTimeout)
    I2C_WaitOnSTOPFlagUntilTimeout           0x08001e81   Thumb Code   134  stm32l0xx_hal_i2c.o(.text.I2C_WaitOnSTOPFlagUntilTimeout)
    [Anonymous Symbol]                       0x08001e80   Section        0  stm32l0xx_hal_i2c.o(.text.I2C_WaitOnSTOPFlagUntilTimeout)
    I2C_WaitOnTXISFlagUntilTimeout           0x08001f07   Thumb Code   166  stm32l0xx_hal_i2c.o(.text.I2C_WaitOnTXISFlagUntilTimeout)
    [Anonymous Symbol]                       0x08001f06   Section        0  stm32l0xx_hal_i2c.o(.text.I2C_WaitOnTXISFlagUntilTimeout)
    [Anonymous Symbol]                       0x08001fac   Section        0  stm32l0xx_it.o(.text.NMI_Handler)
    [Anonymous Symbol]                       0x08001fae   Section        0  stm32l0xx_it.o(.text.PendSV_Handler)
    [Anonymous Symbol]                       0x08001fb0   Section        0  stm32l0xx_it.o(.text.SVC_Handler)
    [Anonymous Symbol]                       0x08001fb2   Section        0  stm32l0xx_it.o(.text.SysTick_Handler)
    [Anonymous Symbol]                       0x08001fba   Section        0  system_stm32l0xx.o(.text.SystemInit)
    [Anonymous Symbol]                       0x08001fbc   Section        0  stm32l0xx_it.o(.text.TIM6_DAC_IRQHandler)
    __arm_cp.5_0                             0x08001fc8   Number         4  stm32l0xx_it.o(.text.TIM6_DAC_IRQHandler)
    [Anonymous Symbol]                       0x08001fcc   Section        0  main.o(.text.main)
    __arm_cp.0_20                            0x08002254   Number         4  main.o(.text.main)
    __arm_cp.0_21                            0x08002258   Number         4  main.o(.text.main)
    __arm_cp.0_23                            0x08002260   Number         4  main.o(.text.main)
    __arm_cp.0_24                            0x08002264   Number         4  main.o(.text.main)
    __arm_cp.0_2                             0x08002494   Number         4  main.o(.text.main)
    __arm_cp.0_5                             0x08002498   Number         4  main.o(.text.main)
    __arm_cp.0_6                             0x0800249c   Number         4  main.o(.text.main)
    __arm_cp.0_7                             0x080024a0   Number         4  main.o(.text.main)
    __arm_cp.0_8                             0x080024a4   Number         4  main.o(.text.main)
    __arm_cp.0_9                             0x080024a8   Number         4  main.o(.text.main)
    __arm_cp.0_10                            0x080024ac   Number         4  main.o(.text.main)
    __arm_cp.0_11                            0x080024b0   Number         4  main.o(.text.main)
    __arm_cp.0_12                            0x080024b4   Number         4  main.o(.text.main)
    __arm_cp.0_13                            0x080024b8   Number         4  main.o(.text.main)
    __arm_cp.0_15                            0x080024c4   Number         4  main.o(.text.main)
    __arm_cp.0_17                            0x080024d4   Number         4  main.o(.text.main)
    __arm_cp.0_19                            0x080024e4   Number         4  main.o(.text.main)
    [Anonymous Symbol]                       0x080024e8   Section        0  ssd1306.o(.text.ssd1306_Init)
    [Anonymous Symbol]                       0x080028a8   Section        0  ssd1306.o(.text.ssd1306_SetCursor)
    __arm_cp.7_0                             0x080028b4   Number         4  ssd1306.o(.text.ssd1306_SetCursor)
    [Anonymous Symbol]                       0x080028b8   Section        0  ssd1306.o(.text.ssd1306_UpdateScreen)
    __arm_cp.2_0                             0x08002944   Number         4  ssd1306.o(.text.ssd1306_UpdateScreen)
    [Anonymous Symbol]                       0x08002948   Section        0  ssd1306.o(.text.ssd1306_WriteChar)
    __arm_cp.4_0                             0x08002cb0   Number         4  ssd1306.o(.text.ssd1306_WriteChar)
    __arm_cp.4_1                             0x08002cb4   Number         4  ssd1306.o(.text.ssd1306_WriteChar)
    [Anonymous Symbol]                       0x08002cb8   Section        0  ssd1306.o(.text.ssd1306_WriteString)
    [Anonymous Symbol]                       0x08002cf8   Section        0  main.o(.text.ws2812b_display_all_led_colors)
    __arm_cp.4_0                             0x08002e08   Number         4  main.o(.text.ws2812b_display_all_led_colors)
    .text_divfast                            0x08002e0c   Section      502  aeabi_sdivfast.o(.text_divfast)
    i._is_digit                              0x08003002   Section        0  __printf_wp.o(i._is_digit)
    Font11x18                                0x08003020   Data        3420  fonts.o(.rodata.Font11x18)
    [Anonymous Symbol]                       0x08003020   Section        0  fonts.o(.rodata.Font11x18)
    Font16x26                                0x08003d7c   Data        4940  fonts.o(.rodata.Font16x26)
    [Anonymous Symbol]                       0x08003d7c   Section        0  fonts.o(.rodata.Font16x26)
    Font7x10                                 0x080050c8   Data        1900  fonts.o(.rodata.Font7x10)
    [Anonymous Symbol]                       0x080050c8   Section        0  fonts.o(.rodata.Font7x10)
    [Anonymous Symbol]                       0x0800583d   Section        0  main.o(.rodata.str1.1)
    [Anonymous Symbol]                       0x20000000   Section        0  stm32l0xx_hal.o(.data..L_MergedGlobals)
    .bss                                     0x20000028   Section       96  libspace.o(.bss)
    SSD1306.2                                0x20000088   Data           1  ssd1306.o(.bss..L_MergedGlobals)
    [Anonymous Symbol]                       0x20000088   Section        0  ssd1306.o(.bss..L_MergedGlobals)
    SSD1306.0                                0x2000008a   Data           2  ssd1306.o(.bss..L_MergedGlobals)
    SSD1306.1                                0x2000008c   Data           2  ssd1306.o(.bss..L_MergedGlobals)
    [Anonymous Symbol]                       0x20000090   Section        0  main.o(.bss..L_MergedGlobals)
    SSD1306_Buffer                           0x200000f4   Data        1040  ssd1306.o(.bss.SSD1306_Buffer)
    [Anonymous Symbol]                       0x200000f4   Section        0  ssd1306.o(.bss.SSD1306_Buffer)
    Heap_Mem                                 0x200005f0   Data        1024  startup_stm32l053xx.o(HEAP)
    HEAP                                     0x200005f0   Section     1024  startup_stm32l053xx.o(HEAP)
    Stack_Mem                                0x200009f0   Data         512  startup_stm32l053xx.o(STACK)
    STACK                                    0x200009f0   Section      512  startup_stm32l053xx.o(STACK)
    __initial_sp                             0x20000bf0   Data           0  startup_stm32l053xx.o(STACK)

    Global Symbols

    Symbol Name                              Value     Ov Type        Size  Object(Section)

    BuildAttributes$$THM_ISAv3M$S$PE$A:L22$X:L11$S22$IEEE1$IW$~IW$USESV6$~STKCKD$USESV7$~SHL$OTIME$ROPI$EBA8$UX$STANDARDLIB$REQ8$PRES8$EABIv2 0x00000000   Number         0  anon$$obj.o ABSOLUTE
    _printf_flags                            0x00000000   Number         0  printf_stubs.o ABSOLUTE
    _printf_return_value                     0x00000000   Number         0  printf_stubs.o ABSOLUTE
    _printf_sizespec                         0x00000000   Number         0  printf_stubs.o ABSOLUTE
    _printf_widthprec                        0x00000000   Number         0  printf_stubs.o ABSOLUTE
    __ARM_exceptions_init                     - Undefined Weak Reference
    __alloca_initialize                       - Undefined Weak Reference
    __arm_preinit_                            - Undefined Weak Reference
    __arm_relocate_pie_                       - Undefined Weak Reference
    __cpp_initialize__aeabi_                  - Undefined Weak Reference
    __cxa_finalize                            - Undefined Weak Reference
    __rt_locale                               - Undefined Weak Reference
    __sigvec_lookup                           - Undefined Weak Reference
    _atexit_init                              - Undefined Weak Reference
    _call_atexit_fns                          - Undefined Weak Reference
    _clock_init                               - Undefined Weak Reference
    _fp_trap_init                             - Undefined Weak Reference
    _fp_trap_shutdown                         - Undefined Weak Reference
    _get_lc_collate                           - Undefined Weak Reference
    _get_lc_ctype                             - Undefined Weak Reference
    _get_lc_monetary                          - Undefined Weak Reference
    _get_lc_numeric                           - Undefined Weak Reference
    _get_lc_time                              - Undefined Weak Reference
    _getenv_init                              - Undefined Weak Reference
    _handle_redirection                       - Undefined Weak Reference
    _init_alloc                               - Undefined Weak Reference
    _init_user_alloc                          - Undefined Weak Reference
    _initio                                   - Undefined Weak Reference
    _printf_truncate_signed                   - Undefined Weak Reference
    _printf_truncate_unsigned                 - Undefined Weak Reference
    _rand_init                                - Undefined Weak Reference
    _signal_finish                            - Undefined Weak Reference
    _signal_init                              - Undefined Weak Reference
    _terminate_alloc                          - Undefined Weak Reference
    _terminate_user_alloc                     - Undefined Weak Reference
    _terminateio                              - Undefined Weak Reference
    __Vectors_Size                           0x000000c0   Number         0  startup_stm32l053xx.o ABSOLUTE
    __Vectors                                0x08000000   Data           4  startup_stm32l053xx.o(RESET)
    __Vectors_End                            0x080000c0   Data           0  startup_stm32l053xx.o(RESET)
    __main                                   0x080000c1   Thumb Code     8  __main.o(!!!main)
    __scatterload                            0x080000c9   Thumb Code     0  __scatter.o(!!!scatter)
    __scatterload_rt2                        0x080000c9   Thumb Code    74  __scatter.o(!!!scatter)
    __scatterload_rt2_thumb_only             0x080000c9   Thumb Code     0  __scatter.o(!!!scatter)
    __scatterload_loop                       0x080000d3   Thumb Code     0  __scatter.o(!!!scatter)
    __scatterload_copy                       0x0800011d   Thumb Code    26  __scatter_copy.o(!!handler_copy)
    __scatterload_null                       0x08000139   Thumb Code     2  __scatter.o(!!handler_null)
    __scatterload_zeroinit                   0x0800013d   Thumb Code    28  __scatter_zi.o(!!handler_zi)
    _printf_percent                          0x08000159   Thumb Code     0  _printf_percent.o(.ARM.Collect$$_printf_percent$$00000000)
    _printf_d                                0x0800015b   Thumb Code     0  _printf_d.o(.ARM.Collect$$_printf_percent$$00000009)
    _printf_percent_end                      0x08000165   Thumb Code     0  _printf_percent_end.o(.ARM.Collect$$_printf_percent$$00000017)
    __rt_lib_init                            0x08000169   Thumb Code     0  libinit.o(.ARM.Collect$$libinit$$00000000)
    __rt_lib_init_alloca_1                   0x0800016b   Thumb Code     0  libinit2.o(.ARM.Collect$$libinit$$00000030)
    __rt_lib_init_argv_1                     0x0800016b   Thumb Code     0  libinit2.o(.ARM.Collect$$libinit$$0000002E)
    __rt_lib_init_atexit_1                   0x0800016b   Thumb Code     0  libinit2.o(.ARM.Collect$$libinit$$0000001D)
    __rt_lib_init_clock_1                    0x0800016b   Thumb Code     0  libinit2.o(.ARM.Collect$$libinit$$00000023)
    __rt_lib_init_cpp_1                      0x0800016b   Thumb Code     0  libinit2.o(.ARM.Collect$$libinit$$00000034)
    __rt_lib_init_exceptions_1               0x0800016b   Thumb Code     0  libinit2.o(.ARM.Collect$$libinit$$00000032)
    __rt_lib_init_fp_1                       0x0800016b   Thumb Code     0  libinit2.o(.ARM.Collect$$libinit$$00000002)
    __rt_lib_init_fp_trap_1                  0x0800016b   Thumb Code     0  libinit2.o(.ARM.Collect$$libinit$$00000021)
    __rt_lib_init_getenv_1                   0x0800016b   Thumb Code     0  libinit2.o(.ARM.Collect$$libinit$$00000025)
    __rt_lib_init_heap_1                     0x0800016b   Thumb Code     0  libinit2.o(.ARM.Collect$$libinit$$0000000C)
    __rt_lib_init_lc_collate_1               0x0800016b   Thumb Code     0  libinit2.o(.ARM.Collect$$libinit$$00000013)
    __rt_lib_init_lc_ctype_1                 0x0800016b   Thumb Code     0  libinit2.o(.ARM.Collect$$libinit$$00000015)
    __rt_lib_init_lc_monetary_1              0x0800016b   Thumb Code     0  libinit2.o(.ARM.Collect$$libinit$$00000017)
    __rt_lib_init_lc_numeric_1               0x0800016b   Thumb Code     0  libinit2.o(.ARM.Collect$$libinit$$00000019)
    __rt_lib_init_lc_time_1                  0x0800016b   Thumb Code     0  libinit2.o(.ARM.Collect$$libinit$$0000001B)
    __rt_lib_init_preinit_1                  0x0800016b   Thumb Code     0  libinit2.o(.ARM.Collect$$libinit$$00000006)
    __rt_lib_init_rand_1                     0x0800016b   Thumb Code     0  libinit2.o(.ARM.Collect$$libinit$$00000010)
    __rt_lib_init_relocate_pie_1             0x0800016b   Thumb Code     0  libinit2.o(.ARM.Collect$$libinit$$00000004)
    __rt_lib_init_return                     0x0800016b   Thumb Code     0  libinit2.o(.ARM.Collect$$libinit$$00000035)
    __rt_lib_init_signal_1                   0x0800016b   Thumb Code     0  libinit2.o(.ARM.Collect$$libinit$$0000001F)
    __rt_lib_init_stdio_1                    0x0800016b   Thumb Code     0  libinit2.o(.ARM.Collect$$libinit$$00000027)
    __rt_lib_init_user_alloc_1               0x0800016b   Thumb Code     0  libinit2.o(.ARM.Collect$$libinit$$0000000E)
    __rt_lib_shutdown                        0x0800016d   Thumb Code     0  libshutdown.o(.ARM.Collect$$libshutdown$$00000000)
    __rt_lib_shutdown_cpp_1                  0x0800016f   Thumb Code     0  libshutdown2.o(.ARM.Collect$$libshutdown$$00000002)
    __rt_lib_shutdown_fp_trap_1              0x0800016f   Thumb Code     0  libshutdown2.o(.ARM.Collect$$libshutdown$$00000007)
    __rt_lib_shutdown_heap_1                 0x0800016f   Thumb Code     0  libshutdown2.o(.ARM.Collect$$libshutdown$$0000000F)
    __rt_lib_shutdown_return                 0x0800016f   Thumb Code     0  libshutdown2.o(.ARM.Collect$$libshutdown$$00000010)
    __rt_lib_shutdown_signal_1               0x0800016f   Thumb Code     0  libshutdown2.o(.ARM.Collect$$libshutdown$$0000000A)
    __rt_lib_shutdown_stdio_1                0x0800016f   Thumb Code     0  libshutdown2.o(.ARM.Collect$$libshutdown$$00000004)
    __rt_lib_shutdown_user_alloc_1           0x0800016f   Thumb Code     0  libshutdown2.o(.ARM.Collect$$libshutdown$$0000000C)
    __rt_entry                               0x08000171   Thumb Code     0  __rtentry.o(.ARM.Collect$$rtentry$$00000000)
    __rt_entry_presh_1                       0x08000171   Thumb Code     0  __rtentry2.o(.ARM.Collect$$rtentry$$00000002)
    __rt_entry_sh                            0x08000171   Thumb Code     0  __rtentry4.o(.ARM.Collect$$rtentry$$00000004)
    __rt_entry_li                            0x08000177   Thumb Code     0  __rtentry2.o(.ARM.Collect$$rtentry$$0000000A)
    __rt_entry_postsh_1                      0x08000177   Thumb Code     0  __rtentry2.o(.ARM.Collect$$rtentry$$00000009)
    __rt_entry_main                          0x0800017b   Thumb Code     0  __rtentry2.o(.ARM.Collect$$rtentry$$0000000D)
    __rt_entry_postli_1                      0x0800017b   Thumb Code     0  __rtentry2.o(.ARM.Collect$$rtentry$$0000000C)
    __rt_exit                                0x08000183   Thumb Code     0  rtexit.o(.ARM.Collect$$rtexit$$00000000)
    __rt_exit_ls                             0x08000185   Thumb Code     0  rtexit2.o(.ARM.Collect$$rtexit$$00000003)
    __rt_exit_prels_1                        0x08000185   Thumb Code     0  rtexit2.o(.ARM.Collect$$rtexit$$00000002)
    __rt_exit_exit                           0x08000189   Thumb Code     0  rtexit2.o(.ARM.Collect$$rtexit$$00000004)
    Reset_Handler                            0x08000191   Thumb Code     8  startup_stm32l053xx.o(.text)
    ADC1_COMP_IRQHandler                     0x080001a3   Thumb Code     0  startup_stm32l053xx.o(.text)
    DMA1_Channel1_IRQHandler                 0x080001a3   Thumb Code     0  startup_stm32l053xx.o(.text)
    DMA1_Channel2_3_IRQHandler               0x080001a3   Thumb Code     0  startup_stm32l053xx.o(.text)
    DMA1_Channel4_5_6_7_IRQHandler           0x080001a3   Thumb Code     0  startup_stm32l053xx.o(.text)
    EXTI0_1_IRQHandler                       0x080001a3   Thumb Code     0  startup_stm32l053xx.o(.text)
    EXTI2_3_IRQHandler                       0x080001a3   Thumb Code     0  startup_stm32l053xx.o(.text)
    EXTI4_15_IRQHandler                      0x080001a3   Thumb Code     0  startup_stm32l053xx.o(.text)
    FLASH_IRQHandler                         0x080001a3   Thumb Code     0  startup_stm32l053xx.o(.text)
    I2C1_IRQHandler                          0x080001a3   Thumb Code     0  startup_stm32l053xx.o(.text)
    I2C2_IRQHandler                          0x080001a3   Thumb Code     0  startup_stm32l053xx.o(.text)
    LCD_IRQHandler                           0x080001a3   Thumb Code     0  startup_stm32l053xx.o(.text)
    LPTIM1_IRQHandler                        0x080001a3   Thumb Code     0  startup_stm32l053xx.o(.text)
    PVD_IRQHandler                           0x080001a3   Thumb Code     0  startup_stm32l053xx.o(.text)
    RCC_CRS_IRQHandler                       0x080001a3   Thumb Code     0  startup_stm32l053xx.o(.text)
    RNG_LPUART1_IRQHandler                   0x080001a3   Thumb Code     0  startup_stm32l053xx.o(.text)
    RTC_IRQHandler                           0x080001a3   Thumb Code     0  startup_stm32l053xx.o(.text)
    SPI1_IRQHandler                          0x080001a3   Thumb Code     0  startup_stm32l053xx.o(.text)
    SPI2_IRQHandler                          0x080001a3   Thumb Code     0  startup_stm32l053xx.o(.text)
    TIM21_IRQHandler                         0x080001a3   Thumb Code     0  startup_stm32l053xx.o(.text)
    TIM22_IRQHandler                         0x080001a3   Thumb Code     0  startup_stm32l053xx.o(.text)
    TIM2_IRQHandler                          0x080001a3   Thumb Code     0  startup_stm32l053xx.o(.text)
    TSC_IRQHandler                           0x080001a3   Thumb Code     0  startup_stm32l053xx.o(.text)
    USART1_IRQHandler                        0x080001a3   Thumb Code     0  startup_stm32l053xx.o(.text)
    USART2_IRQHandler                        0x080001a3   Thumb Code     0  startup_stm32l053xx.o(.text)
    USB_IRQHandler                           0x080001a3   Thumb Code     0  startup_stm32l053xx.o(.text)
    WWDG_IRQHandler                          0x080001a3   Thumb Code     0  startup_stm32l053xx.o(.text)
    __user_initial_stackheap                 0x080001a5   Thumb Code     0  startup_stm32l053xx.o(.text)
    __2sprintf                               0x080001c9   Thumb Code    36  noretval__2sprintf.o(.text)
    _printf_pre_padding                      0x080001f1   Thumb Code    44  _printf_pad.o(.text)
    _printf_post_padding                     0x0800021d   Thumb Code    34  _printf_pad.o(.text)
    _printf_int_dec                          0x08000241   Thumb Code    90  _printf_dec.o(.text)
    __printf                                 0x080002ad   Thumb Code   270  __printf_wp.o(.text)
    _memset_w                                0x080003bb   Thumb Code    26  rt_memclr.o(.text)
    _memset                                  0x080003d5   Thumb Code    30  rt_memclr.o(.text)
    __aeabi_memclr                           0x080003f3   Thumb Code     4  rt_memclr.o(.text)
    __rt_memclr                              0x080003f3   Thumb Code     0  rt_memclr.o(.text)
    __aeabi_memclr4                          0x080003f7   Thumb Code     0  rt_memclr.o(.text)
    __aeabi_memclr8                          0x080003f7   Thumb Code     0  rt_memclr.o(.text)
    __rt_memclr_w                            0x080003f7   Thumb Code     4  rt_memclr.o(.text)
    __use_two_region_memory                  0x080003fb   Thumb Code     2  heapauxi.o(.text)
    __rt_heap_escrow$2region                 0x080003fd   Thumb Code     2  heapauxi.o(.text)
    __rt_heap_expand$2region                 0x080003ff   Thumb Code     2  heapauxi.o(.text)
    _printf_int_common                       0x08000401   Thumb Code   176  _printf_intcommon.o(.text)
    _printf_char_common                      0x080004bb   Thumb Code    32  _printf_char_common.o(.text)
    _sputc                                   0x080004e1   Thumb Code    10  _sputc.o(.text)
    __rt_udiv10                              0x080004eb   Thumb Code    40  rtudiv10.o(.text)
    __user_setup_stackheap                   0x08000513   Thumb Code    62  sys_stackheap_outer.o(.text)
    exit                                     0x08000551   Thumb Code    16  exit.o(.text)
    __user_libspace                          0x08000561   Thumb Code     8  libspace.o(.text)
    __user_perproc_libspace                  0x08000561   Thumb Code     0  libspace.o(.text)
    __user_perthread_libspace                0x08000561   Thumb Code     0  libspace.o(.text)
    _sys_exit                                0x08000569   Thumb Code     8  sys_exit.o(.text)
    __I$use$semihosting                      0x08000575   Thumb Code     0  use_no_semi.o(.text)
    __use_no_semihosting_swi                 0x08000575   Thumb Code     2  use_no_semi.o(.text)
    __semihosting_library_function           0x08000577   Thumb Code     0  indicate_semi.o(.text)
    HAL_Delay                                0x08000579   Thumb Code    32  stm32l0xx_hal.o(.text.HAL_Delay)
    HAL_GPIO_Init                            0x0800059d   Thumb Code   380  stm32l0xx_hal_gpio.o(.text.HAL_GPIO_Init)
    HAL_GPIO_WritePin                        0x08000725   Thumb Code    16  stm32l0xx_hal_gpio.o(.text.HAL_GPIO_WritePin)
    HAL_GetTick                              0x08000735   Thumb Code     8  stm32l0xx_hal.o(.text.HAL_GetTick)
    HAL_I2CEx_ConfigAnalogFilter             0x08000741   Thumb Code    66  stm32l0xx_hal_i2c_ex.o(.text.HAL_I2CEx_ConfigAnalogFilter)
    HAL_I2CEx_ConfigDigitalFilter            0x08000783   Thumb Code    66  stm32l0xx_hal_i2c_ex.o(.text.HAL_I2CEx_ConfigDigitalFilter)
    HAL_I2CEx_EnableFastModePlus             0x080007c5   Thumb Code    20  stm32l0xx_hal_i2c_ex.o(.text.HAL_I2CEx_EnableFastModePlus)
    HAL_I2C_Init                             0x080007e1   Thumb Code   160  stm32l0xx_hal_i2c.o(.text.HAL_I2C_Init)
    HAL_I2C_Mem_Write                        0x08000889   Thumb Code   524  stm32l0xx_hal_i2c.o(.text.HAL_I2C_Mem_Write)
    HAL_I2C_MspInit                          0x08000aad   Thumb Code   116  stm32l0xx_hal_msp.o(.text.HAL_I2C_MspInit)
    HAL_IncTick                              0x08000b31   Thumb Code    16  stm32l0xx_hal.o(.text.HAL_IncTick)
    HAL_Init                                 0x08000b45   Thumb Code    36  stm32l0xx_hal.o(.text.HAL_Init)
    HAL_InitTick                             0x08000b6d   Thumb Code    60  stm32l0xx_hal.o(.text.HAL_InitTick)
    HAL_MspInit                              0x08000bb1   Thumb Code    20  stm32l0xx_hal_msp.o(.text.HAL_MspInit)
    HAL_NVIC_EnableIRQ                       0x08000bc9   Thumb Code    20  stm32l0xx_hal_cortex.o(.text.HAL_NVIC_EnableIRQ)
    HAL_NVIC_SetPriority                     0x08000be1   Thumb Code    48  stm32l0xx_hal_cortex.o(.text.HAL_NVIC_SetPriority)
    HAL_RCCEx_PeriphCLKConfig                0x08000c19   Thumb Code   520  stm32l0xx_hal_rcc_ex.o(.text.HAL_RCCEx_PeriphCLKConfig)
    HAL_RCC_ClockConfig                      0x08000e29   Thumb Code   504  stm32l0xx_hal_rcc.o(.text.HAL_RCC_ClockConfig)
    HAL_RCC_OscConfig                        0x08001049   Thumb Code  1360  stm32l0xx_hal_rcc.o(.text.HAL_RCC_OscConfig)
    HAL_SYSTICK_Config                       0x080015c1   Thumb Code    40  stm32l0xx_hal_cortex.o(.text.HAL_SYSTICK_Config)
    HAL_TIMEx_MasterConfigSynchronization    0x080015f5   Thumb Code    76  stm32l0xx_hal_tim_ex.o(.text.HAL_TIMEx_MasterConfigSynchronization)
    HAL_TIM_Base_Init                        0x08001641   Thumb Code   144  stm32l0xx_hal_tim.o(.text.HAL_TIM_Base_Init)
    HAL_TIM_Base_MspInit                     0x080016d1   Thumb Code    60  stm32l0xx_hal_msp.o(.text.HAL_TIM_Base_MspInit)
    HAL_TIM_Base_Start_IT                    0x08001715   Thumb Code    68  stm32l0xx_hal_tim.o(.text.HAL_TIM_Base_Start_IT)
    HAL_TIM_ConfigClockSource                0x08001761   Thumb Code   344  stm32l0xx_hal_tim.o(.text.HAL_TIM_ConfigClockSource)
    HAL_TIM_IC_CaptureCallback               0x080018bd   Thumb Code     2  stm32l0xx_hal_tim.o(.text.HAL_TIM_IC_CaptureCallback)
    HAL_TIM_IRQHandler                       0x080018bf   Thumb Code   278  stm32l0xx_hal_tim.o(.text.HAL_TIM_IRQHandler)
    HAL_TIM_MspPostInit                      0x080019d5   Thumb Code    76  stm32l0xx_hal_msp.o(.text.HAL_TIM_MspPostInit)
    HAL_TIM_OC_DelayElapsedCallback          0x08001a2d   Thumb Code     2  stm32l0xx_hal_tim.o(.text.HAL_TIM_OC_DelayElapsedCallback)
    HAL_TIM_PWM_ConfigChannel                0x08001a31   Thumb Code   334  stm32l0xx_hal_tim.o(.text.HAL_TIM_PWM_ConfigChannel)
    HAL_TIM_PWM_Init                         0x08001b81   Thumb Code   144  stm32l0xx_hal_tim.o(.text.HAL_TIM_PWM_Init)
    HAL_TIM_PWM_MspInit                      0x08001c19   Thumb Code     2  stm32l0xx_hal_tim.o(.text.HAL_TIM_PWM_MspInit)
    HAL_TIM_PWM_PulseFinishedCallback        0x08001c1b   Thumb Code     2  stm32l0xx_hal_tim.o(.text.HAL_TIM_PWM_PulseFinishedCallback)
    HAL_TIM_PeriodElapsedCallback            0x08001c1d   Thumb Code    12  main.o(.text.HAL_TIM_PeriodElapsedCallback)
    HAL_TIM_TriggerCallback                  0x08001c2d   Thumb Code     2  stm32l0xx_hal_tim.o(.text.HAL_TIM_TriggerCallback)
    HardFault_Handler                        0x08001c2f   Thumb Code     2  stm32l0xx_it.o(.text.HardFault_Handler)
    NMI_Handler                              0x08001fad   Thumb Code     2  stm32l0xx_it.o(.text.NMI_Handler)
    PendSV_Handler                           0x08001faf   Thumb Code     2  stm32l0xx_it.o(.text.PendSV_Handler)
    SVC_Handler                              0x08001fb1   Thumb Code     2  stm32l0xx_it.o(.text.SVC_Handler)
    SysTick_Handler                          0x08001fb3   Thumb Code     8  stm32l0xx_it.o(.text.SysTick_Handler)
    SystemInit                               0x08001fbb   Thumb Code     2  system_stm32l0xx.o(.text.SystemInit)
    TIM6_DAC_IRQHandler                      0x08001fbd   Thumb Code    12  stm32l0xx_it.o(.text.TIM6_DAC_IRQHandler)
    main                                     0x08001fcd   Thumb Code  1224  main.o(.text.main)
    ssd1306_Init                             0x080024e9   Thumb Code   960  ssd1306.o(.text.ssd1306_Init)
    ssd1306_SetCursor                        0x080028a9   Thumb Code    12  ssd1306.o(.text.ssd1306_SetCursor)
    ssd1306_UpdateScreen                     0x080028b9   Thumb Code   140  ssd1306.o(.text.ssd1306_UpdateScreen)
    ssd1306_WriteChar                        0x08002949   Thumb Code   872  ssd1306.o(.text.ssd1306_WriteChar)
    ssd1306_WriteString                      0x08002cb9   Thumb Code    62  ssd1306.o(.text.ssd1306_WriteString)
    ws2812b_display_all_led_colors           0x08002cf9   Thumb Code   272  main.o(.text.ws2812b_display_all_led_colors)
    __aeabi_uidiv                            0x08002e0d   Thumb Code    68  aeabi_sdivfast.o(.text_divfast)
    __aeabi_idiv                             0x08002e51   Thumb Code   434  aeabi_sdivfast.o(.text_divfast)
    _is_digit                                0x08003003   Thumb Code    14  __printf_wp.o(i._is_digit)
    AHBPrescTable                            0x08003010   Data          16  system_stm32l0xx.o(.rodata.AHBPrescTable)
    PLLMulTable                              0x08005834   Data           9  system_stm32l0xx.o(.rodata.PLLMulTable)
    Region$$Table$$Base                      0x08005848   Number         0  anon$$obj.o(Region$$Table)
    Region$$Table$$Limit                     0x08005868   Number         0  anon$$obj.o(Region$$Table)
    uwTickFreq                               0x20000000   Data           1  stm32l0xx_hal.o(.data..L_MergedGlobals)
    uwTickPrio                               0x20000004   Data           4  stm32l0xx_hal.o(.data..L_MergedGlobals)
    Font_11x18                               0x20000008   Data           8  fonts.o(.data.Font_11x18)
    Font_16x26                               0x20000010   Data           8  fonts.o(.data.Font_16x26)
    Font_7x10                                0x20000018   Data           8  fonts.o(.data.Font_7x10)
    SystemCoreClock                          0x20000020   Data           4  system_stm32l0xx.o(.data.SystemCoreClock)
    __libspace_start                         0x20000028   Data          96  libspace.o(.bss)
    __temporary_stack_top$libspace           0x20000088   Data           0  libspace.o(.bss)
    led_colors_buff                          0x20000090   Data          12  main.o(.bss..L_MergedGlobals)
    OLED_buf                                 0x2000009c   Data          22  main.o(.bss..L_MergedGlobals)
    htim6                                    0x200000b4   Data          64  main.o(.bss..L_MergedGlobals)
    hi2c1                                    0x20000504   Data          84  main.o(.bss.hi2c1)
    hi2c2                                    0x20000558   Data          84  main.o(.bss.hi2c2)
    htim21                                   0x200005ac   Data          64  main.o(.bss.htim21)
    uwTick                                   0x200005ec   Data           4  stm32l0xx_hal.o(.bss.uwTick)



==============================================================================

Memory Map of the image

  Image Entry point : 0x080000c1

  Load Region LR_IROM1 (Base: 0x08000000, Size: 0x00005890, Max: 0x00010000, ABSOLUTE)

    Execution Region ER_IROM1 (Exec base: 0x08000000, Load base: 0x08000000, Size: 0x00005868, Max: 0x00010000, ABSOLUTE)

    Exec Addr    Load Addr    Size         Type   Attr      Idx    E Section Name        Object

    0x08000000   0x08000000   0x000000c0   Data   RO            3    RESET               startup_stm32l053xx.o
    0x080000c0   0x080000c0   0x00000008   Code   RO         1008  * !!!main             c_p.l(__main.o)
    0x080000c8   0x080000c8   0x00000054   Code   RO         1196    !!!scatter          c_p.l(__scatter.o)
    0x0800011c   0x0800011c   0x0000001a   Code   RO         1200    !!handler_copy      c_p.l(__scatter_copy.o)
    0x08000136   0x08000136   0x00000002   PAD
    0x08000138   0x08000138   0x00000002   Code   RO         1197    !!handler_null      c_p.l(__scatter.o)
    0x0800013a   0x0800013a   0x00000002   PAD
    0x0800013c   0x0800013c   0x0000001c   Code   RO         1202    !!handler_zi        c_p.l(__scatter_zi.o)
    0x08000158   0x08000158   0x00000002   Code   RO          993    .ARM.Collect$$_printf_percent$$00000000  c_p.l(_printf_percent.o)
    0x0800015a   0x0800015a   0x0000000a   Code   RO          992    .ARM.Collect$$_printf_percent$$00000009  c_p.l(_printf_d.o)
    0x08000164   0x08000164   0x00000004   Code   RO         1021    .ARM.Collect$$_printf_percent$$00000017  c_p.l(_printf_percent_end.o)
    0x08000168   0x08000168   0x00000002   Code   RO         1057    .ARM.Collect$$libinit$$00000000  c_p.l(libinit.o)
    0x0800016a   0x0800016a   0x00000000   Code   RO         1071    .ARM.Collect$$libinit$$00000002  c_p.l(libinit2.o)
    0x0800016a   0x0800016a   0x00000000   Code   RO         1073    .ARM.Collect$$libinit$$00000004  c_p.l(libinit2.o)
    0x0800016a   0x0800016a   0x00000000   Code   RO         1075    .ARM.Collect$$libinit$$00000006  c_p.l(libinit2.o)
    0x0800016a   0x0800016a   0x00000000   Code   RO         1078    .ARM.Collect$$libinit$$0000000C  c_p.l(libinit2.o)
    0x0800016a   0x0800016a   0x00000000   Code   RO         1080    .ARM.Collect$$libinit$$0000000E  c_p.l(libinit2.o)
    0x0800016a   0x0800016a   0x00000000   Code   RO         1082    .ARM.Collect$$libinit$$00000010  c_p.l(libinit2.o)
    0x0800016a   0x0800016a   0x00000000   Code   RO         1085    .ARM.Collect$$libinit$$00000013  c_p.l(libinit2.o)
    0x0800016a   0x0800016a   0x00000000   Code   RO         1087    .ARM.Collect$$libinit$$00000015  c_p.l(libinit2.o)
    0x0800016a   0x0800016a   0x00000000   Code   RO         1089    .ARM.Collect$$libinit$$00000017  c_p.l(libinit2.o)
    0x0800016a   0x0800016a   0x00000000   Code   RO         1091    .ARM.Collect$$libinit$$00000019  c_p.l(libinit2.o)
    0x0800016a   0x0800016a   0x00000000   Code   RO         1093    .ARM.Collect$$libinit$$0000001B  c_p.l(libinit2.o)
    0x0800016a   0x0800016a   0x00000000   Code   RO         1095    .ARM.Collect$$libinit$$0000001D  c_p.l(libinit2.o)
    0x0800016a   0x0800016a   0x00000000   Code   RO         1097    .ARM.Collect$$libinit$$0000001F  c_p.l(libinit2.o)
    0x0800016a   0x0800016a   0x00000000   Code   RO         1099    .ARM.Collect$$libinit$$00000021  c_p.l(libinit2.o)
    0x0800016a   0x0800016a   0x00000000   Code   RO         1101    .ARM.Collect$$libinit$$00000023  c_p.l(libinit2.o)
    0x0800016a   0x0800016a   0x00000000   Code   RO         1103    .ARM.Collect$$libinit$$00000025  c_p.l(libinit2.o)
    0x0800016a   0x0800016a   0x00000000   Code   RO         1105    .ARM.Collect$$libinit$$00000027  c_p.l(libinit2.o)
    0x0800016a   0x0800016a   0x00000000   Code   RO         1109    .ARM.Collect$$libinit$$0000002E  c_p.l(libinit2.o)
    0x0800016a   0x0800016a   0x00000000   Code   RO         1111    .ARM.Collect$$libinit$$00000030  c_p.l(libinit2.o)
    0x0800016a   0x0800016a   0x00000000   Code   RO         1113    .ARM.Collect$$libinit$$00000032  c_p.l(libinit2.o)
    0x0800016a   0x0800016a   0x00000000   Code   RO         1115    .ARM.Collect$$libinit$$00000034  c_p.l(libinit2.o)
    0x0800016a   0x0800016a   0x00000002   Code   RO         1116    .ARM.Collect$$libinit$$00000035  c_p.l(libinit2.o)
    0x0800016c   0x0800016c   0x00000002   Code   RO         1151    .ARM.Collect$$libshutdown$$00000000  c_p.l(libshutdown.o)
    0x0800016e   0x0800016e   0x00000000   Code   RO         1179    .ARM.Collect$$libshutdown$$00000002  c_p.l(libshutdown2.o)
    0x0800016e   0x0800016e   0x00000000   Code   RO         1181    .ARM.Collect$$libshutdown$$00000004  c_p.l(libshutdown2.o)
    0x0800016e   0x0800016e   0x00000000   Code   RO         1184    .ARM.Collect$$libshutdown$$00000007  c_p.l(libshutdown2.o)
    0x0800016e   0x0800016e   0x00000000   Code   RO         1187    .ARM.Collect$$libshutdown$$0000000A  c_p.l(libshutdown2.o)
    0x0800016e   0x0800016e   0x00000000   Code   RO         1189    .ARM.Collect$$libshutdown$$0000000C  c_p.l(libshutdown2.o)
    0x0800016e   0x0800016e   0x00000000   Code   RO         1192    .ARM.Collect$$libshutdown$$0000000F  c_p.l(libshutdown2.o)
    0x0800016e   0x0800016e   0x00000002   Code   RO         1193    .ARM.Collect$$libshutdown$$00000010  c_p.l(libshutdown2.o)
    0x08000170   0x08000170   0x00000000   Code   RO         1010    .ARM.Collect$$rtentry$$00000000  c_p.l(__rtentry.o)
    0x08000170   0x08000170   0x00000000   Code   RO         1025    .ARM.Collect$$rtentry$$00000002  c_p.l(__rtentry2.o)
    0x08000170   0x08000170   0x00000006   Code   RO         1037    .ARM.Collect$$rtentry$$00000004  c_p.l(__rtentry4.o)
    0x08000176   0x08000176   0x00000000   Code   RO         1027    .ARM.Collect$$rtentry$$00000009  c_p.l(__rtentry2.o)
    0x08000176   0x08000176   0x00000004   Code   RO         1028    .ARM.Collect$$rtentry$$0000000A  c_p.l(__rtentry2.o)
    0x0800017a   0x0800017a   0x00000000   Code   RO         1030    .ARM.Collect$$rtentry$$0000000C  c_p.l(__rtentry2.o)
    0x0800017a   0x0800017a   0x00000008   Code   RO         1031    .ARM.Collect$$rtentry$$0000000D  c_p.l(__rtentry2.o)
    0x08000182   0x08000182   0x00000002   Code   RO         1062    .ARM.Collect$$rtexit$$00000000  c_p.l(rtexit.o)
    0x08000184   0x08000184   0x00000000   Code   RO         1122    .ARM.Collect$$rtexit$$00000002  c_p.l(rtexit2.o)
    0x08000184   0x08000184   0x00000004   Code   RO         1123    .ARM.Collect$$rtexit$$00000003  c_p.l(rtexit2.o)
    0x08000188   0x08000188   0x00000006   Code   RO         1124    .ARM.Collect$$rtexit$$00000004  c_p.l(rtexit2.o)
    0x0800018e   0x0800018e   0x00000002   PAD
    0x08000190   0x08000190   0x00000038   Code   RO            4    .text               startup_stm32l053xx.o
    0x080001c8   0x080001c8   0x00000028   Code   RO          964    .text               c_p.l(noretval__2sprintf.o)
    0x080001f0   0x080001f0   0x0000004e   Code   RO          968    .text               c_p.l(_printf_pad.o)
    0x0800023e   0x0800023e   0x00000002   PAD
    0x08000240   0x08000240   0x0000006c   Code   RO          970    .text               c_p.l(_printf_dec.o)
    0x080002ac   0x080002ac   0x0000010e   Code   RO          980    .text               c_p.l(__printf_wp.o)
    0x080003ba   0x080003ba   0x00000040   Code   RO          996    .text               c_p.l(rt_memclr.o)
    0x080003fa   0x080003fa   0x00000006   Code   RO         1006    .text               c_p.l(heapauxi.o)
    0x08000400   0x08000400   0x000000b0   Code   RO         1015    .text               c_p.l(_printf_intcommon.o)
    0x080004b0   0x080004b0   0x00000030   Code   RO         1017    .text               c_p.l(_printf_char_common.o)
    0x080004e0   0x080004e0   0x0000000a   Code   RO         1019    .text               c_p.l(_sputc.o)
    0x080004ea   0x080004ea   0x00000028   Code   RO         1022    .text               c_p.l(rtudiv10.o)
    0x08000512   0x08000512   0x0000003e   Code   RO         1043    .text               c_p.l(sys_stackheap_outer.o)
    0x08000550   0x08000550   0x00000010   Code   RO         1046    .text               c_p.l(exit.o)
    0x08000560   0x08000560   0x00000008   Code   RO         1058    .text               c_p.l(libspace.o)
    0x08000568   0x08000568   0x0000000c   Code   RO         1117    .text               c_p.l(sys_exit.o)
    0x08000574   0x08000574   0x00000002   Code   RO         1140    .text               c_p.l(use_no_semi.o)
    0x08000576   0x08000576   0x00000000   Code   RO         1142    .text               c_p.l(indicate_semi.o)
    0x08000576   0x08000576   0x00000002   PAD
    0x08000578   0x08000578   0x00000024   Code   RO          307    .text.HAL_Delay     stm32l0xx_hal.o
    0x0800059c   0x0800059c   0x00000188   Code   RO          530    .text.HAL_GPIO_Init  stm32l0xx_hal_gpio.o
    0x08000724   0x08000724   0x00000010   Code   RO          536    .text.HAL_GPIO_WritePin  stm32l0xx_hal_gpio.o
    0x08000734   0x08000734   0x0000000c   Code   RO          299    .text.HAL_GetTick   stm32l0xx_hal.o
    0x08000740   0x08000740   0x00000042   Code   RO          267    .text.HAL_I2CEx_ConfigAnalogFilter  stm32l0xx_hal_i2c_ex.o
    0x08000782   0x08000782   0x00000042   Code   RO          269    .text.HAL_I2CEx_ConfigDigitalFilter  stm32l0xx_hal_i2c_ex.o
    0x080007c4   0x080007c4   0x0000001c   Code   RO          275    .text.HAL_I2CEx_EnableFastModePlus  stm32l0xx_hal_i2c_ex.o
    0x080007e0   0x080007e0   0x000000a8   Code   RO          113    .text.HAL_I2C_Init  stm32l0xx_hal_i2c.o
    0x08000888   0x08000888   0x00000224   Code   RO          173    .text.HAL_I2C_Mem_Write  stm32l0xx_hal_i2c.o
    0x08000aac   0x08000aac   0x00000084   Code   RO           95    .text.HAL_I2C_MspInit  stm32l0xx_hal_msp.o
    0x08000b30   0x08000b30   0x00000014   Code   RO          297    .text.HAL_IncTick   stm32l0xx_hal.o
    0x08000b44   0x08000b44   0x00000028   Code   RO          287    .text.HAL_Init      stm32l0xx_hal.o
    0x08000b6c   0x08000b6c   0x00000044   Code   RO          289    .text.HAL_InitTick  stm32l0xx_hal.o
    0x08000bb0   0x08000bb0   0x00000018   Code   RO           93    .text.HAL_MspInit   stm32l0xx_hal_msp.o
    0x08000bc8   0x08000bc8   0x00000018   Code   RO          652    .text.HAL_NVIC_EnableIRQ  stm32l0xx_hal_cortex.o
    0x08000be0   0x08000be0   0x00000038   Code   RO          650    .text.HAL_NVIC_SetPriority  stm32l0xx_hal_cortex.o
    0x08000c18   0x08000c18   0x00000210   Code   RO          393    .text.HAL_RCCEx_PeriphCLKConfig  stm32l0xx_hal_rcc_ex.o
    0x08000e28   0x08000e28   0x00000220   Code   RO          365    .text.HAL_RCC_ClockConfig  stm32l0xx_hal_rcc.o
    0x08001048   0x08001048   0x00000578   Code   RO          361    .text.HAL_RCC_OscConfig  stm32l0xx_hal_rcc.o
    0x080015c0   0x080015c0   0x00000034   Code   RO          658    .text.HAL_SYSTICK_Config  stm32l0xx_hal_cortex.o
    0x080015f4   0x080015f4   0x0000004c   Code   RO          933    .text.HAL_TIMEx_MasterConfigSynchronization  stm32l0xx_hal_tim_ex.o
    0x08001640   0x08001640   0x00000090   Code   RO          714    .text.HAL_TIM_Base_Init  stm32l0xx_hal_tim.o
    0x080016d0   0x080016d0   0x00000044   Code   RO           99    .text.HAL_TIM_Base_MspInit  stm32l0xx_hal_msp.o
    0x08001714   0x08001714   0x0000004c   Code   RO          726    .text.HAL_TIM_Base_Start_IT  stm32l0xx_hal_tim.o
    0x08001760   0x08001760   0x0000015c   Code   RO          884    .text.HAL_TIM_ConfigClockSource  stm32l0xx_hal_tim.o
    0x080018bc   0x080018bc   0x00000002   Code   RO          846    .text.HAL_TIM_IC_CaptureCallback  stm32l0xx_hal_tim.o
    0x080018be   0x080018be   0x00000116   Code   RO          844    .text.HAL_TIM_IRQHandler  stm32l0xx_hal_tim.o
    0x080019d4   0x080019d4   0x00000058   Code   RO          101    .text.HAL_TIM_MspPostInit  stm32l0xx_hal_msp.o
    0x08001a2c   0x08001a2c   0x00000002   Code   RO          848    .text.HAL_TIM_OC_DelayElapsedCallback  stm32l0xx_hal_tim.o
    0x08001a2e   0x08001a2e   0x00000002   PAD
    0x08001a30   0x08001a30   0x0000014e   Code   RO          860    .text.HAL_TIM_PWM_ConfigChannel  stm32l0xx_hal_tim.o
    0x08001b7e   0x08001b7e   0x00000002   PAD
    0x08001b80   0x08001b80   0x00000098   Code   RO          764    .text.HAL_TIM_PWM_Init  stm32l0xx_hal_tim.o
    0x08001c18   0x08001c18   0x00000002   Code   RO          766    .text.HAL_TIM_PWM_MspInit  stm32l0xx_hal_tim.o
    0x08001c1a   0x08001c1a   0x00000002   Code   RO          850    .text.HAL_TIM_PWM_PulseFinishedCallback  stm32l0xx_hal_tim.o
    0x08001c1c   0x08001c1c   0x00000010   Code   RO           54    .text.HAL_TIM_PeriodElapsedCallback  main.o
    0x08001c2c   0x08001c2c   0x00000002   Code   RO          854    .text.HAL_TIM_TriggerCallback  stm32l0xx_hal_tim.o
    0x08001c2e   0x08001c2e   0x00000002   Code   RO           76    .text.HardFault_Handler  stm32l0xx_it.o
    0x08001c30   0x08001c30   0x0000017c   Code   RO          257    .text.I2C_IsErrorOccurred  stm32l0xx_hal_i2c.o
    0x08001dac   0x08001dac   0x000000d4   Code   RO          123    .text.I2C_WaitOnFlagUntilTimeout  stm32l0xx_hal_i2c.o
    0x08001e80   0x08001e80   0x00000086   Code   RO          127    .text.I2C_WaitOnSTOPFlagUntilTimeout  stm32l0xx_hal_i2c.o
    0x08001f06   0x08001f06   0x000000a6   Code   RO          125    .text.I2C_WaitOnTXISFlagUntilTimeout  stm32l0xx_hal_i2c.o
    0x08001fac   0x08001fac   0x00000002   Code   RO           74    .text.NMI_Handler   stm32l0xx_it.o
    0x08001fae   0x08001fae   0x00000002   Code   RO           80    .text.PendSV_Handler  stm32l0xx_it.o
    0x08001fb0   0x08001fb0   0x00000002   Code   RO           78    .text.SVC_Handler   stm32l0xx_it.o
    0x08001fb2   0x08001fb2   0x00000008   Code   RO           82    .text.SysTick_Handler  stm32l0xx_it.o
    0x08001fba   0x08001fba   0x00000002   Code   RO          945    .text.SystemInit    system_stm32l0xx.o
    0x08001fbc   0x08001fbc   0x00000010   Code   RO           84    .text.TIM6_DAC_IRQHandler  stm32l0xx_it.o
    0x08001fcc   0x08001fcc   0x0000051c   Code   RO           48    .text.main          main.o
    0x080024e8   0x080024e8   0x000003c0   Code   RO           22    .text.ssd1306_Init  ssd1306.o
    0x080028a8   0x080028a8   0x00000010   Code   RO           36    .text.ssd1306_SetCursor  ssd1306.o
    0x080028b8   0x080028b8   0x00000090   Code   RO           26    .text.ssd1306_UpdateScreen  ssd1306.o
    0x08002948   0x08002948   0x00000370   Code   RO           30    .text.ssd1306_WriteChar  ssd1306.o
    0x08002cb8   0x08002cb8   0x0000003e   Code   RO           32    .text.ssd1306_WriteString  ssd1306.o
    0x08002cf6   0x08002cf6   0x00000002   PAD
    0x08002cf8   0x08002cf8   0x00000114   Code   RO           56    .text.ws2812b_display_all_led_colors  main.o
    0x08002e0c   0x08002e0c   0x000001f6   Code   RO          999    .text_divfast       c_p.l(aeabi_sdivfast.o)
    0x08003002   0x08003002   0x0000000e   Code   RO          982    i._is_digit         c_p.l(__printf_wp.o)
    0x08003010   0x08003010   0x00000010   Data   RO          950    .rodata.AHBPrescTable  system_stm32l0xx.o
    0x08003020   0x08003020   0x00000d5c   Data   RO           15    .rodata.Font11x18   fonts.o
    0x08003d7c   0x08003d7c   0x0000134c   Data   RO           16    .rodata.Font16x26   fonts.o
    0x080050c8   0x080050c8   0x0000076c   Data   RO           11    .rodata.Font7x10    fonts.o
    0x08005834   0x08005834   0x00000009   Data   RO          952    .rodata.PLLMulTable  system_stm32l0xx.o
    0x0800583d   0x0800583d   0x00000008   Data   RO           61    .rodata.str1.1      main.o
    0x08005845   0x08005845   0x00000003   PAD
    0x08005848   0x08005848   0x00000020   Data   RO         1195    Region$$Table       anon$$obj.o


    Execution Region RW_IRAM1 (Exec base: 0x20000000, Load base: 0x08005868, Size: 0x00000bf0, Max: 0x00002000, ABSOLUTE)

    Exec Addr    Load Addr    Size         Type   Attr      Idx    E Section Name        Object

    0x20000000   0x08005868   0x00000008   Data   RW          350    .data..L_MergedGlobals  stm32l0xx_hal.o
    0x20000008   0x08005870   0x00000008   Data   RW           13    .data.Font_11x18    fonts.o
    0x20000010   0x08005878   0x00000008   Data   RW           14    .data.Font_16x26    fonts.o
    0x20000018   0x08005880   0x00000008   Data   RW           12    .data.Font_7x10     fonts.o
    0x20000020   0x08005888   0x00000004   Data   RW          949    .data.SystemCoreClock  system_stm32l0xx.o
    0x20000024   0x0800588c   0x00000004   PAD
    0x20000028        -       0x00000060   Zero   RW         1059    .bss                c_p.l(libspace.o)
    0x20000088        -       0x00000006   Zero   RW           39    .bss..L_MergedGlobals  ssd1306.o
    0x2000008e   0x0800588c   0x00000002   PAD
    0x20000090        -       0x00000064   Zero   RW           65    .bss..L_MergedGlobals  main.o
    0x200000f4        -       0x00000410   Zero   RW           38    .bss.SSD1306_Buffer  ssd1306.o
    0x20000504        -       0x00000054   Zero   RW           62    .bss.hi2c1          main.o
    0x20000558        -       0x00000054   Zero   RW           60    .bss.hi2c2          main.o
    0x200005ac        -       0x00000040   Zero   RW           63    .bss.htim21         main.o
    0x200005ec        -       0x00000004   Zero   RW          349    .bss.uwTick         stm32l0xx_hal.o
    0x200005f0        -       0x00000400   Zero   RW            2    HEAP                startup_stm32l053xx.o
    0x200009f0        -       0x00000200   Zero   RW            1    STACK               startup_stm32l053xx.o


==============================================================================

Image component sizes


      Code (inc. data)   RO Data    RW Data    ZI Data      Debug   Object Name

         0          0      10260         24          0        935   fonts.o
      1600        112          8          0        332      14000   main.o
      2062         16          0          0       1046      11379   ssd1306.o
        56         26        192          0       1536        672   startup_stm32l053xx.o
       176         24          0          8          4       6787   stm32l0xx_hal.o
       132         24          0          0          0       6617   stm32l0xx_hal_cortex.o
       408         12          0          0          0       5120   stm32l0xx_hal_gpio.o
      1608         36          0          0          0      64638   stm32l0xx_hal_i2c.o
       160          8          0          0          0       5488   stm32l0xx_hal_i2c_ex.o
       312         40          0          0          0       7975   stm32l0xx_hal_msp.o
      1944         96          0          0          0       9838   stm32l0xx_hal_rcc.o
       528          8          0          0          0       8586   stm32l0xx_hal_rcc_ex.o
      1342         24          0          0          0      55842   stm32l0xx_hal_tim.o
        76          0          0          0          0       4469   stm32l0xx_hal_tim_ex.o
        32          4          0          0          0       1720   stm32l0xx_it.o
         2          0         25          4          0       2159   system_stm32l0xx.o

    ----------------------------------------------------------------------
     10444        430      10520         36       2924     206225   Object Totals
         0          0         32          0          0          0   (incl. Generated)
         6          0          3          0          6          0   (incl. Padding)

    ----------------------------------------------------------------------

      Code (inc. data)   RO Data    RW Data    ZI Data      Debug   Library Member Name

         8          0          0          0          0         68   __main.o
       284          0          0          0          0        136   __printf_wp.o
         0          0          0          0          0          0   __rtentry.o
        12          0          0          0          0          0   __rtentry2.o
         6          0          0          0          0          0   __rtentry4.o
        86         10          0          0          0          0   __scatter.o
        26          0          0          0          0          0   __scatter_copy.o
        28          0          0          0          0          0   __scatter_zi.o
        48          6          0          0          0         88   _printf_char_common.o
        10          0          0          0          0          0   _printf_d.o
       108         18          0          0          0         76   _printf_dec.o
       176          0          0          0          0         84   _printf_intcommon.o
        78          0          0          0          0        100   _printf_pad.o
         2          0          0          0          0          0   _printf_percent.o
         4          0          0          0          0          0   _printf_percent_end.o
        10          0          0          0          0         60   _sputc.o
       502          0          0          0          0         92   aeabi_sdivfast.o
        16          0          0          0          0         68   exit.o
         6          0          0          0          0        136   heapauxi.o
         0          0          0          0          0          0   indicate_semi.o
         2          0          0          0          0          0   libinit.o
         2          0          0          0          0          0   libinit2.o
         2          0          0          0          0          0   libshutdown.o
         2          0          0          0          0          0   libshutdown2.o
         8          4          0          0         96         68   libspace.o
        40          4          0          0          0         84   noretval__2sprintf.o
        64          0          0          0          0        108   rt_memclr.o
         2          0          0          0          0          0   rtexit.o
        10          0          0          0          0          0   rtexit2.o
        40          0          0          0          0         60   rtudiv10.o
        12          4          0          0          0         60   sys_exit.o
        62          0          0          0          0         80   sys_stackheap_outer.o
         2          0          0          0          0         68   use_no_semi.o

    ----------------------------------------------------------------------
      1668         46          0          0         96       1436   Library Totals
        10          0          0          0          0          0   (incl. Padding)

    ----------------------------------------------------------------------

      Code (inc. data)   RO Data    RW Data    ZI Data      Debug   Library Name

      1658         46          0          0         96       1436   c_p.l

    ----------------------------------------------------------------------
      1668         46          0          0         96       1436   Library Totals

    ----------------------------------------------------------------------

==============================================================================


      Code (inc. data)   RO Data    RW Data    ZI Data      Debug   

     12112        476      10520         36       3020     206885   Grand Totals
     12112        476      10520         36       3020     206885   ELF Image Totals
     12112        476      10520         36          0          0   ROM Totals

==============================================================================

    Total RO  Size (Code + RO Data)                22632 (  22.10kB)
    Total RW  Size (RW Data + ZI Data)              3056 (   2.98kB)
    Total ROM Size (Code + RO Data + RW Data)      22668 (  22.14kB)

==============================================================================

